18:50:50 **** Build of configuration Debug for project blinky ****
make -r -j4 all 
Building file: ../src/Clase3-Practico.c
Building file: ../src/blinky.c
Invoking: MCU C Compiler
Building file: ../src/cr_startup_lpc175x_6x.c
arm-none-eabi-gcc -DDEBUG -D__CODE_RED -DCORE_M3 -D__USE_CMSIS=CMSISv2p00_LPC17xx -D__LPC17XX__ -D__REDLIB__ -I"C:\Users\Luis Lenta\Documents\MCUXpressoIDE_11.0.0_2516\workspace\CMSISv2p00_LPC17xx\Drivers\inc" -I"C:\Users\Luis Lenta\Documents\MCUXpressoIDE_11.0.0_2516\workspace\CMSISv2p00_LPC17xx\inc" -O0 -fno-common -g3 -Wall -c -fmessage-length=0 -fno-builtin -ffunction-sections -fdata-sections -mcpu=cortex-m3 -mthumb -fstack-usage -specs=redlib.specs -MMD -MP -MF"src/Clase3-Practico.d" -MT"src/Clase3-Practico.o" -MT"src/Clase3-Practico.d" -o "src/Clase3-Practico.o" "../src/Clase3-Practico.c"
Invoking: MCU C Compiler
arm-none-eabi-gcc -DDEBUG -D__CODE_RED -DCORE_M3 -D__USE_CMSIS=CMSISv2p00_LPC17xx -D__LPC17XX__ -D__REDLIB__ -I"C:\Users\Luis Lenta\Documents\MCUXpressoIDE_11.0.0_2516\workspace\CMSISv2p00_LPC17xx\Drivers\inc" -I"C:\Users\Luis Lenta\Documents\MCUXpressoIDE_11.0.0_2516\workspace\CMSISv2p00_LPC17xx\inc" -O0 -fno-common -g3 -Wall -c -fmessage-length=0 -fno-builtin -ffunction-sections -fdata-sections -mcpu=cortex-m3 -mthumb -fstack-usage -specs=redlib.specs -MMD -MP -MF"src/blinky.d" -MT"src/blinky.o" -MT"src/blinky.d" -o "src/blinky.o" "../src/blinky.c"
Invoking: MCU C Compiler
arm-none-eabi-gcc -DDEBUG -D__CODE_RED -DCORE_M3 -D__USE_CMSIS=CMSISv2p00_LPC17xx -D__LPC17XX__ -D__REDLIB__ -I"C:\Users\Luis Lenta\Documents\MCUXpressoIDE_11.0.0_2516\workspace\CMSISv2p00_LPC17xx\Drivers\inc" -I"C:\Users\Luis Lenta\Documents\MCUXpressoIDE_11.0.0_2516\workspace\CMSISv2p00_LPC17xx\inc" -O0 -fno-common -g3 -Wall -c -fmessage-length=0 -fno-builtin -ffunction-sections -fdata-sections -mcpu=cortex-m3 -mthumb -fstack-usage -specs=redlib.specs -MMD -MP -MF"src/cr_startup_lpc175x_6x.d" -MT"src/cr_startup_lpc175x_6x.o" -MT"src/cr_startup_lpc175x_6x.d" -o "src/cr_startup_lpc175x_6x.o" "../src/cr_startup_lpc175x_6x.c"
../src/Clase3-Practico.c:23:2: warning: "/*" within comment [-Wcomment]
  /**
   
../src/Clase3-Practico.c:30:2: warning: "/*" within comment [-Wcomment]
  /**
   
Building file: ../src/crp.c
../src/blinky.c: In function 'main':
../src/blinky.c:57:12: warning: variable 'verClk' set but not used [-Wunused-but-set-variable]
   uint32_t verClk;
            ^~~~~~
../src/blinky.c: In function 'retardo':
../src/blinky.c:82:18: warning: variable 'ver' set but not used [-Wunused-but-set-variable]
  uint32_t conta, ver; //declara variable entera conta y ver.
                  ^~~
Invoking: MCU C Compiler
arm-none-eabi-gcc -DDEBUG -D__CODE_RED -DCORE_M3 -D__USE_CMSIS=CMSISv2p00_LPC17xx -D__LPC17XX__ -D__REDLIB__ -I"C:\Users\Luis Lenta\Documents\MCUXpressoIDE_11.0.0_2516\workspace\CMSISv2p00_LPC17xx\Drivers\inc" -I"C:\Users\Luis Lenta\Documents\MCUXpressoIDE_11.0.0_2516\workspace\CMSISv2p00_LPC17xx\inc" -O0 -fno-common -g3 -Wall -c -fmessage-length=0 -fno-builtin -ffunction-sections -fdata-sections -mcpu=cortex-m3 -mthumb -fstack-usage -specs=redlib.specs -MMD -MP -MF"src/crp.d" -MT"src/crp.o" -MT"src/crp.d" -o "src/crp.o" "../src/crp.c"
Finished building: ../src/Clase3-Practico.c
Finished building: ../src/cr_startup_lpc175x_6x.c
Finished building: ../src/blinky.c
 
 
 
Finished building: ../src/crp.c
 
Building target: blinky.axf
Invoking: MCU Linker
arm-none-eabi-gcc -nostdlib -L"C:\Users\Luis Lenta\Documents\MCUXpressoIDE_11.0.0_2516\workspace\CMSISv2p00_LPC17xx\Debug\Drivers\src" -L"C:\Users\Luis Lenta\Documents\MCUXpressoIDE_11.0.0_2516\workspace\CMSISv2p00_LPC17xx\Debug" -Xlinker -Map="blinky.map" -Xlinker --cref -Xlinker --gc-sections -Xlinker -print-memory-usage -mcpu=cortex-m3 -mthumb -T "blinky_Debug.ld" -o "blinky.axf"  ./src/Clase3-Practico.o ./src/blinky.o ./src/cr_startup_lpc175x_6x.o ./src/crp.o   -lCMSISv2p00_LPC17xx
Memory region         Used Size  Region Size  %age Used
       MFlash512:        1468 B       512 KB      0.28%
        RamLoc32:           4 B        32 KB      0.01%
        RamAHB32:          0 GB        32 KB      0.00%
Finished building target: blinky.axf
 
make --no-print-directory post-build
Performing post-build steps
arm-none-eabi-size "blinky.axf"; # arm-none-eabi-objcopy -v -O binary "blinky.axf" "blinky.bin" ; # checksum -p LPC1769 -d "blinky.bin";
   text	   data	    bss	    dec	    hex	filename
   1468	      0	      4	   1472	    5c0	blinky.axf
 

18:50:53 Build Finished. 0 errors, 4 warnings. (took 2s.374ms)

