17:36:07 **** Incremental Build of configuration Debug for project PracticoClase5_Timer ****
make -r -j4 all 
Building target: PracticoClase5_Timer.axf
Invoking: MCU Linker
arm-none-eabi-gcc -nostdlib -L"C:\Users\Luis Lenta\Documents\MCUXpressoIDE_11.0.0_2516\workspace\CMSISv2p00_LPC17xx\Debug\Drivers\src" -L"C:\Users\Luis Lenta\Documents\MCUXpressoIDE_11.0.0_2516\workspace\CMSISv2p00_LPC17xx\Debug" -Xlinker -Map="PracticoClase5_Timer.map" -Xlinker --cref -Xlinker --gc-sections -Xlinker -print-memory-usage -mcpu=cortex-m3 -mthumb -T "PracticoClase5_Timer_Debug.ld" -o "PracticoClase5_Timer.axf"  ./src/cr_startup_lpc175x_6x.o ./src/crp.o ./src/main.o   -lCMSISv2p00_LPC17xx
c:/nxp/mcuxpressoide_11.0.0_2516/ide/plugins/com.nxp.mcuxpresso.tools.win32_11.0.0.201905131304/tools/bin/../lib/gcc/arm-none-eabi/8.2.1/../../../../arm-none-eabi/bin/ld.exe: cannot find -lCMSISv2p00_LPC17xx
collect2.exe: error: ld returned 1 exit status
make: *** [makefile:32: PracticoClase5_Timer.axf] Error 1
"make -r -j4 all" terminated with exit code 2. Build might be incomplete.
17:38:37 **** Clean-only build of configuration Debug for project PracticoClase5_Timer ****
make -r -j4 clean 
rm -rf  ./src/cr_startup_lpc175x_6x.o ./src/crp.o ./src/main.o  ./src/cr_startup_lpc175x_6x.d ./src/crp.d ./src/main.d  PracticoClase5_Timer.axf
 
17:38:40 **** Clean-only build of configuration Debug for project PracticoClase5_Timer ****
make -r -j4 clean 
rm -rf  ./src/cr_startup_lpc175x_6x.o ./src/crp.o ./src/main.o  ./src/cr_startup_lpc175x_6x.d ./src/crp.d ./src/main.d  PracticoClase5_Timer.axf
 
17:38:42 **** Build of configuration Debug for project PracticoClase5_Timer ****
make -r -j4 all 
Building file: ../src/cr_startup_lpc175x_6x.c
Building file: ../src/crp.c
Invoking: MCU C Compiler
arm-none-eabi-gcc -DDEBUG -D__CODE_RED -DCORE_M3 -D__LPC17XX__ -D__REDLIB__ -I"C:\Users\Luis Lenta\Documents\MCUXpressoIDE_11.0.0_2516\workspace\CMSISv2p00_LPC17xx\Drivers\inc" -I"C:\Users\Luis Lenta\Documents\MCUXpressoIDE_11.0.0_2516\workspace\CMSISv2p00_LPC17xx\inc" -O0 -fno-common -g3 -Wall -c -fmessage-length=0 -fno-builtin -ffunction-sections -fdata-sections -mcpu=cortex-m3 -mthumb -fstack-usage -specs=redlib.specs -MMD -MP -MF"src/cr_startup_lpc175x_6x.d" -MT"src/cr_startup_lpc175x_6x.o" -MT"src/cr_startup_lpc175x_6x.d" -o "src/cr_startup_lpc175x_6x.o" "../src/cr_startup_lpc175x_6x.c"
Invoking: MCU C Compiler
arm-none-eabi-gcc -DDEBUG -D__CODE_RED -DCORE_M3 -D__LPC17XX__ -D__REDLIB__ -I"C:\Users\Luis Lenta\Documents\MCUXpressoIDE_11.0.0_2516\workspace\CMSISv2p00_LPC17xx\Drivers\inc" -I"C:\Users\Luis Lenta\Documents\MCUXpressoIDE_11.0.0_2516\workspace\CMSISv2p00_LPC17xx\inc" -O0 -fno-common -g3 -Wall -c -fmessage-length=0 -fno-builtin -ffunction-sections -fdata-sections -mcpu=cortex-m3 -mthumb -fstack-usage -specs=redlib.specs -MMD -MP -MF"src/crp.d" -MT"src/crp.o" -MT"src/crp.d" -o "src/crp.o" "../src/crp.c"
Building file: ../src/main.c
Invoking: MCU C Compiler
arm-none-eabi-gcc -DDEBUG -D__CODE_RED -DCORE_M3 -D__LPC17XX__ -D__REDLIB__ -I"C:\Users\Luis Lenta\Documents\MCUXpressoIDE_11.0.0_2516\workspace\CMSISv2p00_LPC17xx\Drivers\inc" -I"C:\Users\Luis Lenta\Documents\MCUXpressoIDE_11.0.0_2516\workspace\CMSISv2p00_LPC17xx\inc" -O0 -fno-common -g3 -Wall -c -fmessage-length=0 -fno-builtin -ffunction-sections -fdata-sections -mcpu=cortex-m3 -mthumb -fstack-usage -specs=redlib.specs -MMD -MP -MF"src/main.d" -MT"src/main.o" -MT"src/main.d" -o "src/main.o" "../src/main.c"
Finished building: ../src/crp.c
Finished building: ../src/cr_startup_lpc175x_6x.c
 
 
Finished building: ../src/main.c
 
Building target: PracticoClase5_Timer.axf
Invoking: MCU Linker
arm-none-eabi-gcc -nostdlib -L"C:\Users\Luis Lenta\Documents\MCUXpressoIDE_11.0.0_2516\workspace\CMSISv2p00_LPC17xx\Debug\Drivers\src" -L"C:\Users\Luis Lenta\Documents\MCUXpressoIDE_11.0.0_2516\workspace\CMSISv2p00_LPC17xx\Debug" -Xlinker -Map="PracticoClase5_Timer.map" -Xlinker --cref -Xlinker --gc-sections -Xlinker -print-memory-usage -mcpu=cortex-m3 -mthumb -T "PracticoClase5_Timer_Debug.ld" -o "PracticoClase5_Timer.axf"  ./src/cr_startup_lpc175x_6x.o ./src/crp.o ./src/main.o   -lCMSISv2p00_LPC17xx
c:/nxp/mcuxpressoide_11.0.0_2516/ide/plugins/com.nxp.mcuxpresso.tools.win32_11.0.0.201905131304/tools/bin/../lib/gcc/arm-none-eabi/8.2.1/../../../../arm-none-eabi/bin/ld.exe: cannot find -lCMSISv2p00_LPC17xx
collect2.exe: error: ld returned 1 exit status
make: *** [makefile:32: PracticoClase5_Timer.axf] Error 1
"make -r -j4 all" terminated with exit code 2. Build might be incomplete.
17:39:39 **** Clean-only build of configuration Debug for project PracticoClase5_Timer ****
make -r -j4 clean 
rm -rf  ./src/cr_startup_lpc175x_6x.o ./src/crp.o ./src/main.o  ./src/cr_startup_lpc175x_6x.d ./src/crp.d ./src/main.d  PracticoClase5_Timer.axf
 
19:21:18 **** Build of configuration Debug for project PracticoClase6_ADC ****
make -r -j4 all 
Building file: ../src/PracticoClase6_ADC.c
Building file: ../src/cr_startup_lpc175x_6x.c
Invoking: MCU C Compiler
arm-none-eabi-gcc -DDEBUG -D__CODE_RED -DCORE_M3 -D__LPC17XX__ -D__REDLIB__ -I"C:\Users\Luis Lenta\Documents\MCUXpressoIDE_11.0.0_2516\workspace\CMSISv2p00_LPC17xx\inc" -I"C:\Users\Luis Lenta\Documents\MCUXpressoIDE_11.0.0_2516\workspace\CMSISv2p00_LPC17xx\Drivers\inc" -O0 -fno-common -g3 -Wall -c -fmessage-length=0 -fno-builtin -ffunction-sections -fdata-sections -mcpu=cortex-m3 -mthumb -fstack-usage -specs=redlib.specs -MMD -MP -MF"src/PracticoClase6_ADC.d" -MT"src/PracticoClase6_ADC.o" -MT"src/PracticoClase6_ADC.d" -o "src/PracticoClase6_ADC.o" "../src/PracticoClase6_ADC.c"
Invoking: MCU C Compiler
arm-none-eabi-gcc -DDEBUG -D__CODE_RED -DCORE_M3 -D__LPC17XX__ -D__REDLIB__ -I"C:\Users\Luis Lenta\Documents\MCUXpressoIDE_11.0.0_2516\workspace\CMSISv2p00_LPC17xx\inc" -I"C:\Users\Luis Lenta\Documents\MCUXpressoIDE_11.0.0_2516\workspace\CMSISv2p00_LPC17xx\Drivers\inc" -O0 -fno-common -g3 -Wall -c -fmessage-length=0 -fno-builtin -ffunction-sections -fdata-sections -mcpu=cortex-m3 -mthumb -fstack-usage -specs=redlib.specs -MMD -MP -MF"src/cr_startup_lpc175x_6x.d" -MT"src/cr_startup_lpc175x_6x.o" -MT"src/cr_startup_lpc175x_6x.d" -o "src/cr_startup_lpc175x_6x.o" "../src/cr_startup_lpc175x_6x.c"
Building file: ../src/crp.c
Invoking: MCU C Compiler
arm-none-eabi-gcc -DDEBUG -D__CODE_RED -DCORE_M3 -D__LPC17XX__ -D__REDLIB__ -I"C:\Users\Luis Lenta\Documents\MCUXpressoIDE_11.0.0_2516\workspace\CMSISv2p00_LPC17xx\inc" -I"C:\Users\Luis Lenta\Documents\MCUXpressoIDE_11.0.0_2516\workspace\CMSISv2p00_LPC17xx\Drivers\inc" -O0 -fno-common -g3 -Wall -c -fmessage-length=0 -fno-builtin -ffunction-sections -fdata-sections -mcpu=cortex-m3 -mthumb -fstack-usage -specs=redlib.specs -MMD -MP -MF"src/crp.d" -MT"src/crp.o" -MT"src/crp.d" -o "src/crp.o" "../src/crp.c"
Finished building: ../src/cr_startup_lpc175x_6x.c
 
Finished building: ../src/PracticoClase6_ADC.c
 
Finished building: ../src/crp.c
 
Building target: PracticoClase6_ADC.axf
Invoking: MCU Linker
arm-none-eabi-gcc -nostdlib -L"C:\Users\Luis Lenta\Documents\MCUXpressoIDE_11.0.0_2516\workspace\CMSISv2p00_LPC17xx\Debug\src" -L"C:\Users\Luis Lenta\Documents\MCUXpressoIDE_11.0.0_2516\workspace\CMSISv2p00_LPC17xx\Debug\Drivers\src" -Xlinker -Map="PracticoClase6_ADC.map" -Xlinker --cref -Xlinker --gc-sections -Xlinker -print-memory-usage -mcpu=cortex-m3 -mthumb -T "PracticoClase6_ADC_Debug.ld" -o "PracticoClase6_ADC.axf"  ./src/PracticoClase6_ADC.o ./src/cr_startup_lpc175x_6x.o ./src/crp.o   
Memory region         Used Size  Region Size  %age Used
       MFlash512:        1020 B       512 KB      0.19%
c:/nxp/mcuxpressoide_11.0.0_2516/ide/plugins/com.nxp.mcuxpresso.tools.win32_11.0.0.201905131304/tools/bin/../lib/gcc/arm-none-eabi/8.2.1/../../../../arm-none-eabi/bin/ld.exe: ./src/PracticoClase6_ADC.o: in function `init':
        RamLoc32:           4 B        32 KB      0.01%
C:\Users\Luis Lenta\Documents\MCUXpressoIDE_11.0.0_2516\workspace\PracticoClase6_ADC\Debug/../src/PracticoClase6_ADC.c:46: undefined reference to `config_TMR0'
c:/nxp/mcuxpressoide_11.0.0_2516/ide/plugins/com.nxp.mcuxpresso.tools.win32_11.0.0.201905131304/tools/bin/../lib/gcc/arm-none-eabi/8.2.1/../../../../arm-none-eabi/bin/ld.exe: ./src/PracticoClase6_ADC.o: in function `config_GPIO':
C:\Users\Luis Lenta\Documents\MCUXpressoIDE_11.0.0_2516\workspace\PracticoClase6_ADC\Debug/../src/PracticoClase6_ADC.c:60: undefined reference to `PINSEL_ConfigPin'
c:/nxp/mcuxpressoide_11.0.0_2516/ide/plugins/com.nxp.mcuxpresso.tools.win32_11.0.0.201905131304/tools/bin/../lib/gcc/arm-none-eabi/8.2.1/../../../../arm-none-eabi/bin/ld.exe: C:\Users\Luis Lenta\Documents\MCUXpressoIDE_11.0.0_2516\workspace\PracticoClase6_ADC\Debug/../src/PracticoClase6_ADC.c:61: undefined reference to `GPIO_SetDir'
c:/nxp/mcuxpressoide_11.0.0_2516/ide/plugins/com.nxp.mcuxpresso.tools.win32_11.0.0.201905131304/tools/bin/../lib/gcc/arm-none-eabi/8.2.1/../../../../arm-none-eabi/bin/ld.exe: C:\Users\Luis Lenta\Documents\MCUXpressoIDE_11.0.0_2516\workspace\PracticoClase6_ADC\Debug/../src/PracticoClase6_ADC.c:64: undefined reference to `PINSEL_ConfigPin'
c:/nxp/mcuxpressoide_11.0.0_2516/ide/plugins/com.nxp.mcuxpresso.tools.win32_11.0.0.201905131304/tools/bin/../lib/gcc/arm-none-eabi/8.2.1/../../../../arm-none-eabi/bin/ld.exe: C:\Users\Luis Lenta\Documents\MCUXpressoIDE_11.0.0_2516\workspace\PracticoClase6_ADC\Debug/../src/PracticoClase6_ADC.c:65: undefined reference to `GPIO_SetDir'
c:/nxp/mcuxpressoide_11.0.0_2516/ide/plugins/com.nxp.mcuxpresso.tools.win32_11.0.0.201905131304/tools/bin/../lib/gcc/arm-none-eabi/8.2.1/../../../../arm-none-eabi/bin/ld.exe: C:\Users\Luis Lenta\Documents\MCUXpressoIDE_11.0.0_2516\workspace\PracticoClase6_ADC\Debug/../src/PracticoClase6_ADC.c:69: undefined reference to `PINSEL_ConfigPin'
c:/nxp/mcuxpressoide_11.0.0_2516/ide/plugins/com.nxp.mcuxpresso.tools.win32_11.0.0.201905131304/tools/bin/../lib/gcc/arm-none-eabi/8.2.1/../../../../arm-none-eabi/bin/ld.exe: C:\Users\Luis Lenta\Documents\MCUXpressoIDE_11.0.0_2516\workspace\PracticoClase6_ADC\Debug/../src/PracticoClase6_ADC.c:70: undefined reference to `GPIO_SetDir'
c:/nxp/mcuxpressoide_11.0.0_2516/ide/plugins/com.nxp.mcuxpresso.tools.win32_11.0.0.201905131304/tools/bin/../lib/gcc/arm-none-eabi/8.2.1/../../../../arm-none-eabi/bin/ld.exe: C:\Users\Luis Lenta\Documents\MCUXpressoIDE_11.0.0_2516\workspace\PracticoClase6_ADC\Debug/../src/PracticoClase6_ADC.c:74: undefined reference to `PINSEL_ConfigPin'
c:/nxp/mcuxpressoide_11.0.0_2516/ide/plugins/com.nxp.mcuxpresso.tools.win32_11.0.0.201905131304/tools/bin/../lib/gcc/arm-none-eabi/8.2.1/../../../../arm-none-eabi/bin/ld.exe: C:\Users\Luis Lenta\Documents\MCUXpressoIDE_11.0.0_2516\workspace\PracticoClase6_ADC\Debug/../src/PracticoClase6_ADC.c:75: undefined reference to `GPIO_SetDir'
c:/nxp/mcuxpressoide_11.0.0_2516/ide/plugins/com.nxp.mcuxpresso.tools.win32_11.0.0.201905131304/tools/bin/../lib/gcc/arm-none-eabi/8.2.1/../../../../arm-none-eabi/bin/ld.exe: C:\Users\Luis Lenta\Documents\MCUXpressoIDE_11.0.0_2516\workspace\PracticoClase6_ADC\Debug/../src/PracticoClase6_ADC.c:79: undefined reference to `PINSEL_ConfigPin'
c:/nxp/mcuxpressoide_11.0.0_2516/ide/plugins/com.nxp.mcuxpresso.tools.win32_11.0.0.201905131304/tools/bin/../lib/gcc/arm-none-eabi/8.2.1/../../../../arm-none-eabi/bin/ld.exe: C:\Users\Luis Lenta\Documents\MCUXpressoIDE_11.0.0_2516\workspace\PracticoClase6_ADC\Debug/../src/PracticoClase6_ADC.c:80: undefined reference to `GPIO_SetDir'
c:/nxp/mcuxpressoide_11.0.0_2516/ide/plugins/com.nxp.mcuxpresso.tools.win32_11.0.0.201905131304/tools/bin/../lib/gcc/arm-none-eabi/8.2.1/../../../../arm-none-eabi/bin/ld.exe: C:\Users\Luis Lenta\Documents\MCUXpressoIDE_11.0.0_2516\workspace\PracticoClase6_ADC\Debug/../src/PracticoClase6_ADC.c:84: undefined reference to `PINSEL_ConfigPin'
c:/nxp/mcuxpressoide_11.0.0_2516/ide/plugins/com.nxp.mcuxpresso.tools.win32_11.0.0.201905131304/tools/bin/../lib/gcc/arm-none-eabi/8.2.1/../../../../arm-none-eabi/bin/ld.exe: C:\Users\Luis Lenta\Documents\MCUXpressoIDE_11.0.0_2516\workspace\PracticoClase6_ADC\Debug/../src/PracticoClase6_ADC.c:85: undefined reference to `GPIO_SetDir'
c:/nxp/mcuxpressoide_11.0.0_2516/ide/plugins/com.nxp.mcuxpresso.tools.win32_11.0.0.201905131304/tools/bin/../lib/gcc/arm-none-eabi/8.2.1/../../../../arm-none-eabi/bin/ld.exe: C:\Users\Luis Lenta\Documents\MCUXpressoIDE_11.0.0_2516\workspace\PracticoClase6_ADC\Debug/../src/PracticoClase6_ADC.c:89: undefined reference to `PINSEL_ConfigPin'
c:/nxp/mcuxpressoide_11.0.0_2516/ide/plugins/com.nxp.mcuxpresso.tools.win32_11.0.0.201905131304/tools/bin/../lib/gcc/arm-none-eabi/8.2.1/../../../../arm-none-eabi/bin/ld.exe: C:\Users\Luis Lenta\Documents\MCUXpressoIDE_11.0.0_2516\workspace\PracticoClase6_ADC\Debug/../src/PracticoClase6_ADC.c:90: undefined reference to `GPIO_SetDir'
c:/nxp/mcuxpressoide_11.0.0_2516/ide/plugins/com.nxp.mcuxpresso.tools.win32_11.0.0.201905131304/tools/bin/../lib/gcc/arm-none-eabi/8.2.1/../../../../arm-none-eabi/bin/ld.exe: C:\Users\Luis Lenta\Documents\MCUXpressoIDE_11.0.0_2516\workspace\PracticoClase6_ADC\Debug/../src/PracticoClase6_ADC.c:94: undefined reference to `PINSEL_ConfigPin'
c:/nxp/mcuxpressoide_11.0.0_2516/ide/plugins/com.nxp.mcuxpresso.tools.win32_11.0.0.201905131304/tools/bin/../lib/gcc/arm-none-eabi/8.2.1/../../../../arm-none-eabi/bin/ld.exe: C:\Users\Luis Lenta\Documents\MCUXpressoIDE_11.0.0_2516\workspace\PracticoClase6_ADC\Debug/../src/PracticoClase6_ADC.c:95: undefined reference to `GPIO_SetDir'
collect2.exe: error: ld returned 1 exit status
        RamAHB32:          0 GB        32 KB      0.00%
make: *** [makefile:32: PracticoClase6_ADC.axf] Error 1
"make -r -j4 all" terminated with exit code 2. Build might be incomplete.
19:21:30 **** Clean-only build of configuration Debug for project PracticoClase6_ADC ****
make -r -j4 clean 
rm -rf  ./src/PracticoClase6_ADC.o ./src/cr_startup_lpc175x_6x.o ./src/crp.o  ./src/PracticoClase6_ADC.d ./src/cr_startup_lpc175x_6x.d ./src/crp.d  PracticoClase6_ADC.axf
 
19:21:58 **** Build of configuration Debug for project PracticoClase6_ADC ****
make -r -j4 all 
Building file: ../src/PracticoClase6_ADC.c
Building file: ../src/cr_startup_lpc175x_6x.c
Invoking: MCU C Compiler
arm-none-eabi-gcc -DDEBUG -D__CODE_RED -DCORE_M3 -D__LPC17XX__ -D__REDLIB__ -I"C:\Users\Luis Lenta\Documents\MCUXpressoIDE_11.0.0_2516\workspace\CMSISv2p00_LPC17xx\inc" -I"C:\Users\Luis Lenta\Documents\MCUXpressoIDE_11.0.0_2516\workspace\CMSISv2p00_LPC17xx\Drivers\inc" -O0 -fno-common -g3 -Wall -c -fmessage-length=0 -fno-builtin -ffunction-sections -fdata-sections -mcpu=cortex-m3 -mthumb -fstack-usage -specs=redlib.specs -MMD -MP -MF"src/PracticoClase6_ADC.d" -MT"src/PracticoClase6_ADC.o" -MT"src/PracticoClase6_ADC.d" -o "src/PracticoClase6_ADC.o" "../src/PracticoClase6_ADC.c"
Invoking: MCU C Compiler
arm-none-eabi-gcc -DDEBUG -D__CODE_RED -DCORE_M3 -D__LPC17XX__ -D__REDLIB__ -I"C:\Users\Luis Lenta\Documents\MCUXpressoIDE_11.0.0_2516\workspace\CMSISv2p00_LPC17xx\inc" -I"C:\Users\Luis Lenta\Documents\MCUXpressoIDE_11.0.0_2516\workspace\CMSISv2p00_LPC17xx\Drivers\inc" -O0 -fno-common -g3 -Wall -c -fmessage-length=0 -fno-builtin -ffunction-sections -fdata-sections -mcpu=cortex-m3 -mthumb -fstack-usage -specs=redlib.specs -MMD -MP -MF"src/cr_startup_lpc175x_6x.d" -MT"src/cr_startup_lpc175x_6x.o" -MT"src/cr_startup_lpc175x_6x.d" -o "src/cr_startup_lpc175x_6x.o" "../src/cr_startup_lpc175x_6x.c"
Building file: ../src/crp.c
Invoking: MCU C Compiler
arm-none-eabi-gcc -DDEBUG -D__CODE_RED -DCORE_M3 -D__LPC17XX__ -D__REDLIB__ -I"C:\Users\Luis Lenta\Documents\MCUXpressoIDE_11.0.0_2516\workspace\CMSISv2p00_LPC17xx\inc" -I"C:\Users\Luis Lenta\Documents\MCUXpressoIDE_11.0.0_2516\workspace\CMSISv2p00_LPC17xx\Drivers\inc" -O0 -fno-common -g3 -Wall -c -fmessage-length=0 -fno-builtin -ffunction-sections -fdata-sections -mcpu=cortex-m3 -mthumb -fstack-usage -specs=redlib.specs -MMD -MP -MF"src/crp.d" -MT"src/crp.o" -MT"src/crp.d" -o "src/crp.o" "../src/crp.c"
Finished building: ../src/cr_startup_lpc175x_6x.c
Finished building: ../src/PracticoClase6_ADC.c
 
 
Finished building: ../src/crp.c
 
Building target: PracticoClase6_ADC.axf
Invoking: MCU Linker
arm-none-eabi-gcc -nostdlib -L"C:\Users\Luis Lenta\Documents\MCUXpressoIDE_11.0.0_2516\workspace\CMSISv2p00_LPC17xx\Debug\src" -L"C:\Users\Luis Lenta\Documents\MCUXpressoIDE_11.0.0_2516\workspace\CMSISv2p00_LPC17xx\Debug\Drivers\src" -Xlinker -Map="PracticoClase6_ADC.map" -Xlinker --cref -Xlinker --gc-sections -Xlinker -print-memory-usage -mcpu=cortex-m3 -mthumb -T "PracticoClase6_ADC_Debug.ld" -o "PracticoClase6_ADC.axf"  ./src/PracticoClase6_ADC.o ./src/cr_startup_lpc175x_6x.o ./src/crp.o   
Memory region         Used Size  Region Size  %age Used
       MFlash512:        1020 B       512 KB      0.19%
        RamLoc32:           4 B        32 KB      0.01%
c:/nxp/mcuxpressoide_11.0.0_2516/ide/plugins/com.nxp.mcuxpresso.tools.win32_11.0.0.201905131304/tools/bin/../lib/gcc/arm-none-eabi/8.2.1/../../../../arm-none-eabi/bin/ld.exe: ./src/PracticoClase6_ADC.o: in function `init':
C:\Users\Luis Lenta\Documents\MCUXpressoIDE_11.0.0_2516\workspace\PracticoClase6_ADC\Debug/../src/PracticoClase6_ADC.c:46: undefined reference to `config_TMR0'
c:/nxp/mcuxpressoide_11.0.0_2516/ide/plugins/com.nxp.mcuxpresso.tools.win32_11.0.0.201905131304/tools/bin/../lib/gcc/arm-none-eabi/8.2.1/../../../../arm-none-eabi/bin/ld.exe: ./src/PracticoClase6_ADC.o: in function `config_GPIO':
C:\Users\Luis Lenta\Documents\MCUXpressoIDE_11.0.0_2516\workspace\PracticoClase6_ADC\Debug/../src/PracticoClase6_ADC.c:60: undefined reference to `PINSEL_ConfigPin'
c:/nxp/mcuxpressoide_11.0.0_2516/ide/plugins/com.nxp.mcuxpresso.tools.win32_11.0.0.201905131304/tools/bin/../lib/gcc/arm-none-eabi/8.2.1/../../../../arm-none-eabi/bin/ld.exe: C:\Users\Luis Lenta\Documents\MCUXpressoIDE_11.0.0_2516\workspace\PracticoClase6_ADC\Debug/../src/PracticoClase6_ADC.c:61: undefined reference to `GPIO_SetDir'
c:/nxp/mcuxpressoide_11.0.0_2516/ide/plugins/com.nxp.mcuxpresso.tools.win32_11.0.0.201905131304/tools/bin/../lib/gcc/arm-none-eabi/8.2.1/../../../../arm-none-eabi/bin/ld.exe: C:\Users\Luis Lenta\Documents\MCUXpressoIDE_11.0.0_2516\workspace\PracticoClase6_ADC\Debug/../src/PracticoClase6_ADC.c:64: undefined reference to `PINSEL_ConfigPin'
c:/nxp/mcuxpressoide_11.0.0_2516/ide/plugins/com.nxp.mcuxpresso.tools.win32_11.0.0.201905131304/tools/bin/../lib/gcc/arm-none-eabi/8.2.1/../../../../arm-none-eabi/bin/ld.exe: C:\Users\Luis Lenta\Documents\MCUXpressoIDE_11.0.0_2516\workspace\PracticoClase6_ADC\Debug/../src/PracticoClase6_ADC.c:65: undefined reference to `GPIO_SetDir'
c:/nxp/mcuxpressoide_11.0.0_2516/ide/plugins/com.nxp.mcuxpresso.tools.win32_11.0.0.201905131304/tools/bin/../lib/gcc/arm-none-eabi/8.2.1/../../../../arm-none-eabi/bin/ld.exe: C:\Users\Luis Lenta\Documents\MCUXpressoIDE_11.0.0_2516\workspace\PracticoClase6_ADC\Debug/../src/PracticoClase6_ADC.c:69: undefined reference to `PINSEL_ConfigPin'
c:/nxp/mcuxpressoide_11.0.0_2516/ide/plugins/com.nxp.mcuxpresso.tools.win32_11.0.0.201905131304/tools/bin/../lib/gcc/arm-none-eabi/8.2.1/../../../../arm-none-eabi/bin/ld.exe: C:\Users\Luis Lenta\Documents\MCUXpressoIDE_11.0.0_2516\workspace\PracticoClase6_ADC\Debug/../src/PracticoClase6_ADC.c:70: undefined reference to `GPIO_SetDir'
c:/nxp/mcuxpressoide_11.0.0_2516/ide/plugins/com.nxp.mcuxpresso.tools.win32_11.0.0.201905131304/tools/bin/../lib/gcc/arm-none-eabi/8.2.1/../../../../arm-none-eabi/bin/ld.exe: C:\Users\Luis Lenta\Documents\MCUXpressoIDE_11.0.0_2516\workspace\PracticoClase6_ADC\Debug/../src/PracticoClase6_ADC.c:74: undefined reference to `PINSEL_ConfigPin'
c:/nxp/mcuxpressoide_11.0.0_2516/ide/plugins/com.nxp.mcuxpresso.tools.win32_11.0.0.201905131304/tools/bin/../lib/gcc/arm-none-eabi/8.2.1/../../../../arm-none-eabi/bin/ld.exe: C:\Users\Luis Lenta\Documents\MCUXpressoIDE_11.0.0_2516\workspace\PracticoClase6_ADC\Debug/../src/PracticoClase6_ADC.c:75: undefined reference to `GPIO_SetDir'
c:/nxp/mcuxpressoide_11.0.0_2516/ide/plugins/com.nxp.mcuxpresso.tools.win32_11.0.0.201905131304/tools/bin/../lib/gcc/arm-none-eabi/8.2.1/../../../../arm-none-eabi/bin/ld.exe: C:\Users\Luis Lenta\Documents\MCUXpressoIDE_11.0.0_2516\workspace\PracticoClase6_ADC\Debug/../src/PracticoClase6_ADC.c:79: undefined reference to `PINSEL_ConfigPin'
c:/nxp/mcuxpressoide_11.0.0_2516/ide/plugins/com.nxp.mcuxpresso.tools.win32_11.0.0.201905131304/tools/bin/../lib/gcc/arm-none-eabi/8.2.1/../../../../arm-none-eabi/bin/ld.exe: C:\Users\Luis Lenta\Documents\MCUXpressoIDE_11.0.0_2516\workspace\PracticoClase6_ADC\Debug/../src/PracticoClase6_ADC.c:80: undefined reference to `GPIO_SetDir'
c:/nxp/mcuxpressoide_11.0.0_2516/ide/plugins/com.nxp.mcuxpresso.tools.win32_11.0.0.201905131304/tools/bin/../lib/gcc/arm-none-eabi/8.2.1/../../../../arm-none-eabi/bin/ld.exe: C:\Users\Luis Lenta\Documents\MCUXpressoIDE_11.0.0_2516\workspace\PracticoClase6_ADC\Debug/../src/PracticoClase6_ADC.c:84: undefined reference to `PINSEL_ConfigPin'
c:/nxp/mcuxpressoide_11.0.0_2516/ide/plugins/com.nxp.mcuxpresso.tools.win32_11.0.0.201905131304/tools/bin/../lib/gcc/arm-none-eabi/8.2.1/../../../../arm-none-eabi/bin/ld.exe: C:\Users\Luis Lenta\Documents\MCUXpressoIDE_11.0.0_2516\workspace\PracticoClase6_ADC\Debug/../src/PracticoClase6_ADC.c:85: undefined reference to `GPIO_SetDir'
c:/nxp/mcuxpressoide_11.0.0_2516/ide/plugins/com.nxp.mcuxpresso.tools.win32_11.0.0.201905131304/tools/bin/../lib/gcc/arm-none-eabi/8.2.1/../../../../arm-none-eabi/bin/ld.exe: C:\Users\Luis Lenta\Documents\MCUXpressoIDE_11.0.0_2516\workspace\PracticoClase6_ADC\Debug/../src/PracticoClase6_ADC.c:89: undefined reference to `PINSEL_ConfigPin'
c:/nxp/mcuxpressoide_11.0.0_2516/ide/plugins/com.nxp.mcuxpresso.tools.win32_11.0.0.201905131304/tools/bin/../lib/gcc/arm-none-eabi/8.2.1/../../../../arm-none-eabi/bin/ld.exe: C:\Users\Luis Lenta\Documents\MCUXpressoIDE_11.0.0_2516\workspace\PracticoClase6_ADC\Debug/../src/PracticoClase6_ADC.c:90: undefined reference to `GPIO_SetDir'
c:/nxp/mcuxpressoide_11.0.0_2516/ide/plugins/com.nxp.mcuxpresso.tools.win32_11.0.0.201905131304/tools/bin/../lib/gcc/arm-none-eabi/8.2.1/../../../../arm-none-eabi/bin/ld.exe: C:\Users\Luis Lenta\Documents\MCUXpressoIDE_11.0.0_2516\workspace\PracticoClase6_ADC\Debug/../src/PracticoClase6_ADC.c:94: undefined reference to `PINSEL_ConfigPin'
        RamAHB32:          0 GB        32 KB      0.00%
c:/nxp/mcuxpressoide_11.0.0_2516/ide/plugins/com.nxp.mcuxpresso.tools.win32_11.0.0.201905131304/tools/bin/../lib/gcc/arm-none-eabi/8.2.1/../../../../arm-none-eabi/bin/ld.exe: C:\Users\Luis Lenta\Documents\MCUXpressoIDE_11.0.0_2516\workspace\PracticoClase6_ADC\Debug/../src/PracticoClase6_ADC.c:95: undefined reference to `GPIO_SetDir'
collect2.exe: error: ld returned 1 exit status
make: *** [makefile:32: PracticoClase6_ADC.axf] Error 1
"make -r -j4 all" terminated with exit code 2. Build might be incomplete.
19:22:20 **** Clean-only build of configuration Debug for project PracticoClase6_ADC ****
make -r -j4 clean 
rm -rf  ./src/PracticoClase6_ADC.o ./src/cr_startup_lpc175x_6x.o ./src/crp.o  ./src/PracticoClase6_ADC.d ./src/cr_startup_lpc175x_6x.d ./src/crp.d  PracticoClase6_ADC.axf
 
19:22:22 **** Build of configuration Debug for project PracticoClase6_ADC ****
make -r -j4 all 
Building file: ../src/PracticoClase6_ADC.c
Building file: ../src/cr_startup_lpc175x_6x.c
Invoking: MCU C Compiler
arm-none-eabi-gcc -DDEBUG -D__CODE_RED -DCORE_M3 -D__LPC17XX__ -D__REDLIB__ -I"C:\Users\Luis Lenta\Documents\MCUXpressoIDE_11.0.0_2516\workspace\CMSISv2p00_LPC17xx\inc" -I"C:\Users\Luis Lenta\Documents\MCUXpressoIDE_11.0.0_2516\workspace\CMSISv2p00_LPC17xx\Drivers\inc" -O0 -fno-common -g3 -Wall -c -fmessage-length=0 -fno-builtin -ffunction-sections -fdata-sections -mcpu=cortex-m3 -mthumb -fstack-usage -specs=redlib.specs -MMD -MP -MF"src/PracticoClase6_ADC.d" -MT"src/PracticoClase6_ADC.o" -MT"src/PracticoClase6_ADC.d" -o "src/PracticoClase6_ADC.o" "../src/PracticoClase6_ADC.c"
Invoking: MCU C Compiler
arm-none-eabi-gcc -DDEBUG -D__CODE_RED -DCORE_M3 -D__LPC17XX__ -D__REDLIB__ -I"C:\Users\Luis Lenta\Documents\MCUXpressoIDE_11.0.0_2516\workspace\CMSISv2p00_LPC17xx\inc" -I"C:\Users\Luis Lenta\Documents\MCUXpressoIDE_11.0.0_2516\workspace\CMSISv2p00_LPC17xx\Drivers\inc" -O0 -fno-common -g3 -Wall -c -fmessage-length=0 -fno-builtin -ffunction-sections -fdata-sections -mcpu=cortex-m3 -mthumb -fstack-usage -specs=redlib.specs -MMD -MP -MF"src/cr_startup_lpc175x_6x.d" -MT"src/cr_startup_lpc175x_6x.o" -MT"src/cr_startup_lpc175x_6x.d" -o "src/cr_startup_lpc175x_6x.o" "../src/cr_startup_lpc175x_6x.c"
Building file: ../src/crp.c
Invoking: MCU C Compiler
arm-none-eabi-gcc -DDEBUG -D__CODE_RED -DCORE_M3 -D__LPC17XX__ -D__REDLIB__ -I"C:\Users\Luis Lenta\Documents\MCUXpressoIDE_11.0.0_2516\workspace\CMSISv2p00_LPC17xx\inc" -I"C:\Users\Luis Lenta\Documents\MCUXpressoIDE_11.0.0_2516\workspace\CMSISv2p00_LPC17xx\Drivers\inc" -O0 -fno-common -g3 -Wall -c -fmessage-length=0 -fno-builtin -ffunction-sections -fdata-sections -mcpu=cortex-m3 -mthumb -fstack-usage -specs=redlib.specs -MMD -MP -MF"src/crp.d" -MT"src/crp.o" -MT"src/crp.d" -o "src/crp.o" "../src/crp.c"
Finished building: ../src/PracticoClase6_ADC.c
Finished building: ../src/cr_startup_lpc175x_6x.c
 
 
Finished building: ../src/crp.c
 
Building target: PracticoClase6_ADC.axf
Invoking: MCU Linker
arm-none-eabi-gcc -nostdlib -L"C:\Users\Luis Lenta\Documents\MCUXpressoIDE_11.0.0_2516\workspace\CMSISv2p00_LPC17xx\Debug\src" -L"C:\Users\Luis Lenta\Documents\MCUXpressoIDE_11.0.0_2516\workspace\CMSISv2p00_LPC17xx\Debug\Drivers\src" -Xlinker -Map="PracticoClase6_ADC.map" -Xlinker --cref -Xlinker --gc-sections -Xlinker -print-memory-usage -mcpu=cortex-m3 -mthumb -T "PracticoClase6_ADC_Debug.ld" -o "PracticoClase6_ADC.axf"  ./src/PracticoClase6_ADC.o ./src/cr_startup_lpc175x_6x.o ./src/crp.o   
Memory region         Used Size  Region Size  %age Used
       MFlash512:        1020 B       512 KB      0.19%
        RamLoc32:           4 B        32 KB      0.01%
c:/nxp/mcuxpressoide_11.0.0_2516/ide/plugins/com.nxp.mcuxpresso.tools.win32_11.0.0.201905131304/tools/bin/../lib/gcc/arm-none-eabi/8.2.1/../../../../arm-none-eabi/bin/ld.exe: ./src/PracticoClase6_ADC.o: in function `init':
C:\Users\Luis Lenta\Documents\MCUXpressoIDE_11.0.0_2516\workspace\PracticoClase6_ADC\Debug/../src/PracticoClase6_ADC.c:46: undefined reference to `config_TMR0'
c:/nxp/mcuxpressoide_11.0.0_2516/ide/plugins/com.nxp.mcuxpresso.tools.win32_11.0.0.201905131304/tools/bin/../lib/gcc/arm-none-eabi/8.2.1/../../../../arm-none-eabi/bin/ld.exe: ./src/PracticoClase6_ADC.o: in function `config_GPIO':
C:\Users\Luis Lenta\Documents\MCUXpressoIDE_11.0.0_2516\workspace\PracticoClase6_ADC\Debug/../src/PracticoClase6_ADC.c:60: undefined reference to `PINSEL_ConfigPin'
c:/nxp/mcuxpressoide_11.0.0_2516/ide/plugins/com.nxp.mcuxpresso.tools.win32_11.0.0.201905131304/tools/bin/../lib/gcc/arm-none-eabi/8.2.1/../../../../arm-none-eabi/bin/ld.exe: C:\Users\Luis Lenta\Documents\MCUXpressoIDE_11.0.0_2516\workspace\PracticoClase6_ADC\Debug/../src/PracticoClase6_ADC.c:61: undefined reference to `GPIO_SetDir'
c:/nxp/mcuxpressoide_11.0.0_2516/ide/plugins/com.nxp.mcuxpresso.tools.win32_11.0.0.201905131304/tools/bin/../lib/gcc/arm-none-eabi/8.2.1/../../../../arm-none-eabi/bin/ld.exe: C:\Users\Luis Lenta\Documents\MCUXpressoIDE_11.0.0_2516\workspace\PracticoClase6_ADC\Debug/../src/PracticoClase6_ADC.c:64: undefined reference to `PINSEL_ConfigPin'
c:/nxp/mcuxpressoide_11.0.0_2516/ide/plugins/com.nxp.mcuxpresso.tools.win32_11.0.0.201905131304/tools/bin/../lib/gcc/arm-none-eabi/8.2.1/../../../../arm-none-eabi/bin/ld.exe: C:\Users\Luis Lenta\Documents\MCUXpressoIDE_11.0.0_2516\workspace\PracticoClase6_ADC\Debug/../src/PracticoClase6_ADC.c:65: undefined reference to `GPIO_SetDir'
c:/nxp/mcuxpressoide_11.0.0_2516/ide/plugins/com.nxp.mcuxpresso.tools.win32_11.0.0.201905131304/tools/bin/../lib/gcc/arm-none-eabi/8.2.1/../../../../arm-none-eabi/bin/ld.exe: C:\Users\Luis Lenta\Documents\MCUXpressoIDE_11.0.0_2516\workspace\PracticoClase6_ADC\Debug/../src/PracticoClase6_ADC.c:69: undefined reference to `PINSEL_ConfigPin'
c:/nxp/mcuxpressoide_11.0.0_2516/ide/plugins/com.nxp.mcuxpresso.tools.win32_11.0.0.201905131304/tools/bin/../lib/gcc/arm-none-eabi/8.2.1/../../../../arm-none-eabi/bin/ld.exe: C:\Users\Luis Lenta\Documents\MCUXpressoIDE_11.0.0_2516\workspace\PracticoClase6_ADC\Debug/../src/PracticoClase6_ADC.c:70: undefined reference to `GPIO_SetDir'
c:/nxp/mcuxpressoide_11.0.0_2516/ide/plugins/com.nxp.mcuxpresso.tools.win32_11.0.0.201905131304/tools/bin/../lib/gcc/arm-none-eabi/8.2.1/../../../../arm-none-eabi/bin/ld.exe: C:\Users\Luis Lenta\Documents\MCUXpressoIDE_11.0.0_2516\workspace\PracticoClase6_ADC\Debug/../src/PracticoClase6_ADC.c:74: undefined reference to `PINSEL_ConfigPin'
c:/nxp/mcuxpressoide_11.0.0_2516/ide/plugins/com.nxp.mcuxpresso.tools.win32_11.0.0.201905131304/tools/bin/../lib/gcc/arm-none-eabi/8.2.1/../../../../arm-none-eabi/bin/ld.exe: C:\Users\Luis Lenta\Documents\MCUXpressoIDE_11.0.0_2516\workspace\PracticoClase6_ADC\Debug/../src/PracticoClase6_ADC.c:75: undefined reference to `GPIO_SetDir'
c:/nxp/mcuxpressoide_11.0.0_2516/ide/plugins/com.nxp.mcuxpresso.tools.win32_11.0.0.201905131304/tools/bin/../lib/gcc/arm-none-eabi/8.2.1/../../../../arm-none-eabi/bin/ld.exe: C:\Users\Luis Lenta\Documents\MCUXpressoIDE_11.0.0_2516\workspace\PracticoClase6_ADC\Debug/../src/PracticoClase6_ADC.c:79: undefined reference to `PINSEL_ConfigPin'
c:/nxp/mcuxpressoide_11.0.0_2516/ide/plugins/com.nxp.mcuxpresso.tools.win32_11.0.0.201905131304/tools/bin/../lib/gcc/arm-none-eabi/8.2.1/../../../../arm-none-eabi/bin/ld.exe: C:\Users\Luis Lenta\Documents\MCUXpressoIDE_11.0.0_2516\workspace\PracticoClase6_ADC\Debug/../src/PracticoClase6_ADC.c:80: undefined reference to `GPIO_SetDir'
c:/nxp/mcuxpressoide_11.0.0_2516/ide/plugins/com.nxp.mcuxpresso.tools.win32_11.0.0.201905131304/tools/bin/../lib/gcc/arm-none-eabi/8.2.1/../../../../arm-none-eabi/bin/ld.exe: C:\Users\Luis Lenta\Documents\MCUXpressoIDE_11.0.0_2516\workspace\PracticoClase6_ADC\Debug/../src/PracticoClase6_ADC.c:84: undefined reference to `PINSEL_ConfigPin'
c:/nxp/mcuxpressoide_11.0.0_2516/ide/plugins/com.nxp.mcuxpresso.tools.win32_11.0.0.201905131304/tools/bin/../lib/gcc/arm-none-eabi/8.2.1/../../../../arm-none-eabi/bin/ld.exe: C:\Users\Luis Lenta\Documents\MCUXpressoIDE_11.0.0_2516\workspace\PracticoClase6_ADC\Debug/../src/PracticoClase6_ADC.c:85: undefined reference to `GPIO_SetDir'
c:/nxp/mcuxpressoide_11.0.0_2516/ide/plugins/com.nxp.mcuxpresso.tools.win32_11.0.0.201905131304/tools/bin/../lib/gcc/arm-none-eabi/8.2.1/../../../../arm-none-eabi/bin/ld.exe: C:\Users\Luis Lenta\Documents\MCUXpressoIDE_11.0.0_2516\workspace\PracticoClase6_ADC\Debug/../src/PracticoClase6_ADC.c:89: undefined reference to `PINSEL_ConfigPin'
c:/nxp/mcuxpressoide_11.0.0_2516/ide/plugins/com.nxp.mcuxpresso.tools.win32_11.0.0.201905131304/tools/bin/../lib/gcc/arm-none-eabi/8.2.1/../../../../arm-none-eabi/bin/ld.exe: C:\Users\Luis Lenta\Documents\MCUXpressoIDE_11.0.0_2516\workspace\PracticoClase6_ADC\Debug/../src/PracticoClase6_ADC.c:90: undefined reference to `GPIO_SetDir'
c:/nxp/mcuxpressoide_11.0.0_2516/ide/plugins/com.nxp.mcuxpresso.tools.win32_11.0.0.201905131304/tools/bin/../lib/gcc/arm-none-eabi/8.2.1/../../../../arm-none-eabi/bin/ld.exe: C:\Users\Luis Lenta\Documents\MCUXpressoIDE_11.0.0_2516\workspace\PracticoClase6_ADC\Debug/../src/PracticoClase6_ADC.c:94: undefined reference to `PINSEL_ConfigPin'
        RamAHB32:          0 GB        32 KB      0.00%
c:/nxp/mcuxpressoide_11.0.0_2516/ide/plugins/com.nxp.mcuxpresso.tools.win32_11.0.0.201905131304/tools/bin/../lib/gcc/arm-none-eabi/8.2.1/../../../../arm-none-eabi/bin/ld.exe: C:\Users\Luis Lenta\Documents\MCUXpressoIDE_11.0.0_2516\workspace\PracticoClase6_ADC\Debug/../src/PracticoClase6_ADC.c:95: undefined reference to `GPIO_SetDir'
collect2.exe: error: ld returned 1 exit status
make: *** [makefile:32: PracticoClase6_ADC.axf] Error 1
"make -r -j4 all" terminated with exit code 2. Build might be incomplete.
19:22:53 **** Clean-only build of configuration Debug for project PracticoClase6_ADC ****
make -r -j4 clean 
rm -rf  ./src/PracticoClase6_ADC.o ./src/cr_startup_lpc175x_6x.o ./src/crp.o  ./src/PracticoClase6_ADC.d ./src/cr_startup_lpc175x_6x.d ./src/crp.d  PracticoClase6_ADC.axf
 
19:22:56 **** Build of configuration Debug for project PracticoClase6_ADC ****
make -r -j4 all 
Building file: ../src/PracticoClase6_ADC.c
Building file: ../src/cr_startup_lpc175x_6x.c
Invoking: MCU C Compiler
arm-none-eabi-gcc -DDEBUG -D__CODE_RED -DCORE_M3 -D__LPC17XX__ -D__REDLIB__ -I"C:\Users\Luis Lenta\Documents\MCUXpressoIDE_11.0.0_2516\workspace\CMSISv2p00_LPC17xx\inc" -I"C:\Users\Luis Lenta\Documents\MCUXpressoIDE_11.0.0_2516\workspace\CMSISv2p00_LPC17xx\Drivers\inc" -O0 -fno-common -g3 -Wall -c -fmessage-length=0 -fno-builtin -ffunction-sections -fdata-sections -mcpu=cortex-m3 -mthumb -fstack-usage -specs=redlib.specs -MMD -MP -MF"src/PracticoClase6_ADC.d" -MT"src/PracticoClase6_ADC.o" -MT"src/PracticoClase6_ADC.d" -o "src/PracticoClase6_ADC.o" "../src/PracticoClase6_ADC.c"
Invoking: MCU C Compiler
arm-none-eabi-gcc -DDEBUG -D__CODE_RED -DCORE_M3 -D__LPC17XX__ -D__REDLIB__ -I"C:\Users\Luis Lenta\Documents\MCUXpressoIDE_11.0.0_2516\workspace\CMSISv2p00_LPC17xx\inc" -I"C:\Users\Luis Lenta\Documents\MCUXpressoIDE_11.0.0_2516\workspace\CMSISv2p00_LPC17xx\Drivers\inc" -O0 -fno-common -g3 -Wall -c -fmessage-length=0 -fno-builtin -ffunction-sections -fdata-sections -mcpu=cortex-m3 -mthumb -fstack-usage -specs=redlib.specs -MMD -MP -MF"src/cr_startup_lpc175x_6x.d" -MT"src/cr_startup_lpc175x_6x.o" -MT"src/cr_startup_lpc175x_6x.d" -o "src/cr_startup_lpc175x_6x.o" "../src/cr_startup_lpc175x_6x.c"
Building file: ../src/crp.c
Invoking: MCU C Compiler
arm-none-eabi-gcc -DDEBUG -D__CODE_RED -DCORE_M3 -D__LPC17XX__ -D__REDLIB__ -I"C:\Users\Luis Lenta\Documents\MCUXpressoIDE_11.0.0_2516\workspace\CMSISv2p00_LPC17xx\inc" -I"C:\Users\Luis Lenta\Documents\MCUXpressoIDE_11.0.0_2516\workspace\CMSISv2p00_LPC17xx\Drivers\inc" -O0 -fno-common -g3 -Wall -c -fmessage-length=0 -fno-builtin -ffunction-sections -fdata-sections -mcpu=cortex-m3 -mthumb -fstack-usage -specs=redlib.specs -MMD -MP -MF"src/crp.d" -MT"src/crp.o" -MT"src/crp.d" -o "src/crp.o" "../src/crp.c"
Finished building: ../src/cr_startup_lpc175x_6x.c
Finished building: ../src/PracticoClase6_ADC.c
 
 
Finished building: ../src/crp.c
 
Building target: PracticoClase6_ADC.axf
Invoking: MCU Linker
arm-none-eabi-gcc -nostdlib -L"C:\Users\Luis Lenta\Documents\MCUXpressoIDE_11.0.0_2516\workspace\CMSISv2p00_LPC17xx\Debug\src" -L"C:\Users\Luis Lenta\Documents\MCUXpressoIDE_11.0.0_2516\workspace\CMSISv2p00_LPC17xx\Debug\Drivers\src" -Xlinker -Map="PracticoClase6_ADC.map" -Xlinker --cref -Xlinker --gc-sections -Xlinker -print-memory-usage -mcpu=cortex-m3 -mthumb -T "PracticoClase6_ADC_Debug.ld" -o "PracticoClase6_ADC.axf"  ./src/PracticoClase6_ADC.o ./src/cr_startup_lpc175x_6x.o ./src/crp.o   
Memory region         Used Size  Region Size  %age Used
       MFlash512:        1016 B       512 KB      0.19%
        RamLoc32:           4 B        32 KB      0.01%
c:/nxp/mcuxpressoide_11.0.0_2516/ide/plugins/com.nxp.mcuxpresso.tools.win32_11.0.0.201905131304/tools/bin/../lib/gcc/arm-none-eabi/8.2.1/../../../../arm-none-eabi/bin/ld.exe: ./src/PracticoClase6_ADC.o: in function `config_GPIO':
C:\Users\Luis Lenta\Documents\MCUXpressoIDE_11.0.0_2516\workspace\PracticoClase6_ADC\Debug/../src/PracticoClase6_ADC.c:60: undefined reference to `PINSEL_ConfigPin'
c:/nxp/mcuxpressoide_11.0.0_2516/ide/plugins/com.nxp.mcuxpresso.tools.win32_11.0.0.201905131304/tools/bin/../lib/gcc/arm-none-eabi/8.2.1/../../../../arm-none-eabi/bin/ld.exe: C:\Users\Luis Lenta\Documents\MCUXpressoIDE_11.0.0_2516\workspace\PracticoClase6_ADC\Debug/../src/PracticoClase6_ADC.c:61: undefined reference to `GPIO_SetDir'
c:/nxp/mcuxpressoide_11.0.0_2516/ide/plugins/com.nxp.mcuxpresso.tools.win32_11.0.0.201905131304/tools/bin/../lib/gcc/arm-none-eabi/8.2.1/../../../../arm-none-eabi/bin/ld.exe: C:\Users\Luis Lenta\Documents\MCUXpressoIDE_11.0.0_2516\workspace\PracticoClase6_ADC\Debug/../src/PracticoClase6_ADC.c:64: undefined reference to `PINSEL_ConfigPin'
c:/nxp/mcuxpressoide_11.0.0_2516/ide/plugins/com.nxp.mcuxpresso.tools.win32_11.0.0.201905131304/tools/bin/../lib/gcc/arm-none-eabi/8.2.1/../../../../arm-none-eabi/bin/ld.exe: C:\Users\Luis Lenta\Documents\MCUXpressoIDE_11.0.0_2516\workspace\PracticoClase6_ADC\Debug/../src/PracticoClase6_ADC.c:65: undefined reference to `GPIO_SetDir'
c:/nxp/mcuxpressoide_11.0.0_2516/ide/plugins/com.nxp.mcuxpresso.tools.win32_11.0.0.201905131304/tools/bin/../lib/gcc/arm-none-eabi/8.2.1/../../../../arm-none-eabi/bin/ld.exe: C:\Users\Luis Lenta\Documents\MCUXpressoIDE_11.0.0_2516\workspace\PracticoClase6_ADC\Debug/../src/PracticoClase6_ADC.c:69: undefined reference to `PINSEL_ConfigPin'
c:/nxp/mcuxpressoide_11.0.0_2516/ide/plugins/com.nxp.mcuxpresso.tools.win32_11.0.0.201905131304/tools/bin/../lib/gcc/arm-none-eabi/8.2.1/../../../../arm-none-eabi/bin/ld.exe: C:\Users\Luis Lenta\Documents\MCUXpressoIDE_11.0.0_2516\workspace\PracticoClase6_ADC\Debug/../src/PracticoClase6_ADC.c:70: undefined reference to `GPIO_SetDir'
c:/nxp/mcuxpressoide_11.0.0_2516/ide/plugins/com.nxp.mcuxpresso.tools.win32_11.0.0.201905131304/tools/bin/../lib/gcc/arm-none-eabi/8.2.1/../../../../arm-none-eabi/bin/ld.exe: C:\Users\Luis Lenta\Documents\MCUXpressoIDE_11.0.0_2516\workspace\PracticoClase6_ADC\Debug/../src/PracticoClase6_ADC.c:74: undefined reference to `PINSEL_ConfigPin'
c:/nxp/mcuxpressoide_11.0.0_2516/ide/plugins/com.nxp.mcuxpresso.tools.win32_11.0.0.201905131304/tools/bin/../lib/gcc/arm-none-eabi/8.2.1/../../../../arm-none-eabi/bin/ld.exe: C:\Users\Luis Lenta\Documents\MCUXpressoIDE_11.0.0_2516\workspace\PracticoClase6_ADC\Debug/../src/PracticoClase6_ADC.c:75: undefined reference to `GPIO_SetDir'
c:/nxp/mcuxpressoide_11.0.0_2516/ide/plugins/com.nxp.mcuxpresso.tools.win32_11.0.0.201905131304/tools/bin/../lib/gcc/arm-none-eabi/8.2.1/../../../../arm-none-eabi/bin/ld.exe: C:\Users\Luis Lenta\Documents\MCUXpressoIDE_11.0.0_2516\workspace\PracticoClase6_ADC\Debug/../src/PracticoClase6_ADC.c:79: undefined reference to `PINSEL_ConfigPin'
c:/nxp/mcuxpressoide_11.0.0_2516/ide/plugins/com.nxp.mcuxpresso.tools.win32_11.0.0.201905131304/tools/bin/../lib/gcc/arm-none-eabi/8.2.1/../../../../arm-none-eabi/bin/ld.exe: C:\Users\Luis Lenta\Documents\MCUXpressoIDE_11.0.0_2516\workspace\PracticoClase6_ADC\Debug/../src/PracticoClase6_ADC.c:80: undefined reference to `GPIO_SetDir'
c:/nxp/mcuxpressoide_11.0.0_2516/ide/plugins/com.nxp.mcuxpresso.tools.win32_11.0.0.201905131304/tools/bin/../lib/gcc/arm-none-eabi/8.2.1/../../../../arm-none-eabi/bin/ld.exe: C:\Users\Luis Lenta\Documents\MCUXpressoIDE_11.0.0_2516\workspace\PracticoClase6_ADC\Debug/../src/PracticoClase6_ADC.c:84: undefined reference to `PINSEL_ConfigPin'
c:/nxp/mcuxpressoide_11.0.0_2516/ide/plugins/com.nxp.mcuxpresso.tools.win32_11.0.0.201905131304/tools/bin/../lib/gcc/arm-none-eabi/8.2.1/../../../../arm-none-eabi/bin/ld.exe: C:\Users\Luis Lenta\Documents\MCUXpressoIDE_11.0.0_2516\workspace\PracticoClase6_ADC\Debug/../src/PracticoClase6_ADC.c:85: undefined reference to `GPIO_SetDir'
c:/nxp/mcuxpressoide_11.0.0_2516/ide/plugins/com.nxp.mcuxpresso.tools.win32_11.0.0.201905131304/tools/bin/../lib/gcc/arm-none-eabi/8.2.1/../../../../arm-none-eabi/bin/ld.exe: C:\Users\Luis Lenta\Documents\MCUXpressoIDE_11.0.0_2516\workspace\PracticoClase6_ADC\Debug/../src/PracticoClase6_ADC.c:89: undefined reference to `PINSEL_ConfigPin'
c:/nxp/mcuxpressoide_11.0.0_2516/ide/plugins/com.nxp.mcuxpresso.tools.win32_11.0.0.201905131304/tools/bin/../lib/gcc/arm-none-eabi/8.2.1/../../../../arm-none-eabi/bin/ld.exe: C:\Users\Luis Lenta\Documents\MCUXpressoIDE_11.0.0_2516\workspace\PracticoClase6_ADC\Debug/../src/PracticoClase6_ADC.c:90: undefined reference to `GPIO_SetDir'
c:/nxp/mcuxpressoide_11.0.0_2516/ide/plugins/com.nxp.mcuxpresso.tools.win32_11.0.0.201905131304/tools/bin/../lib/gcc/arm-none-eabi/8.2.1/../../../../arm-none-eabi/bin/ld.exe: C:\Users\Luis Lenta\Documents\MCUXpressoIDE_11.0.0_2516\workspace\PracticoClase6_ADC\Debug/../src/PracticoClase6_ADC.c:94: undefined reference to `PINSEL_ConfigPin'
        RamAHB32:          0 GB        32 KB      0.00%
c:/nxp/mcuxpressoide_11.0.0_2516/ide/plugins/com.nxp.mcuxpresso.tools.win32_11.0.0.201905131304/tools/bin/../lib/gcc/arm-none-eabi/8.2.1/../../../../arm-none-eabi/bin/ld.exe: C:\Users\Luis Lenta\Documents\MCUXpressoIDE_11.0.0_2516\workspace\PracticoClase6_ADC\Debug/../src/PracticoClase6_ADC.c:95: undefined reference to `GPIO_SetDir'
collect2.exe: error: ld returned 1 exit status
make: *** [makefile:32: PracticoClase6_ADC.axf] Error 1
"make -r -j4 all" terminated with exit code 2. Build might be incomplete.
19:24:04 **** Clean-only build of configuration Debug for project PracticoClase6_ADC ****
make -r -j4 clean 
rm -rf  ./src/PracticoClase6_ADC.o ./src/cr_startup_lpc175x_6x.o ./src/crp.o  ./src/PracticoClase6_ADC.d ./src/cr_startup_lpc175x_6x.d ./src/crp.d  PracticoClase6_ADC.axf
 
19:24:07 **** Build of configuration Debug for project PracticoClase6_ADC ****
make -r -j4 all 
Building file: ../src/PracticoClase6_ADC.c
Building file: ../src/cr_startup_lpc175x_6x.c
Invoking: MCU C Compiler
arm-none-eabi-gcc -DDEBUG -D__CODE_RED -DCORE_M3 -D__LPC17XX__ -D__REDLIB__ -I"C:\Users\Luis Lenta\Documents\MCUXpressoIDE_11.0.0_2516\workspace\CMSISv2p00_LPC17xx\inc" -I"C:\Users\Luis Lenta\Documents\MCUXpressoIDE_11.0.0_2516\workspace\CMSISv2p00_LPC17xx\Drivers\inc" -O0 -fno-common -g3 -Wall -c -fmessage-length=0 -fno-builtin -ffunction-sections -fdata-sections -mcpu=cortex-m3 -mthumb -fstack-usage -specs=redlib.specs -MMD -MP -MF"src/PracticoClase6_ADC.d" -MT"src/PracticoClase6_ADC.o" -MT"src/PracticoClase6_ADC.d" -o "src/PracticoClase6_ADC.o" "../src/PracticoClase6_ADC.c"
Invoking: MCU C Compiler
arm-none-eabi-gcc -DDEBUG -D__CODE_RED -DCORE_M3 -D__LPC17XX__ -D__REDLIB__ -I"C:\Users\Luis Lenta\Documents\MCUXpressoIDE_11.0.0_2516\workspace\CMSISv2p00_LPC17xx\inc" -I"C:\Users\Luis Lenta\Documents\MCUXpressoIDE_11.0.0_2516\workspace\CMSISv2p00_LPC17xx\Drivers\inc" -O0 -fno-common -g3 -Wall -c -fmessage-length=0 -fno-builtin -ffunction-sections -fdata-sections -mcpu=cortex-m3 -mthumb -fstack-usage -specs=redlib.specs -MMD -MP -MF"src/cr_startup_lpc175x_6x.d" -MT"src/cr_startup_lpc175x_6x.o" -MT"src/cr_startup_lpc175x_6x.d" -o "src/cr_startup_lpc175x_6x.o" "../src/cr_startup_lpc175x_6x.c"
Building file: ../src/crp.c
Invoking: MCU C Compiler
arm-none-eabi-gcc -DDEBUG -D__CODE_RED -DCORE_M3 -D__LPC17XX__ -D__REDLIB__ -I"C:\Users\Luis Lenta\Documents\MCUXpressoIDE_11.0.0_2516\workspace\CMSISv2p00_LPC17xx\inc" -I"C:\Users\Luis Lenta\Documents\MCUXpressoIDE_11.0.0_2516\workspace\CMSISv2p00_LPC17xx\Drivers\inc" -O0 -fno-common -g3 -Wall -c -fmessage-length=0 -fno-builtin -ffunction-sections -fdata-sections -mcpu=cortex-m3 -mthumb -fstack-usage -specs=redlib.specs -MMD -MP -MF"src/crp.d" -MT"src/crp.o" -MT"src/crp.d" -o "src/crp.o" "../src/crp.c"
Finished building: ../src/PracticoClase6_ADC.c
Finished building: ../src/cr_startup_lpc175x_6x.c
 
 
Finished building: ../src/crp.c
 
Building target: PracticoClase6_ADC.axf
Invoking: MCU Linker
arm-none-eabi-gcc -nostdlib -L"C:\Users\Luis Lenta\Documents\MCUXpressoIDE_11.0.0_2516\workspace\CMSISv2p00_LPC17xx\Debug\src" -L"C:\Users\Luis Lenta\Documents\MCUXpressoIDE_11.0.0_2516\workspace\CMSISv2p00_LPC17xx\Debug\Drivers\src" -Xlinker -Map="PracticoClase6_ADC.map" -Xlinker --cref -Xlinker --gc-sections -Xlinker -print-memory-usage -mcpu=cortex-m3 -mthumb -T "PracticoClase6_ADC_Debug.ld" -o "PracticoClase6_ADC.axf"  ./src/PracticoClase6_ADC.o ./src/cr_startup_lpc175x_6x.o ./src/crp.o   
Memory region         Used Size  Region Size  %age Used
       MFlash512:        1016 B       512 KB      0.19%
        RamLoc32:           4 B        32 KB      0.01%
c:/nxp/mcuxpressoide_11.0.0_2516/ide/plugins/com.nxp.mcuxpresso.tools.win32_11.0.0.201905131304/tools/bin/../lib/gcc/arm-none-eabi/8.2.1/../../../../arm-none-eabi/bin/ld.exe: ./src/PracticoClase6_ADC.o: in function `config_GPIO':
C:\Users\Luis Lenta\Documents\MCUXpressoIDE_11.0.0_2516\workspace\PracticoClase6_ADC\Debug/../src/PracticoClase6_ADC.c:60: undefined reference to `PINSEL_ConfigPin'
c:/nxp/mcuxpressoide_11.0.0_2516/ide/plugins/com.nxp.mcuxpresso.tools.win32_11.0.0.201905131304/tools/bin/../lib/gcc/arm-none-eabi/8.2.1/../../../../arm-none-eabi/bin/ld.exe: C:\Users\Luis Lenta\Documents\MCUXpressoIDE_11.0.0_2516\workspace\PracticoClase6_ADC\Debug/../src/PracticoClase6_ADC.c:61: undefined reference to `GPIO_SetDir'
c:/nxp/mcuxpressoide_11.0.0_2516/ide/plugins/com.nxp.mcuxpresso.tools.win32_11.0.0.201905131304/tools/bin/../lib/gcc/arm-none-eabi/8.2.1/../../../../arm-none-eabi/bin/ld.exe: C:\Users\Luis Lenta\Documents\MCUXpressoIDE_11.0.0_2516\workspace\PracticoClase6_ADC\Debug/../src/PracticoClase6_ADC.c:64: undefined reference to `PINSEL_ConfigPin'
c:/nxp/mcuxpressoide_11.0.0_2516/ide/plugins/com.nxp.mcuxpresso.tools.win32_11.0.0.201905131304/tools/bin/../lib/gcc/arm-none-eabi/8.2.1/../../../../arm-none-eabi/bin/ld.exe: C:\Users\Luis Lenta\Documents\MCUXpressoIDE_11.0.0_2516\workspace\PracticoClase6_ADC\Debug/../src/PracticoClase6_ADC.c:65: undefined reference to `GPIO_SetDir'
c:/nxp/mcuxpressoide_11.0.0_2516/ide/plugins/com.nxp.mcuxpresso.tools.win32_11.0.0.201905131304/tools/bin/../lib/gcc/arm-none-eabi/8.2.1/../../../../arm-none-eabi/bin/ld.exe: C:\Users\Luis Lenta\Documents\MCUXpressoIDE_11.0.0_2516\workspace\PracticoClase6_ADC\Debug/../src/PracticoClase6_ADC.c:69: undefined reference to `PINSEL_ConfigPin'
c:/nxp/mcuxpressoide_11.0.0_2516/ide/plugins/com.nxp.mcuxpresso.tools.win32_11.0.0.201905131304/tools/bin/../lib/gcc/arm-none-eabi/8.2.1/../../../../arm-none-eabi/bin/ld.exe: C:\Users\Luis Lenta\Documents\MCUXpressoIDE_11.0.0_2516\workspace\PracticoClase6_ADC\Debug/../src/PracticoClase6_ADC.c:70: undefined reference to `GPIO_SetDir'
c:/nxp/mcuxpressoide_11.0.0_2516/ide/plugins/com.nxp.mcuxpresso.tools.win32_11.0.0.201905131304/tools/bin/../lib/gcc/arm-none-eabi/8.2.1/../../../../arm-none-eabi/bin/ld.exe: C:\Users\Luis Lenta\Documents\MCUXpressoIDE_11.0.0_2516\workspace\PracticoClase6_ADC\Debug/../src/PracticoClase6_ADC.c:74: undefined reference to `PINSEL_ConfigPin'
c:/nxp/mcuxpressoide_11.0.0_2516/ide/plugins/com.nxp.mcuxpresso.tools.win32_11.0.0.201905131304/tools/bin/../lib/gcc/arm-none-eabi/8.2.1/../../../../arm-none-eabi/bin/ld.exe: C:\Users\Luis Lenta\Documents\MCUXpressoIDE_11.0.0_2516\workspace\PracticoClase6_ADC\Debug/../src/PracticoClase6_ADC.c:75: undefined reference to `GPIO_SetDir'
c:/nxp/mcuxpressoide_11.0.0_2516/ide/plugins/com.nxp.mcuxpresso.tools.win32_11.0.0.201905131304/tools/bin/../lib/gcc/arm-none-eabi/8.2.1/../../../../arm-none-eabi/bin/ld.exe: C:\Users\Luis Lenta\Documents\MCUXpressoIDE_11.0.0_2516\workspace\PracticoClase6_ADC\Debug/../src/PracticoClase6_ADC.c:79: undefined reference to `PINSEL_ConfigPin'
c:/nxp/mcuxpressoide_11.0.0_2516/ide/plugins/com.nxp.mcuxpresso.tools.win32_11.0.0.201905131304/tools/bin/../lib/gcc/arm-none-eabi/8.2.1/../../../../arm-none-eabi/bin/ld.exe: C:\Users\Luis Lenta\Documents\MCUXpressoIDE_11.0.0_2516\workspace\PracticoClase6_ADC\Debug/../src/PracticoClase6_ADC.c:80: undefined reference to `GPIO_SetDir'
c:/nxp/mcuxpressoide_11.0.0_2516/ide/plugins/com.nxp.mcuxpresso.tools.win32_11.0.0.201905131304/tools/bin/../lib/gcc/arm-none-eabi/8.2.1/../../../../arm-none-eabi/bin/ld.exe: C:\Users\Luis Lenta\Documents\MCUXpressoIDE_11.0.0_2516\workspace\PracticoClase6_ADC\Debug/../src/PracticoClase6_ADC.c:84: undefined reference to `PINSEL_ConfigPin'
c:/nxp/mcuxpressoide_11.0.0_2516/ide/plugins/com.nxp.mcuxpresso.tools.win32_11.0.0.201905131304/tools/bin/../lib/gcc/arm-none-eabi/8.2.1/../../../../arm-none-eabi/bin/ld.exe: C:\Users\Luis Lenta\Documents\MCUXpressoIDE_11.0.0_2516\workspace\PracticoClase6_ADC\Debug/../src/PracticoClase6_ADC.c:85: undefined reference to `GPIO_SetDir'
c:/nxp/mcuxpressoide_11.0.0_2516/ide/plugins/com.nxp.mcuxpresso.tools.win32_11.0.0.201905131304/tools/bin/../lib/gcc/arm-none-eabi/8.2.1/../../../../arm-none-eabi/bin/ld.exe: C:\Users\Luis Lenta\Documents\MCUXpressoIDE_11.0.0_2516\workspace\PracticoClase6_ADC\Debug/../src/PracticoClase6_ADC.c:89: undefined reference to `PINSEL_ConfigPin'
c:/nxp/mcuxpressoide_11.0.0_2516/ide/plugins/com.nxp.mcuxpresso.tools.win32_11.0.0.201905131304/tools/bin/../lib/gcc/arm-none-eabi/8.2.1/../../../../arm-none-eabi/bin/ld.exe: C:\Users\Luis Lenta\Documents\MCUXpressoIDE_11.0.0_2516\workspace\PracticoClase6_ADC\Debug/../src/PracticoClase6_ADC.c:90: undefined reference to `GPIO_SetDir'
c:/nxp/mcuxpressoide_11.0.0_2516/ide/plugins/com.nxp.mcuxpresso.tools.win32_11.0.0.201905131304/tools/bin/../lib/gcc/arm-none-eabi/8.2.1/../../../../arm-none-eabi/bin/ld.exe: C:\Users\Luis Lenta\Documents\MCUXpressoIDE_11.0.0_2516\workspace\PracticoClase6_ADC\Debug/../src/PracticoClase6_ADC.c:94: undefined reference to `PINSEL_ConfigPin'
c:/nxp/mcuxpressoide_11.0.0_2516/ide/plugins/com.nxp.mcuxpresso.tools.win32_11.0.0.201905131304/tools/bin/../lib/gcc/arm-none-eabi/8.2.1/../../../../arm-none-eabi/bin/ld.exe: C:\Users\Luis Lenta\Documents\MCUXpressoIDE_11.0.0_2516\workspace\PracticoClase6_ADC\Debug/../src/PracticoClase6_ADC.c:95: undefined reference to `GPIO_SetDir'
collect2.exe: error: ld returned 1 exit status
        RamAHB32:          0 GB        32 KB      0.00%
make: *** [makefile:32: PracticoClase6_ADC.axf] Error 1
"make -r -j4 all" terminated with exit code 2. Build might be incomplete.
19:31:31 **** Clean-only build of configuration Debug for project PracticoClase6_ADC ****
make -r -j4 clean 
rm -rf  ./src/PracticoClase6_ADC.o ./src/cr_startup_lpc175x_6x.o ./src/crp.o  ./src/PracticoClase6_ADC.d ./src/cr_startup_lpc175x_6x.d ./src/crp.d  PracticoClase6_ADC.axf
 
19:31:34 **** Build of configuration Debug for project PracticoClase6_ADC ****
make -r -j4 all 
Building file: ../src/PracticoClase6_ADC.c
Building file: ../src/cr_startup_lpc175x_6x.c
Invoking: MCU C Compiler
arm-none-eabi-gcc -DDEBUG -D__CODE_RED -DCORE_M3 -D__LPC17XX__ -D__REDLIB__ -I"C:\Users\Luis Lenta\Documents\MCUXpressoIDE_11.0.0_2516\workspace\CMSISv2p00_LPC17xx\inc" -I"C:\Users\Luis Lenta\Documents\MCUXpressoIDE_11.0.0_2516\workspace\CMSISv2p00_LPC17xx\Drivers\inc" -O0 -fno-common -g3 -Wall -c -fmessage-length=0 -fno-builtin -ffunction-sections -fdata-sections -mcpu=cortex-m3 -mthumb -fstack-usage -specs=redlib.specs -MMD -MP -MF"src/PracticoClase6_ADC.d" -MT"src/PracticoClase6_ADC.o" -MT"src/PracticoClase6_ADC.d" -o "src/PracticoClase6_ADC.o" "../src/PracticoClase6_ADC.c"
Invoking: MCU C Compiler
arm-none-eabi-gcc -DDEBUG -D__CODE_RED -DCORE_M3 -D__LPC17XX__ -D__REDLIB__ -I"C:\Users\Luis Lenta\Documents\MCUXpressoIDE_11.0.0_2516\workspace\CMSISv2p00_LPC17xx\inc" -I"C:\Users\Luis Lenta\Documents\MCUXpressoIDE_11.0.0_2516\workspace\CMSISv2p00_LPC17xx\Drivers\inc" -O0 -fno-common -g3 -Wall -c -fmessage-length=0 -fno-builtin -ffunction-sections -fdata-sections -mcpu=cortex-m3 -mthumb -fstack-usage -specs=redlib.specs -MMD -MP -MF"src/cr_startup_lpc175x_6x.d" -MT"src/cr_startup_lpc175x_6x.o" -MT"src/cr_startup_lpc175x_6x.d" -o "src/cr_startup_lpc175x_6x.o" "../src/cr_startup_lpc175x_6x.c"
Building file: ../src/crp.c
Invoking: MCU C Compiler
arm-none-eabi-gcc -DDEBUG -D__CODE_RED -DCORE_M3 -D__LPC17XX__ -D__REDLIB__ -I"C:\Users\Luis Lenta\Documents\MCUXpressoIDE_11.0.0_2516\workspace\CMSISv2p00_LPC17xx\inc" -I"C:\Users\Luis Lenta\Documents\MCUXpressoIDE_11.0.0_2516\workspace\CMSISv2p00_LPC17xx\Drivers\inc" -O0 -fno-common -g3 -Wall -c -fmessage-length=0 -fno-builtin -ffunction-sections -fdata-sections -mcpu=cortex-m3 -mthumb -fstack-usage -specs=redlib.specs -MMD -MP -MF"src/crp.d" -MT"src/crp.o" -MT"src/crp.d" -o "src/crp.o" "../src/crp.c"
Finished building: ../src/PracticoClase6_ADC.c
Finished building: ../src/cr_startup_lpc175x_6x.c
 
 
Finished building: ../src/crp.c
 
Building target: PracticoClase6_ADC.axf
Invoking: MCU Linker
arm-none-eabi-gcc -nostdlib -L"C:\Users\Luis Lenta\Documents\MCUXpressoIDE_11.0.0_2516\workspace\CMSISv2p00_LPC17xx\Debug\src" -L"C:\Users\Luis Lenta\Documents\MCUXpressoIDE_11.0.0_2516\workspace\CMSISv2p00_LPC17xx\Debug\Drivers\src" -Xlinker -Map="PracticoClase6_ADC.map" -Xlinker --cref -Xlinker --gc-sections -Xlinker -print-memory-usage -mcpu=cortex-m3 -mthumb -T "PracticoClase6_ADC_Debug.ld" -o "PracticoClase6_ADC.axf"  ./src/PracticoClase6_ADC.o ./src/cr_startup_lpc175x_6x.o ./src/crp.o   -lCMSISv2p00_LPC17xx
c:/nxp/mcuxpressoide_11.0.0_2516/ide/plugins/com.nxp.mcuxpresso.tools.win32_11.0.0.201905131304/tools/bin/../lib/gcc/arm-none-eabi/8.2.1/../../../../arm-none-eabi/bin/ld.exe: cannot find -lCMSISv2p00_LPC17xx
collect2.exe: error: ld returned 1 exit status
make: *** [makefile:32: PracticoClase6_ADC.axf] Error 1
"make -r -j4 all" terminated with exit code 2. Build might be incomplete.
19:31:43 **** Incremental Build of configuration Debug for project PracticoClase6_ADC ****
make -r -j4 all 
Building target: PracticoClase6_ADC.axf
Invoking: MCU Linker
arm-none-eabi-gcc -nostdlib -L"C:\Users\Luis Lenta\Documents\MCUXpressoIDE_11.0.0_2516\workspace\CMSISv2p00_LPC17xx\Debug\src" -L"C:\Users\Luis Lenta\Documents\MCUXpressoIDE_11.0.0_2516\workspace\CMSISv2p00_LPC17xx\Debug\Drivers\src" -Xlinker -Map="PracticoClase6_ADC.map" -Xlinker --cref -Xlinker --gc-sections -Xlinker -print-memory-usage -mcpu=cortex-m3 -mthumb -T "PracticoClase6_ADC_Debug.ld" -o "PracticoClase6_ADC.axf"  ./src/PracticoClase6_ADC.o ./src/cr_startup_lpc175x_6x.o ./src/crp.o   -lCMSISv2p00_LPC17xx
c:/nxp/mcuxpressoide_11.0.0_2516/ide/plugins/com.nxp.mcuxpresso.tools.win32_11.0.0.201905131304/tools/bin/../lib/gcc/arm-none-eabi/8.2.1/../../../../arm-none-eabi/bin/ld.exe: cannot find -lCMSISv2p00_LPC17xx
collect2.exe: error: ld returned 1 exit status
make: *** [makefile:32: PracticoClase6_ADC.axf] Error 1
"make -r -j4 all" terminated with exit code 2. Build might be incomplete.
19:32:11 **** Clean-only build of configuration Debug for project CMSISv2p00_LPC17xx ****
make -r clean 
rm -rf  ./src/core_cm3.o ./src/system_LPC17xx.o  ./Drivers/src/debug_frmwrk.o ./Drivers/src/lpc17xx_adc.o ./Drivers/src/lpc17xx_can.o ./Drivers/src/lpc17xx_clkpwr.o ./Drivers/src/lpc17xx_dac.o ./Drivers/src/lpc17xx_emac.o ./Drivers/src/lpc17xx_exti.o ./Drivers/src/lpc17xx_gpio.o ./Drivers/src/lpc17xx_i2c.o ./Drivers/src/lpc17xx_i2s.o ./Drivers/src/lpc17xx_libcfg_default.o ./Drivers/src/lpc17xx_mcpwm.o ./Drivers/src/lpc17xx_nvic.o ./Drivers/src/lpc17xx_pinsel.o ./Drivers/src/lpc17xx_pwm.o ./Drivers/src/lpc17xx_qei.o ./Drivers/src/lpc17xx_rit.o ./Drivers/src/lpc17xx_rtc.o ./Drivers/src/lpc17xx_spi.o ./Drivers/src/lpc17xx_ssp.o ./Drivers/src/lpc17xx_systick.o ./Drivers/src/lpc17xx_timer.o ./Drivers/src/lpc17xx_uart.o ./Drivers/src/lpc17xx_wdt.o  ./src/core_cm3.d ./src/system_LPC17xx.d  ./Drivers/src/debug_frmwrk.d ./Drivers/src/lpc17xx_adc.d ./Drivers/src/lpc17xx_can.d ./Drivers/src/lpc17xx_clkpwr.d ./Drivers/src/lpc17xx_dac.d ./Drivers/src/lpc17xx_emac.d ./Drivers/src/lpc17xx_exti.d ./Drivers/src/lpc17xx_gpio.d ./Drivers/src/lpc17xx_i2c.d ./Drivers/src/lpc17xx_i2s.d ./Drivers/src/lpc17xx_libcfg_default.d ./Drivers/src/lpc17xx_mcpwm.d ./Drivers/src/lpc17xx_nvic.d ./Drivers/src/lpc17xx_pinsel.d ./Drivers/src/lpc17xx_pwm.d ./Drivers/src/lpc17xx_qei.d ./Drivers/src/lpc17xx_rit.d ./Drivers/src/lpc17xx_rtc.d ./Drivers/src/lpc17xx_spi.d ./Drivers/src/lpc17xx_ssp.d ./Drivers/src/lpc17xx_systick.d ./Drivers/src/lpc17xx_timer.d ./Drivers/src/lpc17xx_uart.d ./Drivers/src/lpc17xx_wdt.d  libCMSISv2p00_LPC17xx.a
 
19:32:12 **** Clean-only build of configuration Debug for project PracticoTareaClase4 ****
make -r -j4 clean 
rm -rf  ./src/PracticoTareaClase4.o ./src/cr_startup_lpc175x_6x.o ./src/crp.o  ./src/PracticoTareaClase4.d ./src/cr_startup_lpc175x_6x.d ./src/crp.d  PracticoTareaClase4.axf
 
19:32:15 **** Build of configuration Debug for project CMSISv2p00_LPC17xx ****
make -r all 
Building file: ../src/core_cm3.c
Invoking: MCU C Compiler
arm-none-eabi-gcc -D__REDLIB__ -DDEBUG -D__CODE_RED -I"C:\Users\Luis Lenta\Documents\MCUXpressoIDE_11.0.0_2516\workspace\CMSISv2p00_LPC17xx\Drivers\inc" -I"../inc" -O0 -Os -g3 -Wall -c -fmessage-length=0 -fno-builtin -ffunction-sections -fdata-sections -mcpu=cortex-m3 -mthumb -D__REDLIB__ -fstack-usage -specs=redlib.specs -MMD -MP -MF"src/core_cm3.d" -MT"src/core_cm3.o" -MT"src/core_cm3.d" -o "src/core_cm3.o" "../src/core_cm3.c"
Finished building: ../src/core_cm3.c
 
Building file: ../src/system_LPC17xx.c
Invoking: MCU C Compiler
arm-none-eabi-gcc -D__REDLIB__ -DDEBUG -D__CODE_RED -I"C:\Users\Luis Lenta\Documents\MCUXpressoIDE_11.0.0_2516\workspace\CMSISv2p00_LPC17xx\Drivers\inc" -I"../inc" -O0 -Os -g3 -Wall -c -fmessage-length=0 -fno-builtin -ffunction-sections -fdata-sections -mcpu=cortex-m3 -mthumb -D__REDLIB__ -fstack-usage -specs=redlib.specs -MMD -MP -MF"src/system_LPC17xx.d" -MT"src/system_LPC17xx.o" -MT"src/system_LPC17xx.d" -o "src/system_LPC17xx.o" "../src/system_LPC17xx.c"
Finished building: ../src/system_LPC17xx.c
 
Building file: ../Drivers/src/debug_frmwrk.c
Invoking: MCU C Compiler
arm-none-eabi-gcc -D__REDLIB__ -DDEBUG -D__CODE_RED -I"C:\Users\Luis Lenta\Documents\MCUXpressoIDE_11.0.0_2516\workspace\CMSISv2p00_LPC17xx\Drivers\inc" -I"../inc" -O0 -Os -g3 -Wall -c -fmessage-length=0 -fno-builtin -ffunction-sections -fdata-sections -mcpu=cortex-m3 -mthumb -D__REDLIB__ -fstack-usage -specs=redlib.specs -MMD -MP -MF"Drivers/src/debug_frmwrk.d" -MT"Drivers/src/debug_frmwrk.o" -MT"Drivers/src/debug_frmwrk.d" -o "Drivers/src/debug_frmwrk.o" "../Drivers/src/debug_frmwrk.c"
In file included from ../Drivers/src/debug_frmwrk.c:30:
C:\Users\Luis Lenta\Documents\MCUXpressoIDE_11.0.0_2516\workspace\CMSISv2p00_LPC17xx\Drivers\inc/lpc17xx_libcfg_default.h:42: warning: "DEBUG" redefined
 #define DEBUG
 
<command-line>: note: this is the location of the previous definition
Finished building: ../Drivers/src/debug_frmwrk.c
 
Building file: ../Drivers/src/lpc17xx_adc.c
Invoking: MCU C Compiler
arm-none-eabi-gcc -D__REDLIB__ -DDEBUG -D__CODE_RED -I"C:\Users\Luis Lenta\Documents\MCUXpressoIDE_11.0.0_2516\workspace\CMSISv2p00_LPC17xx\Drivers\inc" -I"../inc" -O0 -Os -g3 -Wall -c -fmessage-length=0 -fno-builtin -ffunction-sections -fdata-sections -mcpu=cortex-m3 -mthumb -D__REDLIB__ -fstack-usage -specs=redlib.specs -MMD -MP -MF"Drivers/src/lpc17xx_adc.d" -MT"Drivers/src/lpc17xx_adc.o" -MT"Drivers/src/lpc17xx_adc.d" -o "Drivers/src/lpc17xx_adc.o" "../Drivers/src/lpc17xx_adc.c"
In file included from ../Drivers/src/lpc17xx_adc.c:36:
C:\Users\Luis Lenta\Documents\MCUXpressoIDE_11.0.0_2516\workspace\CMSISv2p00_LPC17xx\Drivers\inc/lpc17xx_libcfg_default.h:42: warning: "DEBUG" redefined
 #define DEBUG
 
<command-line>: note: this is the location of the previous definition
Finished building: ../Drivers/src/lpc17xx_adc.c
 
Building file: ../Drivers/src/lpc17xx_can.c
Invoking: MCU C Compiler
arm-none-eabi-gcc -D__REDLIB__ -DDEBUG -D__CODE_RED -I"C:\Users\Luis Lenta\Documents\MCUXpressoIDE_11.0.0_2516\workspace\CMSISv2p00_LPC17xx\Drivers\inc" -I"../inc" -O0 -Os -g3 -Wall -c -fmessage-length=0 -fno-builtin -ffunction-sections -fdata-sections -mcpu=cortex-m3 -mthumb -D__REDLIB__ -fstack-usage -specs=redlib.specs -MMD -MP -MF"Drivers/src/lpc17xx_can.d" -MT"Drivers/src/lpc17xx_can.o" -MT"Drivers/src/lpc17xx_can.d" -o "Drivers/src/lpc17xx_can.o" "../Drivers/src/lpc17xx_can.c"
In file included from ../Drivers/src/lpc17xx_can.c:36:
C:\Users\Luis Lenta\Documents\MCUXpressoIDE_11.0.0_2516\workspace\CMSISv2p00_LPC17xx\Drivers\inc/lpc17xx_libcfg_default.h:42: warning: "DEBUG" redefined
 #define DEBUG
 
<command-line>: note: this is the location of the previous definition
../Drivers/src/lpc17xx_can.c: In function 'CAN_Init':
../Drivers/src/lpc17xx_can.c:164:23: warning: unused variable 'temp' [-Wunused-variable]
     volatile uint32_t temp = CANx->ICR;
                       ^~~~
Finished building: ../Drivers/src/lpc17xx_can.c
 
Building file: ../Drivers/src/lpc17xx_clkpwr.c
Invoking: MCU C Compiler
arm-none-eabi-gcc -D__REDLIB__ -DDEBUG -D__CODE_RED -I"C:\Users\Luis Lenta\Documents\MCUXpressoIDE_11.0.0_2516\workspace\CMSISv2p00_LPC17xx\Drivers\inc" -I"../inc" -O0 -Os -g3 -Wall -c -fmessage-length=0 -fno-builtin -ffunction-sections -fdata-sections -mcpu=cortex-m3 -mthumb -D__REDLIB__ -fstack-usage -specs=redlib.specs -MMD -MP -MF"Drivers/src/lpc17xx_clkpwr.d" -MT"Drivers/src/lpc17xx_clkpwr.o" -MT"Drivers/src/lpc17xx_clkpwr.d" -o "Drivers/src/lpc17xx_clkpwr.o" "../Drivers/src/lpc17xx_clkpwr.c"
Finished building: ../Drivers/src/lpc17xx_clkpwr.c
 
Building file: ../Drivers/src/lpc17xx_dac.c
Invoking: MCU C Compiler
arm-none-eabi-gcc -D__REDLIB__ -DDEBUG -D__CODE_RED -I"C:\Users\Luis Lenta\Documents\MCUXpressoIDE_11.0.0_2516\workspace\CMSISv2p00_LPC17xx\Drivers\inc" -I"../inc" -O0 -Os -g3 -Wall -c -fmessage-length=0 -fno-builtin -ffunction-sections -fdata-sections -mcpu=cortex-m3 -mthumb -D__REDLIB__ -fstack-usage -specs=redlib.specs -MMD -MP -MF"Drivers/src/lpc17xx_dac.d" -MT"Drivers/src/lpc17xx_dac.o" -MT"Drivers/src/lpc17xx_dac.d" -o "Drivers/src/lpc17xx_dac.o" "../Drivers/src/lpc17xx_dac.c"
In file included from ../Drivers/src/lpc17xx_dac.c:36:
C:\Users\Luis Lenta\Documents\MCUXpressoIDE_11.0.0_2516\workspace\CMSISv2p00_LPC17xx\Drivers\inc/lpc17xx_libcfg_default.h:42: warning: "DEBUG" redefined
 #define DEBUG
 
<command-line>: note: this is the location of the previous definition
Finished building: ../Drivers/src/lpc17xx_dac.c
 
Building file: ../Drivers/src/lpc17xx_emac.c
Invoking: MCU C Compiler
arm-none-eabi-gcc -D__REDLIB__ -DDEBUG -D__CODE_RED -I"C:\Users\Luis Lenta\Documents\MCUXpressoIDE_11.0.0_2516\workspace\CMSISv2p00_LPC17xx\Drivers\inc" -I"../inc" -O0 -Os -g3 -Wall -c -fmessage-length=0 -fno-builtin -ffunction-sections -fdata-sections -mcpu=cortex-m3 -mthumb -D__REDLIB__ -fstack-usage -specs=redlib.specs -MMD -MP -MF"Drivers/src/lpc17xx_emac.d" -MT"Drivers/src/lpc17xx_emac.o" -MT"Drivers/src/lpc17xx_emac.d" -o "Drivers/src/lpc17xx_emac.o" "../Drivers/src/lpc17xx_emac.c"
In file included from ../Drivers/src/lpc17xx_emac.c:36:
C:\Users\Luis Lenta\Documents\MCUXpressoIDE_11.0.0_2516\workspace\CMSISv2p00_LPC17xx\Drivers\inc/lpc17xx_libcfg_default.h:42: warning: "DEBUG" redefined
 #define DEBUG
 
<command-line>: note: this is the location of the previous definition
Finished building: ../Drivers/src/lpc17xx_emac.c
 
Building file: ../Drivers/src/lpc17xx_exti.c
Invoking: MCU C Compiler
arm-none-eabi-gcc -D__REDLIB__ -DDEBUG -D__CODE_RED -I"C:\Users\Luis Lenta\Documents\MCUXpressoIDE_11.0.0_2516\workspace\CMSISv2p00_LPC17xx\Drivers\inc" -I"../inc" -O0 -Os -g3 -Wall -c -fmessage-length=0 -fno-builtin -ffunction-sections -fdata-sections -mcpu=cortex-m3 -mthumb -D__REDLIB__ -fstack-usage -specs=redlib.specs -MMD -MP -MF"Drivers/src/lpc17xx_exti.d" -MT"Drivers/src/lpc17xx_exti.o" -MT"Drivers/src/lpc17xx_exti.d" -o "Drivers/src/lpc17xx_exti.o" "../Drivers/src/lpc17xx_exti.c"
In file included from ../Drivers/src/lpc17xx_exti.c:35:
C:\Users\Luis Lenta\Documents\MCUXpressoIDE_11.0.0_2516\workspace\CMSISv2p00_LPC17xx\Drivers\inc/lpc17xx_libcfg_default.h:42: warning: "DEBUG" redefined
 #define DEBUG
 
<command-line>: note: this is the location of the previous definition
Finished building: ../Drivers/src/lpc17xx_exti.c
 
Building file: ../Drivers/src/lpc17xx_gpio.c
Invoking: MCU C Compiler
arm-none-eabi-gcc -D__REDLIB__ -DDEBUG -D__CODE_RED -I"C:\Users\Luis Lenta\Documents\MCUXpressoIDE_11.0.0_2516\workspace\CMSISv2p00_LPC17xx\Drivers\inc" -I"../inc" -O0 -Os -g3 -Wall -c -fmessage-length=0 -fno-builtin -ffunction-sections -fdata-sections -mcpu=cortex-m3 -mthumb -D__REDLIB__ -fstack-usage -specs=redlib.specs -MMD -MP -MF"Drivers/src/lpc17xx_gpio.d" -MT"Drivers/src/lpc17xx_gpio.o" -MT"Drivers/src/lpc17xx_gpio.d" -o "Drivers/src/lpc17xx_gpio.o" "../Drivers/src/lpc17xx_gpio.c"
In file included from ../Drivers/src/lpc17xx_gpio.c:35:
C:\Users\Luis Lenta\Documents\MCUXpressoIDE_11.0.0_2516\workspace\CMSISv2p00_LPC17xx\Drivers\inc/lpc17xx_libcfg_default.h:42: warning: "DEBUG" redefined
 #define DEBUG
 
<command-line>: note: this is the location of the previous definition
Finished building: ../Drivers/src/lpc17xx_gpio.c
 
Building file: ../Drivers/src/lpc17xx_i2c.c
Invoking: MCU C Compiler
arm-none-eabi-gcc -D__REDLIB__ -DDEBUG -D__CODE_RED -I"C:\Users\Luis Lenta\Documents\MCUXpressoIDE_11.0.0_2516\workspace\CMSISv2p00_LPC17xx\Drivers\inc" -I"../inc" -O0 -Os -g3 -Wall -c -fmessage-length=0 -fno-builtin -ffunction-sections -fdata-sections -mcpu=cortex-m3 -mthumb -D__REDLIB__ -fstack-usage -specs=redlib.specs -MMD -MP -MF"Drivers/src/lpc17xx_i2c.d" -MT"Drivers/src/lpc17xx_i2c.o" -MT"Drivers/src/lpc17xx_i2c.d" -o "Drivers/src/lpc17xx_i2c.o" "../Drivers/src/lpc17xx_i2c.c"
In file included from ../Drivers/src/lpc17xx_i2c.c:38:
C:\Users\Luis Lenta\Documents\MCUXpressoIDE_11.0.0_2516\workspace\CMSISv2p00_LPC17xx\Drivers\inc/lpc17xx_libcfg_default.h:42: warning: "DEBUG" redefined
 #define DEBUG
 
<command-line>: note: this is the location of the previous definition
Finished building: ../Drivers/src/lpc17xx_i2c.c
 
Building file: ../Drivers/src/lpc17xx_i2s.c
Invoking: MCU C Compiler
arm-none-eabi-gcc -D__REDLIB__ -DDEBUG -D__CODE_RED -I"C:\Users\Luis Lenta\Documents\MCUXpressoIDE_11.0.0_2516\workspace\CMSISv2p00_LPC17xx\Drivers\inc" -I"../inc" -O0 -Os -g3 -Wall -c -fmessage-length=0 -fno-builtin -ffunction-sections -fdata-sections -mcpu=cortex-m3 -mthumb -D__REDLIB__ -fstack-usage -specs=redlib.specs -MMD -MP -MF"Drivers/src/lpc17xx_i2s.d" -MT"Drivers/src/lpc17xx_i2s.o" -MT"Drivers/src/lpc17xx_i2s.d" -o "Drivers/src/lpc17xx_i2s.o" "../Drivers/src/lpc17xx_i2s.c"
In file included from ../Drivers/src/lpc17xx_i2s.c:37:
C:\Users\Luis Lenta\Documents\MCUXpressoIDE_11.0.0_2516\workspace\CMSISv2p00_LPC17xx\Drivers\inc/lpc17xx_libcfg_default.h:42: warning: "DEBUG" redefined
 #define DEBUG
 
<command-line>: note: this is the location of the previous definition
Finished building: ../Drivers/src/lpc17xx_i2s.c
 
Building file: ../Drivers/src/lpc17xx_libcfg_default.c
Invoking: MCU C Compiler
arm-none-eabi-gcc -D__REDLIB__ -DDEBUG -D__CODE_RED -I"C:\Users\Luis Lenta\Documents\MCUXpressoIDE_11.0.0_2516\workspace\CMSISv2p00_LPC17xx\Drivers\inc" -I"../inc" -O0 -Os -g3 -Wall -c -fmessage-length=0 -fno-builtin -ffunction-sections -fdata-sections -mcpu=cortex-m3 -mthumb -D__REDLIB__ -fstack-usage -specs=redlib.specs -MMD -MP -MF"Drivers/src/lpc17xx_libcfg_default.d" -MT"Drivers/src/lpc17xx_libcfg_default.o" -MT"Drivers/src/lpc17xx_libcfg_default.d" -o "Drivers/src/lpc17xx_libcfg_default.o" "../Drivers/src/lpc17xx_libcfg_default.c"
In file included from ../Drivers/src/lpc17xx_libcfg_default.c:27:
C:\Users\Luis Lenta\Documents\MCUXpressoIDE_11.0.0_2516\workspace\CMSISv2p00_LPC17xx\Drivers\inc/lpc17xx_libcfg_default.h:42: warning: "DEBUG" redefined
 #define DEBUG
 
<command-line>: note: this is the location of the previous definition
Finished building: ../Drivers/src/lpc17xx_libcfg_default.c
 
Building file: ../Drivers/src/lpc17xx_mcpwm.c
Invoking: MCU C Compiler
arm-none-eabi-gcc -D__REDLIB__ -DDEBUG -D__CODE_RED -I"C:\Users\Luis Lenta\Documents\MCUXpressoIDE_11.0.0_2516\workspace\CMSISv2p00_LPC17xx\Drivers\inc" -I"../inc" -O0 -Os -g3 -Wall -c -fmessage-length=0 -fno-builtin -ffunction-sections -fdata-sections -mcpu=cortex-m3 -mthumb -D__REDLIB__ -fstack-usage -specs=redlib.specs -MMD -MP -MF"Drivers/src/lpc17xx_mcpwm.d" -MT"Drivers/src/lpc17xx_mcpwm.o" -MT"Drivers/src/lpc17xx_mcpwm.d" -o "Drivers/src/lpc17xx_mcpwm.o" "../Drivers/src/lpc17xx_mcpwm.c"
In file included from ../Drivers/src/lpc17xx_mcpwm.c:37:
C:\Users\Luis Lenta\Documents\MCUXpressoIDE_11.0.0_2516\workspace\CMSISv2p00_LPC17xx\Drivers\inc/lpc17xx_libcfg_default.h:42: warning: "DEBUG" redefined
 #define DEBUG
 
<command-line>: note: this is the location of the previous definition
Finished building: ../Drivers/src/lpc17xx_mcpwm.c
 
Building file: ../Drivers/src/lpc17xx_nvic.c
Invoking: MCU C Compiler
arm-none-eabi-gcc -D__REDLIB__ -DDEBUG -D__CODE_RED -I"C:\Users\Luis Lenta\Documents\MCUXpressoIDE_11.0.0_2516\workspace\CMSISv2p00_LPC17xx\Drivers\inc" -I"../inc" -O0 -Os -g3 -Wall -c -fmessage-length=0 -fno-builtin -ffunction-sections -fdata-sections -mcpu=cortex-m3 -mthumb -D__REDLIB__ -fstack-usage -specs=redlib.specs -MMD -MP -MF"Drivers/src/lpc17xx_nvic.d" -MT"Drivers/src/lpc17xx_nvic.o" -MT"Drivers/src/lpc17xx_nvic.d" -o "Drivers/src/lpc17xx_nvic.o" "../Drivers/src/lpc17xx_nvic.c"
../Drivers/src/lpc17xx_nvic.c: In function 'NVIC_SCBDeInit':
../Drivers/src/lpc17xx_nvic.c:107:17: warning: iteration 12 invokes undefined behavior [-Waggressive-loop-optimizations]
   SCB->SHP[tmp] = 0x00;
../Drivers/src/lpc17xx_nvic.c:106:2: note: within this loop
  for (tmp = 0; tmp < 32; tmp++) {
  ^~~
Finished building: ../Drivers/src/lpc17xx_nvic.c
 
Building file: ../Drivers/src/lpc17xx_pinsel.c
Invoking: MCU C Compiler
arm-none-eabi-gcc -D__REDLIB__ -DDEBUG -D__CODE_RED -I"C:\Users\Luis Lenta\Documents\MCUXpressoIDE_11.0.0_2516\workspace\CMSISv2p00_LPC17xx\Drivers\inc" -I"../inc" -O0 -Os -g3 -Wall -c -fmessage-length=0 -fno-builtin -ffunction-sections -fdata-sections -mcpu=cortex-m3 -mthumb -D__REDLIB__ -fstack-usage -specs=redlib.specs -MMD -MP -MF"Drivers/src/lpc17xx_pinsel.d" -MT"Drivers/src/lpc17xx_pinsel.o" -MT"Drivers/src/lpc17xx_pinsel.d" -o "Drivers/src/lpc17xx_pinsel.o" "../Drivers/src/lpc17xx_pinsel.c"
Finished building: ../Drivers/src/lpc17xx_pinsel.c
 
Building file: ../Drivers/src/lpc17xx_pwm.c
Invoking: MCU C Compiler
arm-none-eabi-gcc -D__REDLIB__ -DDEBUG -D__CODE_RED -I"C:\Users\Luis Lenta\Documents\MCUXpressoIDE_11.0.0_2516\workspace\CMSISv2p00_LPC17xx\Drivers\inc" -I"../inc" -O0 -Os -g3 -Wall -c -fmessage-length=0 -fno-builtin -ffunction-sections -fdata-sections -mcpu=cortex-m3 -mthumb -D__REDLIB__ -fstack-usage -specs=redlib.specs -MMD -MP -MF"Drivers/src/lpc17xx_pwm.d" -MT"Drivers/src/lpc17xx_pwm.o" -MT"Drivers/src/lpc17xx_pwm.d" -o "Drivers/src/lpc17xx_pwm.o" "../Drivers/src/lpc17xx_pwm.c"
In file included from ../Drivers/src/lpc17xx_pwm.c:36:
C:\Users\Luis Lenta\Documents\MCUXpressoIDE_11.0.0_2516\workspace\CMSISv2p00_LPC17xx\Drivers\inc/lpc17xx_libcfg_default.h:42: warning: "DEBUG" redefined
 #define DEBUG
 
<command-line>: note: this is the location of the previous definition
Finished building: ../Drivers/src/lpc17xx_pwm.c
 
Building file: ../Drivers/src/lpc17xx_qei.c
Invoking: MCU C Compiler
arm-none-eabi-gcc -D__REDLIB__ -DDEBUG -D__CODE_RED -I"C:\Users\Luis Lenta\Documents\MCUXpressoIDE_11.0.0_2516\workspace\CMSISv2p00_LPC17xx\Drivers\inc" -I"../inc" -O0 -Os -g3 -Wall -c -fmessage-length=0 -fno-builtin -ffunction-sections -fdata-sections -mcpu=cortex-m3 -mthumb -D__REDLIB__ -fstack-usage -specs=redlib.specs -MMD -MP -MF"Drivers/src/lpc17xx_qei.d" -MT"Drivers/src/lpc17xx_qei.o" -MT"Drivers/src/lpc17xx_qei.d" -o "Drivers/src/lpc17xx_qei.o" "../Drivers/src/lpc17xx_qei.c"
In file included from ../Drivers/src/lpc17xx_qei.c:37:
C:\Users\Luis Lenta\Documents\MCUXpressoIDE_11.0.0_2516\workspace\CMSISv2p00_LPC17xx\Drivers\inc/lpc17xx_libcfg_default.h:42: warning: "DEBUG" redefined
 #define DEBUG
 
<command-line>: note: this is the location of the previous definition
Finished building: ../Drivers/src/lpc17xx_qei.c
 
Building file: ../Drivers/src/lpc17xx_rit.c
Invoking: MCU C Compiler
arm-none-eabi-gcc -D__REDLIB__ -DDEBUG -D__CODE_RED -I"C:\Users\Luis Lenta\Documents\MCUXpressoIDE_11.0.0_2516\workspace\CMSISv2p00_LPC17xx\Drivers\inc" -I"../inc" -O0 -Os -g3 -Wall -c -fmessage-length=0 -fno-builtin -ffunction-sections -fdata-sections -mcpu=cortex-m3 -mthumb -D__REDLIB__ -fstack-usage -specs=redlib.specs -MMD -MP -MF"Drivers/src/lpc17xx_rit.d" -MT"Drivers/src/lpc17xx_rit.o" -MT"Drivers/src/lpc17xx_rit.d" -o "Drivers/src/lpc17xx_rit.o" "../Drivers/src/lpc17xx_rit.c"
In file included from ../Drivers/src/lpc17xx_rit.c:36:
C:\Users\Luis Lenta\Documents\MCUXpressoIDE_11.0.0_2516\workspace\CMSISv2p00_LPC17xx\Drivers\inc/lpc17xx_libcfg_default.h:42: warning: "DEBUG" redefined
 #define DEBUG
 
<command-line>: note: this is the location of the previous definition
Finished building: ../Drivers/src/lpc17xx_rit.c
 
Building file: ../Drivers/src/lpc17xx_rtc.c
Invoking: MCU C Compiler
arm-none-eabi-gcc -D__REDLIB__ -DDEBUG -D__CODE_RED -I"C:\Users\Luis Lenta\Documents\MCUXpressoIDE_11.0.0_2516\workspace\CMSISv2p00_LPC17xx\Drivers\inc" -I"../inc" -O0 -Os -g3 -Wall -c -fmessage-length=0 -fno-builtin -ffunction-sections -fdata-sections -mcpu=cortex-m3 -mthumb -D__REDLIB__ -fstack-usage -specs=redlib.specs -MMD -MP -MF"Drivers/src/lpc17xx_rtc.d" -MT"Drivers/src/lpc17xx_rtc.o" -MT"Drivers/src/lpc17xx_rtc.d" -o "Drivers/src/lpc17xx_rtc.o" "../Drivers/src/lpc17xx_rtc.c"
In file included from ../Drivers/src/lpc17xx_rtc.c:38:
C:\Users\Luis Lenta\Documents\MCUXpressoIDE_11.0.0_2516\workspace\CMSISv2p00_LPC17xx\Drivers\inc/lpc17xx_libcfg_default.h:42: warning: "DEBUG" redefined
 #define DEBUG
 
<command-line>: note: this is the location of the previous definition
Finished building: ../Drivers/src/lpc17xx_rtc.c
 
Building file: ../Drivers/src/lpc17xx_spi.c
Invoking: MCU C Compiler
arm-none-eabi-gcc -D__REDLIB__ -DDEBUG -D__CODE_RED -I"C:\Users\Luis Lenta\Documents\MCUXpressoIDE_11.0.0_2516\workspace\CMSISv2p00_LPC17xx\Drivers\inc" -I"../inc" -O0 -Os -g3 -Wall -c -fmessage-length=0 -fno-builtin -ffunction-sections -fdata-sections -mcpu=cortex-m3 -mthumb -D__REDLIB__ -fstack-usage -specs=redlib.specs -MMD -MP -MF"Drivers/src/lpc17xx_spi.d" -MT"Drivers/src/lpc17xx_spi.o" -MT"Drivers/src/lpc17xx_spi.d" -o "Drivers/src/lpc17xx_spi.o" "../Drivers/src/lpc17xx_spi.c"
In file included from ../Drivers/src/lpc17xx_spi.c:36:
C:\Users\Luis Lenta\Documents\MCUXpressoIDE_11.0.0_2516\workspace\CMSISv2p00_LPC17xx\Drivers\inc/lpc17xx_libcfg_default.h:42: warning: "DEBUG" redefined
 #define DEBUG
 
<command-line>: note: this is the location of the previous definition
Finished building: ../Drivers/src/lpc17xx_spi.c
 
Building file: ../Drivers/src/lpc17xx_ssp.c
Invoking: MCU C Compiler
arm-none-eabi-gcc -D__REDLIB__ -DDEBUG -D__CODE_RED -I"C:\Users\Luis Lenta\Documents\MCUXpressoIDE_11.0.0_2516\workspace\CMSISv2p00_LPC17xx\Drivers\inc" -I"../inc" -O0 -Os -g3 -Wall -c -fmessage-length=0 -fno-builtin -ffunction-sections -fdata-sections -mcpu=cortex-m3 -mthumb -D__REDLIB__ -fstack-usage -specs=redlib.specs -MMD -MP -MF"Drivers/src/lpc17xx_ssp.d" -MT"Drivers/src/lpc17xx_ssp.o" -MT"Drivers/src/lpc17xx_ssp.d" -o "Drivers/src/lpc17xx_ssp.o" "../Drivers/src/lpc17xx_ssp.c"
In file included from ../Drivers/src/lpc17xx_ssp.c:37:
C:\Users\Luis Lenta\Documents\MCUXpressoIDE_11.0.0_2516\workspace\CMSISv2p00_LPC17xx\Drivers\inc/lpc17xx_libcfg_default.h:42: warning: "DEBUG" redefined
 #define DEBUG
 
<command-line>: note: this is the location of the previous definition
Finished building: ../Drivers/src/lpc17xx_ssp.c
 
Building file: ../Drivers/src/lpc17xx_systick.c
Invoking: MCU C Compiler
arm-none-eabi-gcc -D__REDLIB__ -DDEBUG -D__CODE_RED -I"C:\Users\Luis Lenta\Documents\MCUXpressoIDE_11.0.0_2516\workspace\CMSISv2p00_LPC17xx\Drivers\inc" -I"../inc" -O0 -Os -g3 -Wall -c -fmessage-length=0 -fno-builtin -ffunction-sections -fdata-sections -mcpu=cortex-m3 -mthumb -D__REDLIB__ -fstack-usage -specs=redlib.specs -MMD -MP -MF"Drivers/src/lpc17xx_systick.d" -MT"Drivers/src/lpc17xx_systick.o" -MT"Drivers/src/lpc17xx_systick.d" -o "Drivers/src/lpc17xx_systick.o" "../Drivers/src/lpc17xx_systick.c"
In file included from ../Drivers/src/lpc17xx_systick.c:36:
C:\Users\Luis Lenta\Documents\MCUXpressoIDE_11.0.0_2516\workspace\CMSISv2p00_LPC17xx\Drivers\inc/lpc17xx_libcfg_default.h:42: warning: "DEBUG" redefined
 #define DEBUG
 
<command-line>: note: this is the location of the previous definition
Finished building: ../Drivers/src/lpc17xx_systick.c
 
Building file: ../Drivers/src/lpc17xx_timer.c
Invoking: MCU C Compiler
arm-none-eabi-gcc -D__REDLIB__ -DDEBUG -D__CODE_RED -I"C:\Users\Luis Lenta\Documents\MCUXpressoIDE_11.0.0_2516\workspace\CMSISv2p00_LPC17xx\Drivers\inc" -I"../inc" -O0 -Os -g3 -Wall -c -fmessage-length=0 -fno-builtin -ffunction-sections -fdata-sections -mcpu=cortex-m3 -mthumb -D__REDLIB__ -fstack-usage -specs=redlib.specs -MMD -MP -MF"Drivers/src/lpc17xx_timer.d" -MT"Drivers/src/lpc17xx_timer.o" -MT"Drivers/src/lpc17xx_timer.d" -o "Drivers/src/lpc17xx_timer.o" "../Drivers/src/lpc17xx_timer.c"
In file included from ../Drivers/src/lpc17xx_timer.c:37:
C:\Users\Luis Lenta\Documents\MCUXpressoIDE_11.0.0_2516\workspace\CMSISv2p00_LPC17xx\Drivers\inc/lpc17xx_libcfg_default.h:42: warning: "DEBUG" redefined
 #define DEBUG
 
<command-line>: note: this is the location of the previous definition
Finished building: ../Drivers/src/lpc17xx_timer.c
 
Building file: ../Drivers/src/lpc17xx_uart.c
Invoking: MCU C Compiler
arm-none-eabi-gcc -D__REDLIB__ -DDEBUG -D__CODE_RED -I"C:\Users\Luis Lenta\Documents\MCUXpressoIDE_11.0.0_2516\workspace\CMSISv2p00_LPC17xx\Drivers\inc" -I"../inc" -O0 -Os -g3 -Wall -c -fmessage-length=0 -fno-builtin -ffunction-sections -fdata-sections -mcpu=cortex-m3 -mthumb -D__REDLIB__ -fstack-usage -specs=redlib.specs -MMD -MP -MF"Drivers/src/lpc17xx_uart.d" -MT"Drivers/src/lpc17xx_uart.o" -MT"Drivers/src/lpc17xx_uart.d" -o "Drivers/src/lpc17xx_uart.o" "../Drivers/src/lpc17xx_uart.c"
In file included from ../Drivers/src/lpc17xx_uart.c:36:
C:\Users\Luis Lenta\Documents\MCUXpressoIDE_11.0.0_2516\workspace\CMSISv2p00_LPC17xx\Drivers\inc/lpc17xx_libcfg_default.h:42: warning: "DEBUG" redefined
 #define DEBUG
 
<command-line>: note: this is the location of the previous definition
Finished building: ../Drivers/src/lpc17xx_uart.c
 
Building file: ../Drivers/src/lpc17xx_wdt.c
Invoking: MCU C Compiler
arm-none-eabi-gcc -D__REDLIB__ -DDEBUG -D__CODE_RED -I"C:\Users\Luis Lenta\Documents\MCUXpressoIDE_11.0.0_2516\workspace\CMSISv2p00_LPC17xx\Drivers\inc" -I"../inc" -O0 -Os -g3 -Wall -c -fmessage-length=0 -fno-builtin -ffunction-sections -fdata-sections -mcpu=cortex-m3 -mthumb -D__REDLIB__ -fstack-usage -specs=redlib.specs -MMD -MP -MF"Drivers/src/lpc17xx_wdt.d" -MT"Drivers/src/lpc17xx_wdt.o" -MT"Drivers/src/lpc17xx_wdt.d" -o "Drivers/src/lpc17xx_wdt.o" "../Drivers/src/lpc17xx_wdt.c"
In file included from ../Drivers/src/lpc17xx_wdt.c:38:
C:\Users\Luis Lenta\Documents\MCUXpressoIDE_11.0.0_2516\workspace\CMSISv2p00_LPC17xx\Drivers\inc/lpc17xx_libcfg_default.h:42: warning: "DEBUG" redefined
 #define DEBUG
 
<command-line>: note: this is the location of the previous definition
Finished building: ../Drivers/src/lpc17xx_wdt.c
 
Building target: libCMSISv2p00_LPC17xx.a
Invoking: MCU Archiver
arm-none-eabi-ar -r  "libCMSISv2p00_LPC17xx.a"  ./src/core_cm3.o ./src/system_LPC17xx.o  ./Drivers/src/debug_frmwrk.o ./Drivers/src/lpc17xx_adc.o ./Drivers/src/lpc17xx_can.o ./Drivers/src/lpc17xx_clkpwr.o ./Drivers/src/lpc17xx_dac.o ./Drivers/src/lpc17xx_emac.o ./Drivers/src/lpc17xx_exti.o ./Drivers/src/lpc17xx_gpio.o ./Drivers/src/lpc17xx_i2c.o ./Drivers/src/lpc17xx_i2s.o ./Drivers/src/lpc17xx_libcfg_default.o ./Drivers/src/lpc17xx_mcpwm.o ./Drivers/src/lpc17xx_nvic.o ./Drivers/src/lpc17xx_pinsel.o ./Drivers/src/lpc17xx_pwm.o ./Drivers/src/lpc17xx_qei.o ./Drivers/src/lpc17xx_rit.o ./Drivers/src/lpc17xx_rtc.o ./Drivers/src/lpc17xx_spi.o ./Drivers/src/lpc17xx_ssp.o ./Drivers/src/lpc17xx_systick.o ./Drivers/src/lpc17xx_timer.o ./Drivers/src/lpc17xx_uart.o ./Drivers/src/lpc17xx_wdt.o   
arm-none-eabi-ar: creating libCMSISv2p00_LPC17xx.a
Finished building target: libCMSISv2p00_LPC17xx.a
 
make --no-print-directory post-build
Performing post-build steps
arm-none-eabi-size libCMSISv2p00_LPC17xx.a ; # arm-none-eabi-objdump -h -S libCMSISv2p00_LPC17xx.a >libCMSISv2p00_LPC17xx.lss
[...]
../src/EjercicioParcial_2Display.c: In function 'SysTick_Handler':
../src/EjercicioParcial_2Display.c:106:11: warning: unused variable 'aux' [-Wunused-variable]
  uint32_t aux = GPIO_ReadValue(PINSEL_PORT_2);
           ^~~
../src/EjercicioParcial_2Display.c: In function 'disp1_ON':
../src/EjercicioParcial_2Display.c:131:10: warning: unused variable 'aux2' [-Wunused-variable]
  uint8_t aux2 = display[unidad];
          ^~~~
Finished building: ../src/EjercicioParcial_2Display.c
 
Building target: EjercicioParcial_2Display.axf
Invoking: MCU Linker
arm-none-eabi-gcc -nostdlib -L"C:\Users\Luis Lenta\Documents\MCUXpressoIDE_11.0.0_2516\workspace\CMSISv2p00_LPC17xx\Debug\Drivers" -L"C:\Users\Luis Lenta\Documents\MCUXpressoIDE_11.0.0_2516\workspace\CMSISv2p00_LPC17xx\Debug" -Xlinker -Map="EjercicioParcial_2Display.map" -Xlinker --cref -Xlinker --gc-sections -Xlinker -print-memory-usage -mcpu=cortex-m3 -mthumb -T "EjercicioParcial_2Display_Debug.ld" -o "EjercicioParcial_2Display.axf"  ./src/EjercicioParcial_2Display.o ./src/cr_startup_lpc175x_6x.o ./src/crp.o   -lCMSISv2p00_LPC17xx -lCMSISv2p00_LPC17xx
Memory region         Used Size  Region Size  %age Used
       MFlash512:        2280 B       512 KB      0.43%
        RamLoc32:          28 B        32 KB      0.09%
        RamAHB32:          0 GB        32 KB      0.00%
Finished building target: EjercicioParcial_2Display.axf
 
make --no-print-directory post-build
Performing post-build steps
arm-none-eabi-size "EjercicioParcial_2Display.axf"; # arm-none-eabi-objcopy -v -O binary "EjercicioParcial_2Display.axf" "EjercicioParcial_2Display.bin" ; # checksum -p LPC1769 -d "EjercicioParcial_2Display.bin";
   text	   data	    bss	    dec	    hex	filename
   2264	     16	     12	   2292	    8f4	EjercicioParcial_2Display.axf
 
22:14:37 **** Incremental Build of configuration Debug for project EjercicioParcial_2Display ****
make -r -j4 all 
make: Nothing to be done for 'all'.
22:15:19 **** Incremental Build of configuration Debug for project CMSISv2p00_LPC17xx ****
make -r all 
make: Nothing to be done for 'all'.
22:15:19 **** Incremental Build of configuration Debug for project EjercicioParcial_2Display ****
make -r -j4 all 
make: Nothing to be done for 'all'.
22:15:20 **** Incremental Build of configuration Debug for project EjercicioParcial_2Display ****
make -r -j4 all 
make: Nothing to be done for 'all'.
22:20:34 **** Incremental Build of configuration Debug for project CMSISv2p00_LPC17xx ****
make -r all 
make: Nothing to be done for 'all'.
22:20:34 **** Incremental Build of configuration Debug for project EjercicioParcial_2Display ****
make -r -j4 all 
Building file: ../src/EjercicioParcial_2Display.c
Invoking: MCU C Compiler
arm-none-eabi-gcc -DDEBUG -D__CODE_RED -DCORE_M3 -D__USE_CMSIS=CMSISv2p00_LPC17xx -D__LPC17XX__ -D__REDLIB__ -I"C:\Users\Luis Lenta\Documents\MCUXpressoIDE_11.0.0_2516\workspace\CMSISv2p00_LPC17xx\Drivers\inc" -I"C:\Users\Luis Lenta\Documents\MCUXpressoIDE_11.0.0_2516\workspace\CMSISv2p00_LPC17xx\inc" -O0 -fno-common -g3 -Wall -c -fmessage-length=0 -fno-builtin -ffunction-sections -fdata-sections -mcpu=cortex-m3 -mthumb -fstack-usage -specs=redlib.specs -MMD -MP -MF"src/EjercicioParcial_2Display.d" -MT"src/EjercicioParcial_2Display.o" -MT"src/EjercicioParcial_2Display.d" -o "src/EjercicioParcial_2Display.o" "../src/EjercicioParcial_2Display.c"
../src/EjercicioParcial_2Display.c: In function 'SysTick_Handler':
../src/EjercicioParcial_2Display.c:106:11: warning: unused variable 'aux' [-Wunused-variable]
  uint32_t aux = GPIO_ReadValue(PINSEL_PORT_2);
           ^~~
../src/EjercicioParcial_2Display.c: In function 'disp1_ON':
../src/EjercicioParcial_2Display.c:131:10: warning: unused variable 'aux2' [-Wunused-variable]
  uint8_t aux2 = display[unidad];
          ^~~~
Finished building: ../src/EjercicioParcial_2Display.c
 
Building target: EjercicioParcial_2Display.axf
Invoking: MCU Linker
arm-none-eabi-gcc -nostdlib -L"C:\Users\Luis Lenta\Documents\MCUXpressoIDE_11.0.0_2516\workspace\CMSISv2p00_LPC17xx\Debug\Drivers" -L"C:\Users\Luis Lenta\Documents\MCUXpressoIDE_11.0.0_2516\workspace\CMSISv2p00_LPC17xx\Debug" -Xlinker -Map="EjercicioParcial_2Display.map" -Xlinker --cref -Xlinker --gc-sections -Xlinker -print-memory-usage -mcpu=cortex-m3 -mthumb -T "EjercicioParcial_2Display_Debug.ld" -o "EjercicioParcial_2Display.axf"  ./src/EjercicioParcial_2Display.o ./src/cr_startup_lpc175x_6x.o ./src/crp.o   -lCMSISv2p00_LPC17xx -lCMSISv2p00_LPC17xx
Memory region         Used Size  Region Size  %age Used
       MFlash512:        2276 B       512 KB      0.43%
        RamLoc32:          28 B        32 KB      0.09%
        RamAHB32:          0 GB        32 KB      0.00%
Finished building target: EjercicioParcial_2Display.axf
 
make --no-print-directory post-build
Performing post-build steps
arm-none-eabi-size "EjercicioParcial_2Display.axf"; # arm-none-eabi-objcopy -v -O binary "EjercicioParcial_2Display.axf" "EjercicioParcial_2Display.bin" ; # checksum -p LPC1769 -d "EjercicioParcial_2Display.bin";
   text	   data	    bss	    dec	    hex	filename
   2260	     16	     12	   2288	    8f0	EjercicioParcial_2Display.axf
 
22:20:37 **** Incremental Build of configuration Debug for project EjercicioParcial_2Display ****
make -r -j4 all 
make: Nothing to be done for 'all'.
22:21:11 **** Incremental Build of configuration Debug for project CMSISv2p00_LPC17xx ****
make -r all 
make: Nothing to be done for 'all'.
22:21:12 **** Incremental Build of configuration Debug for project EjercicioParcial_2Display ****
make -r -j4 all 
make: Nothing to be done for 'all'.
22:21:12 **** Incremental Build of configuration Debug for project EjercicioParcial_2Display ****
make -r -j4 all 
make: Nothing to be done for 'all'.
22:23:19 **** Incremental Build of configuration Debug for project CMSISv2p00_LPC17xx ****
make -r all 
make: Nothing to be done for 'all'.
22:23:19 **** Incremental Build of configuration Debug for project EjercicioParcial_2Display ****
make -r -j4 all 
Building file: ../src/EjercicioParcial_2Display.c
Invoking: MCU C Compiler
arm-none-eabi-gcc -DDEBUG -D__CODE_RED -DCORE_M3 -D__USE_CMSIS=CMSISv2p00_LPC17xx -D__LPC17XX__ -D__REDLIB__ -I"C:\Users\Luis Lenta\Documents\MCUXpressoIDE_11.0.0_2516\workspace\CMSISv2p00_LPC17xx\Drivers\inc" -I"C:\Users\Luis Lenta\Documents\MCUXpressoIDE_11.0.0_2516\workspace\CMSISv2p00_LPC17xx\inc" -O0 -fno-common -g3 -Wall -c -fmessage-length=0 -fno-builtin -ffunction-sections -fdata-sections -mcpu=cortex-m3 -mthumb -fstack-usage -specs=redlib.specs -MMD -MP -MF"src/EjercicioParcial_2Display.d" -MT"src/EjercicioParcial_2Display.o" -MT"src/EjercicioParcial_2Display.d" -o "src/EjercicioParcial_2Display.o" "../src/EjercicioParcial_2Display.c"
../src/EjercicioParcial_2Display.c: In function 'SysTick_Handler':
../src/EjercicioParcial_2Display.c:106:11: warning: unused variable 'aux' [-Wunused-variable]
  uint32_t aux = GPIO_ReadValue(PINSEL_PORT_2);
           ^~~
Finished building: ../src/EjercicioParcial_2Display.c
 
Building target: EjercicioParcial_2Display.axf
Invoking: MCU Linker
arm-none-eabi-gcc -nostdlib -L"C:\Users\Luis Lenta\Documents\MCUXpressoIDE_11.0.0_2516\workspace\CMSISv2p00_LPC17xx\Debug\Drivers" -L"C:\Users\Luis Lenta\Documents\MCUXpressoIDE_11.0.0_2516\workspace\CMSISv2p00_LPC17xx\Debug" -Xlinker -Map="EjercicioParcial_2Display.map" -Xlinker --cref -Xlinker --gc-sections -Xlinker -print-memory-usage -mcpu=cortex-m3 -mthumb -T "EjercicioParcial_2Display_Debug.ld" -o "EjercicioParcial_2Display.axf"  ./src/EjercicioParcial_2Display.o ./src/cr_startup_lpc175x_6x.o ./src/crp.o   -lCMSISv2p00_LPC17xx -lCMSISv2p00_LPC17xx
Memory region         Used Size  Region Size  %age Used
       MFlash512:        2276 B       512 KB      0.43%
        RamLoc32:          28 B        32 KB      0.09%
        RamAHB32:          0 GB        32 KB      0.00%
Finished building target: EjercicioParcial_2Display.axf
 
make --no-print-directory post-build
Performing post-build steps
arm-none-eabi-size "EjercicioParcial_2Display.axf"; # arm-none-eabi-objcopy -v -O binary "EjercicioParcial_2Display.axf" "EjercicioParcial_2Display.bin" ; # checksum -p LPC1769 -d "EjercicioParcial_2Display.bin";
   text	   data	    bss	    dec	    hex	filename
   2260	     16	     12	   2288	    8f0	EjercicioParcial_2Display.axf
 
22:23:21 **** Incremental Build of configuration Debug for project EjercicioParcial_2Display ****
make -r -j4 all 
make: Nothing to be done for 'all'.
22:27:45 **** Incremental Build of configuration Debug for project CMSISv2p00_LPC17xx ****
make -r all 
make: Nothing to be done for 'all'.
22:27:46 **** Incremental Build of configuration Debug for project EjercicioParcial_2Display ****
make -r -j4 all 
Building file: ../src/EjercicioParcial_2Display.c
Invoking: MCU C Compiler
arm-none-eabi-gcc -DDEBUG -D__CODE_RED -DCORE_M3 -D__USE_CMSIS=CMSISv2p00_LPC17xx -D__LPC17XX__ -D__REDLIB__ -I"C:\Users\Luis Lenta\Documents\MCUXpressoIDE_11.0.0_2516\workspace\CMSISv2p00_LPC17xx\Drivers\inc" -I"C:\Users\Luis Lenta\Documents\MCUXpressoIDE_11.0.0_2516\workspace\CMSISv2p00_LPC17xx\inc" -O0 -fno-common -g3 -Wall -c -fmessage-length=0 -fno-builtin -ffunction-sections -fdata-sections -mcpu=cortex-m3 -mthumb -fstack-usage -specs=redlib.specs -MMD -MP -MF"src/EjercicioParcial_2Display.d" -MT"src/EjercicioParcial_2Display.o" -MT"src/EjercicioParcial_2Display.d" -o "src/EjercicioParcial_2Display.o" "../src/EjercicioParcial_2Display.c"
../src/EjercicioParcial_2Display.c: In function 'SysTick_Handler':
../src/EjercicioParcial_2Display.c:106:11: warning: unused variable 'aux' [-Wunused-variable]
  uint32_t aux = GPIO_ReadValue(PINSEL_PORT_2);
           ^~~
Finished building: ../src/EjercicioParcial_2Display.c
 
Building target: EjercicioParcial_2Display.axf
Invoking: MCU Linker
arm-none-eabi-gcc -nostdlib -L"C:\Users\Luis Lenta\Documents\MCUXpressoIDE_11.0.0_2516\workspace\CMSISv2p00_LPC17xx\Debug\Drivers" -L"C:\Users\Luis Lenta\Documents\MCUXpressoIDE_11.0.0_2516\workspace\CMSISv2p00_LPC17xx\Debug" -Xlinker -Map="EjercicioParcial_2Display.map" -Xlinker --cref -Xlinker --gc-sections -Xlinker -print-memory-usage -mcpu=cortex-m3 -mthumb -T "EjercicioParcial_2Display_Debug.ld" -o "EjercicioParcial_2Display.axf"  ./src/EjercicioParcial_2Display.o ./src/cr_startup_lpc175x_6x.o ./src/crp.o   -lCMSISv2p00_LPC17xx -lCMSISv2p00_LPC17xx
Memory region         Used Size  Region Size  %age Used
       MFlash512:        2276 B       512 KB      0.43%
        RamLoc32:          28 B        32 KB      0.09%
        RamAHB32:          0 GB        32 KB      0.00%
Finished building target: EjercicioParcial_2Display.axf
 
make --no-print-directory post-build
Performing post-build steps
arm-none-eabi-size "EjercicioParcial_2Display.axf"; # arm-none-eabi-objcopy -v -O binary "EjercicioParcial_2Display.axf" "EjercicioParcial_2Display.bin" ; # checksum -p LPC1769 -d "EjercicioParcial_2Display.bin";
   text	   data	    bss	    dec	    hex	filename
   2260	     16	     12	   2288	    8f0	EjercicioParcial_2Display.axf
 
22:27:48 **** Incremental Build of configuration Debug for project EjercicioParcial_2Display ****
make -r -j4 all 
make: Nothing to be done for 'all'.
22:28:27 **** Incremental Build of configuration Debug for project CMSISv2p00_LPC17xx ****
make -r all 
make: Nothing to be done for 'all'.
22:28:28 **** Incremental Build of configuration Debug for project EjercicioParcial_2Display ****
make -r -j4 all 
make: Nothing to be done for 'all'.
22:28:29 **** Incremental Build of configuration Debug for project EjercicioParcial_2Display ****
make -r -j4 all 
make: Nothing to be done for 'all'.
22:28:53 **** Incremental Build of configuration Debug for project CMSISv2p00_LPC17xx ****
make -r all 
make: Nothing to be done for 'all'.
22:28:53 **** Incremental Build of configuration Debug for project EjercicioParcial_2Display ****
make -r -j4 all 
make: Nothing to be done for 'all'.
22:28:54 **** Incremental Build of configuration Debug for project EjercicioParcial_2Display ****
make -r -j4 all 
make: Nothing to be done for 'all'.
22:32:44 **** Incremental Build of configuration Debug for project CMSISv2p00_LPC17xx ****
make -r all 
make: Nothing to be done for 'all'.
22:32:45 **** Incremental Build of configuration Debug for project EjercicioParcial_2Display ****
make -r -j4 all 
Building file: ../src/EjercicioParcial_2Display.c
Invoking: MCU C Compiler
arm-none-eabi-gcc -DDEBUG -D__CODE_RED -DCORE_M3 -D__USE_CMSIS=CMSISv2p00_LPC17xx -D__LPC17XX__ -D__REDLIB__ -I"C:\Users\Luis Lenta\Documents\MCUXpressoIDE_11.0.0_2516\workspace\CMSISv2p00_LPC17xx\Drivers\inc" -I"C:\Users\Luis Lenta\Documents\MCUXpressoIDE_11.0.0_2516\workspace\CMSISv2p00_LPC17xx\inc" -O0 -fno-common -g3 -Wall -c -fmessage-length=0 -fno-builtin -ffunction-sections -fdata-sections -mcpu=cortex-m3 -mthumb -fstack-usage -specs=redlib.specs -MMD -MP -MF"src/EjercicioParcial_2Display.d" -MT"src/EjercicioParcial_2Display.o" -MT"src/EjercicioParcial_2Display.d" -o "src/EjercicioParcial_2Display.o" "../src/EjercicioParcial_2Display.c"
../src/EjercicioParcial_2Display.c: In function 'SysTick_Handler':
../src/EjercicioParcial_2Display.c:106:11: warning: unused variable 'aux' [-Wunused-variable]
  uint32_t aux = GPIO_ReadValue(PINSEL_PORT_2);
           ^~~
Finished building: ../src/EjercicioParcial_2Display.c
 
Building target: EjercicioParcial_2Display.axf
Invoking: MCU Linker
arm-none-eabi-gcc -nostdlib -L"C:\Users\Luis Lenta\Documents\MCUXpressoIDE_11.0.0_2516\workspace\CMSISv2p00_LPC17xx\Debug\Drivers" -L"C:\Users\Luis Lenta\Documents\MCUXpressoIDE_11.0.0_2516\workspace\CMSISv2p00_LPC17xx\Debug" -Xlinker -Map="EjercicioParcial_2Display.map" -Xlinker --cref -Xlinker --gc-sections -Xlinker -print-memory-usage -mcpu=cortex-m3 -mthumb -T "EjercicioParcial_2Display_Debug.ld" -o "EjercicioParcial_2Display.axf"  ./src/EjercicioParcial_2Display.o ./src/cr_startup_lpc175x_6x.o ./src/crp.o   -lCMSISv2p00_LPC17xx -lCMSISv2p00_LPC17xx
Memory region         Used Size  Region Size  %age Used
       MFlash512:        2276 B       512 KB      0.43%
        RamLoc32:          28 B        32 KB      0.09%
        RamAHB32:          0 GB        32 KB      0.00%
Finished building target: EjercicioParcial_2Display.axf
 
make --no-print-directory post-build
Performing post-build steps
arm-none-eabi-size "EjercicioParcial_2Display.axf"; # arm-none-eabi-objcopy -v -O binary "EjercicioParcial_2Display.axf" "EjercicioParcial_2Display.bin" ; # checksum -p LPC1769 -d "EjercicioParcial_2Display.bin";
   text	   data	    bss	    dec	    hex	filename
   2260	     16	     12	   2288	    8f0	EjercicioParcial_2Display.axf
 
22:32:51 **** Incremental Build of configuration Debug for project EjercicioParcial_2Display ****
make -r -j4 all 
make: Nothing to be done for 'all'.
22:38:29 **** Incremental Build of configuration Debug for project CMSISv2p00_LPC17xx ****
make -r all 
make: Nothing to be done for 'all'.
22:38:30 **** Incremental Build of configuration Debug for project EjercicioParcial_2Display ****
make -r -j4 all 
make: Nothing to be done for 'all'.
22:38:31 **** Incremental Build of configuration Debug for project EjercicioParcial_2Display ****
make -r -j4 all 
make: Nothing to be done for 'all'.
22:40:43 **** Incremental Build of configuration Debug for project CMSISv2p00_LPC17xx ****
make -r all 
make: Nothing to be done for 'all'.
22:40:43 **** Incremental Build of configuration Debug for project EjercicioParcial_2Display ****
make -r -j4 all 
Building file: ../src/EjercicioParcial_2Display.c
Invoking: MCU C Compiler
arm-none-eabi-gcc -DDEBUG -D__CODE_RED -DCORE_M3 -D__USE_CMSIS=CMSISv2p00_LPC17xx -D__LPC17XX__ -D__REDLIB__ -I"C:\Users\Luis Lenta\Documents\MCUXpressoIDE_11.0.0_2516\workspace\CMSISv2p00_LPC17xx\Drivers\inc" -I"C:\Users\Luis Lenta\Documents\MCUXpressoIDE_11.0.0_2516\workspace\CMSISv2p00_LPC17xx\inc" -O0 -fno-common -g3 -Wall -c -fmessage-length=0 -fno-builtin -ffunction-sections -fdata-sections -mcpu=cortex-m3 -mthumb -fstack-usage -specs=redlib.specs -MMD -MP -MF"src/EjercicioParcial_2Display.d" -MT"src/EjercicioParcial_2Display.o" -MT"src/EjercicioParcial_2Display.d" -o "src/EjercicioParcial_2Display.o" "../src/EjercicioParcial_2Display.c"
../src/EjercicioParcial_2Display.c: In function 'SysTick_Handler':
../src/EjercicioParcial_2Display.c:106:11: warning: unused variable 'aux' [-Wunused-variable]
  uint32_t aux = GPIO_ReadValue(PINSEL_PORT_2);
           ^~~
Finished building: ../src/EjercicioParcial_2Display.c
 
Building target: EjercicioParcial_2Display.axf
Invoking: MCU Linker
arm-none-eabi-gcc -nostdlib -L"C:\Users\Luis Lenta\Documents\MCUXpressoIDE_11.0.0_2516\workspace\CMSISv2p00_LPC17xx\Debug\Drivers" -L"C:\Users\Luis Lenta\Documents\MCUXpressoIDE_11.0.0_2516\workspace\CMSISv2p00_LPC17xx\Debug" -Xlinker -Map="EjercicioParcial_2Display.map" -Xlinker --cref -Xlinker --gc-sections -Xlinker -print-memory-usage -mcpu=cortex-m3 -mthumb -T "EjercicioParcial_2Display_Debug.ld" -o "EjercicioParcial_2Display.axf"  ./src/EjercicioParcial_2Display.o ./src/cr_startup_lpc175x_6x.o ./src/crp.o   -lCMSISv2p00_LPC17xx -lCMSISv2p00_LPC17xx
Memory region         Used Size  Region Size  %age Used
       MFlash512:        2276 B       512 KB      0.43%
        RamLoc32:          28 B        32 KB      0.09%
        RamAHB32:          0 GB        32 KB      0.00%
Finished building target: EjercicioParcial_2Display.axf
 
make --no-print-directory post-build
Performing post-build steps
arm-none-eabi-size "EjercicioParcial_2Display.axf"; # arm-none-eabi-objcopy -v -O binary "EjercicioParcial_2Display.axf" "EjercicioParcial_2Display.bin" ; # checksum -p LPC1769 -d "EjercicioParcial_2Display.bin";
   text	   data	    bss	    dec	    hex	filename
   2260	     16	     12	   2288	    8f0	EjercicioParcial_2Display.axf
 
22:40:46 **** Incremental Build of configuration Debug for project EjercicioParcial_2Display ****
make -r -j4 all 
make: Nothing to be done for 'all'.
23:03:06 **** Incremental Build of configuration Debug for project CMSISv2p00_LPC17xx ****
make -r all 
make: Nothing to be done for 'all'.
23:03:07 **** Incremental Build of configuration Debug for project EjercicioParcial_PWM ****
make -r -j4 all 
Building target: EjercicioParcial_PWM.axf
Invoking: MCU Linker
arm-none-eabi-gcc -nostdlib -L"C:\Users\Luis Lenta\Documents\MCUXpressoIDE_11.0.0_2516\workspace\CMSISv2p00_LPC17xx\Debug\Drivers" -L"C:\Users\Luis Lenta\Documents\MCUXpressoIDE_11.0.0_2516\workspace\CMSISv2p00_LPC17xx\Debug" -Xlinker -Map="EjercicioParcial_PWM.map" -Xlinker --cref -Xlinker --gc-sections -Xlinker -print-memory-usage -mcpu=cortex-m3 -mthumb -T "EjercicioParcial_PWM_Debug.ld" -o "EjercicioParcial_PWM.axf"  ./src/EjercicioParcial_PWM.o ./src/cr_startup_lpc175x_6x.o ./src/crp.o   -lCMSISv2p00_LPC17xx -lCMSISv2p00_LPC17xx
Memory region         Used Size  Region Size  %age Used
       MFlash512:        3708 B       512 KB      0.71%
        RamLoc32:          12 B        32 KB      0.04%
        RamAHB32:          0 GB        32 KB      0.00%
Finished building target: EjercicioParcial_PWM.axf
 
make --no-print-directory post-build
Performing post-build steps
arm-none-eabi-size "EjercicioParcial_PWM.axf"; # arm-none-eabi-objcopy -v -O binary "EjercicioParcial_PWM.axf" "EjercicioParcial_PWM.bin" ; # checksum -p LPC1769 -d "EjercicioParcial_PWM.bin";
   text	   data	    bss	    dec	    hex	filename
   3696	     12	      0	   3708	    e7c	EjercicioParcial_PWM.axf
 
