11:57:38 **** Build of configuration Debug for project TeoricoClase6_DAC ****
make -r -j4 all 
Building file: ../src/TeoricoClase6_DAC.c
Building file: ../src/cr_startup_lpc175x_6x.c
Invoking: MCU C Compiler
arm-none-eabi-gcc -DDEBUG -D__CODE_RED -DCORE_M3 -D__USE_CMSIS=CMSISv2p00_LPC17xx -D__LPC17XX__ -D__REDLIB__ -I"C:\Users\Luis Lenta\Documents\MCUXpressoIDE_11.0.0_2516\workspace\CMSISv2p00_LPC17xx\Drivers\inc" -I"C:\Users\Luis Lenta\Documents\MCUXpressoIDE_11.0.0_2516\workspace\CMSISv2p00_LPC17xx\inc" -O0 -fno-common -g3 -Wall -c -fmessage-length=0 -fno-builtin -ffunction-sections -fdata-sections -mcpu=cortex-m3 -mthumb -fstack-usage -specs=redlib.specs -MMD -MP -MF"src/TeoricoClase6_DAC.d" -MT"src/TeoricoClase6_DAC.o" -MT"src/TeoricoClase6_DAC.d" -o "src/TeoricoClase6_DAC.o" "../src/TeoricoClase6_DAC.c"
Invoking: MCU C Compiler
arm-none-eabi-gcc -DDEBUG -D__CODE_RED -DCORE_M3 -D__USE_CMSIS=CMSISv2p00_LPC17xx -D__LPC17XX__ -D__REDLIB__ -I"C:\Users\Luis Lenta\Documents\MCUXpressoIDE_11.0.0_2516\workspace\CMSISv2p00_LPC17xx\Drivers\inc" -I"C:\Users\Luis Lenta\Documents\MCUXpressoIDE_11.0.0_2516\workspace\CMSISv2p00_LPC17xx\inc" -O0 -fno-common -g3 -Wall -c -fmessage-length=0 -fno-builtin -ffunction-sections -fdata-sections -mcpu=cortex-m3 -mthumb -fstack-usage -specs=redlib.specs -MMD -MP -MF"src/cr_startup_lpc175x_6x.d" -MT"src/cr_startup_lpc175x_6x.o" -MT"src/cr_startup_lpc175x_6x.d" -o "src/cr_startup_lpc175x_6x.o" "../src/cr_startup_lpc175x_6x.c"
Building file: ../src/crp.c
Invoking: MCU C Compiler
arm-none-eabi-gcc -DDEBUG -D__CODE_RED -DCORE_M3 -D__USE_CMSIS=CMSISv2p00_LPC17xx -D__LPC17XX__ -D__REDLIB__ -I"C:\Users\Luis Lenta\Documents\MCUXpressoIDE_11.0.0_2516\workspace\CMSISv2p00_LPC17xx\Drivers\inc" -I"C:\Users\Luis Lenta\Documents\MCUXpressoIDE_11.0.0_2516\workspace\CMSISv2p00_LPC17xx\inc" -O0 -fno-common -g3 -Wall -c -fmessage-length=0 -fno-builtin -ffunction-sections -fdata-sections -mcpu=cortex-m3 -mthumb -fstack-usage -specs=redlib.specs -MMD -MP -MF"src/crp.d" -MT"src/crp.o" -MT"src/crp.d" -o "src/crp.o" "../src/crp.c"
Finished building: ../src/cr_startup_lpc175x_6x.c
Finished building: ../src/TeoricoClase6_DAC.c
Finished building: ../src/crp.c
 
 
 
Building target: TeoricoClase6_DAC.axf
Invoking: MCU Linker
arm-none-eabi-gcc -nostdlib -L"C:\Users\Luis Lenta\Documents\MCUXpressoIDE_11.0.0_2516\workspace\CMSISv2p00_LPC17xx\Debug\Drivers" -L"C:\Users\Luis Lenta\Documents\MCUXpressoIDE_11.0.0_2516\workspace\CMSISv2p00_LPC17xx\Debug" -Xlinker -Map="TeoricoClase6_DAC.map" -Xlinker --cref -Xlinker --gc-sections -Xlinker -print-memory-usage -mcpu=cortex-m3 -mthumb -T "TeoricoClase6_DAC_Debug.ld" -o "TeoricoClase6_DAC.axf"  ./src/TeoricoClase6_DAC.o ./src/cr_startup_lpc175x_6x.o ./src/crp.o   -lCMSISv2p00_LPC17xx
Memory region         Used Size  Region Size  %age Used
       MFlash512:        1012 B       512 KB      0.19%
        RamLoc32:           4 B        32 KB      0.01%
        RamAHB32:          0 GB        32 KB      0.00%
Finished building target: TeoricoClase6_DAC.axf
 
make --no-print-directory post-build
Performing post-build steps
arm-none-eabi-size "TeoricoClase6_DAC.axf"; # arm-none-eabi-objcopy -v -O binary "TeoricoClase6_DAC.axf" "TeoricoClase6_DAC.bin" ; # checksum -p LPC1769 -d "TeoricoClase6_DAC.bin";
   text	   data	    bss	    dec	    hex	filename
   1012	      0	      4	   1016	    3f8	TeoricoClase6_DAC.axf
 

11:57:40 Build Finished. 0 errors, 0 warnings. (took 2s.357ms)

