trcKernelPort.c:87:13:prvTraceGetObjectNumber	16	static
trcKernelPort.c:103:11:prvTraceGetQueueNumber	16	static
trcKernelPort.c:109:9:prvTraceGetObjectType	16	static
trcKernelPort.c:114:10:prvTraceGetTaskNumberLow16	16	static
trcKernelPort.c:119:10:prvTraceGetTaskNumberHigh16	16	static
trcKernelPort.c:124:6:prvTraceSetTaskNumberLow16	16	static
trcKernelPort.c:129:6:prvTraceSetTaskNumberHigh16	16	static
trcKernelPort.c:134:10:prvTraceGetObjectNumberLow16	16	static
trcKernelPort.c:139:10:prvTraceGetObjectNumberHigh16	16	static
trcKernelPort.c:144:6:prvTraceSetObjectNumberLow16	16	static
trcKernelPort.c:149:6:prvTraceSetObjectNumberHigh16	16	static
trcKernelPort.c:490:6:vTraceSetQueueName	24	static
trcKernelPort.c:503:6:vTraceSetSemaphoreName	24	static
trcKernelPort.c:516:6:vTraceSetMutexName	24	static
trcKernelPort.c:521:7:prvTraceGetCurrentTaskHandle	8	static
trcKernelPort.c:527:6:vTraceInitObjectPropertyTable	4	static
trcKernelPort.c:562:6:vTraceInitObjectHandleStack	4	static
trcKernelPort.c:582:13:pszTraceGetErrorNotEnoughHandles	16	static
trcKernelPort.c:612:15:prvTraceIsSchedulerSuspended	8	static
