trcSnapshotRecorder.c:235:6:vTraceEnable	16	static
trcSnapshotRecorder.c:274:6:vTraceSetStopHook	16	static
trcSnapshotRecorder.c:285:6:vTraceClear	24	static
trcSnapshotRecorder.c:316:10:uiTraceStart	32	static
trcSnapshotRecorder.c:366:6:vTraceStart	8	static
trcSnapshotRecorder.c:377:6:vTraceStop	8	static
trcSnapshotRecorder.c:394:5:xTraceIsRecordingEnabled	4	static
trcSnapshotRecorder.c:412:13:xTraceGetLastError	4	static
trcSnapshotRecorder.c:425:6:vTraceClearError	4	static
trcSnapshotRecorder.c:442:7:xTraceGetTraceBuffer	4	static
trcSnapshotRecorder.c:454:10:uiTraceGetTraceBufferSize	4	static
trcSnapshotRecorder.c:464:13:prvTraceTaskInstanceFinish	40	static
trcSnapshotRecorder.c:512:6:vTraceInstanceFinishedNext	8	static
trcSnapshotRecorder.c:541:6:vTraceInstanceFinishedNow	8	static
trcSnapshotRecorder.c:570:14:xTraceSetISRProperties	16	static
trcSnapshotRecorder.c:601:6:vTraceStoreISRBegin	40	static
trcSnapshotRecorder.c:679:6:vTraceStoreISREnd	48	static
trcSnapshotRecorder.c:770:16:writeInt8	16	static
trcSnapshotRecorder.c:791:16:writeInt16	16	static
trcSnapshotRecorder.c:819:16:writeInt32	24	static
trcSnapshotRecorder.c:915:16:prvTraceUserEventFormat	40	static
trcSnapshotRecorder.c:1328:6:vTracePrintF	28	static
trcSnapshotRecorder.c:1339:6:vTracePrintF_Helper	88	static
trcSnapshotRecorder.c:1464:6:vTracePrint	40	static
trcSnapshotRecorder.c:1520:13:xTraceRegisterString	16	static
trcSnapshotRecorder.c:1531:6:prvTraceSetReadyEventsEnabled	16	static
trcSnapshotRecorder.c:1541:6:prvTraceStoreTaskReady	40	static
trcSnapshotRecorder.c:1605:6:prvTraceStoreLowPower	40	static
trcSnapshotRecorder.c:1655:6:vTraceStoreMemMangEvent	64	static
trcSnapshotRecorder.c:1732:6:prvTraceStoreKernelCall	48	static
trcSnapshotRecorder.c:1790:6:prvTraceStoreKernelCallWithParam	48	static
trcSnapshotRecorder.c:1850:17:prvTraceGetParam	24	static
trcSnapshotRecorder.c:1884:6:prvTraceStoreKernelCallWithNumericParamOnly	48	static
trcSnapshotRecorder.c:1934:6:prvTraceStoreTaskswitch	40	static
trcSnapshotRecorder.c:1995:6:prvTraceStoreObjectNameOnCloseEvent	40	static
trcSnapshotRecorder.c:2025:6:prvTraceStoreObjectPropertiesOnCloseEvent	32	static
trcSnapshotRecorder.c:2056:6:prvTraceSetPriorityProperty	24	static
trcSnapshotRecorder.c:2066:9:prvTraceGetPriorityProperty	24	static
trcSnapshotRecorder.c:2076:6:prvTraceSetObjectState	24	static
trcSnapshotRecorder.c:2086:9:prvTraceGetObjectState	24	static
trcSnapshotRecorder.c:2096:6:prvTraceSetTaskInstanceFinished	24	static
trcSnapshotRecorder.c:2141:6:prvTraceInitTraceData	8	static
trcSnapshotRecorder.c:2254:7:prvTraceNextFreeEventBufferSlot	8	static
trcSnapshotRecorder.c:2271:10:uiIndexOfObject	16	static
trcSnapshotRecorder.c:2289:13:prvTraceGetObjectHandle	24	static
trcSnapshotRecorder.c:2334:6:prvTraceFreeObjectHandle	24	static
trcSnapshotRecorder.c:2365:6:prvMarkObjectAsUsed	24	static
trcSnapshotRecorder.c:2376:13:prvStrncpy	32	static
trcSnapshotRecorder.c:2393:6:prvTraceSetObjectName	16	static
trcSnapshotRecorder.c:2431:13:prvTraceOpenSymbol	40	static
trcSnapshotRecorder.c:2470:6:vTraceSetFrequency	16	static
trcSnapshotRecorder.c:2491:6:prvTraceError	16	static
trcSnapshotRecorder.c:2511:6:vTraceSetFilterMask	16	static
trcSnapshotRecorder.c:2516:6:vTraceSetFilterGroup	16	static
trcSnapshotRecorder.c:2537:6:prvCheckDataToBeOverwrittenForMultiEntryEvents	32	static
trcSnapshotRecorder.c:2582:6:prvTraceUpdateCounters	8	static
trcSnapshotRecorder.c:2618:10:prvTraceGetDTS	32	static
trcSnapshotRecorder.c:2736:13:prvTraceLookupSymbolTableEntry	24	static
trcSnapshotRecorder.c:2779:10:prvTraceCreateSymbolTableEntry	24	static
trcSnapshotRecorder.c:2840:6:prvTraceGetChecksum	40	static
trcSnapshotRecorder.c:2912:6:prvTraceInitCortexM	8	static
trcSnapshotRecorder.c:2977:6:prvTracePortGetTimeStamp	32	static
