core_cm3.h:928:22:NVIC_EnableIRQ	16	static
EjercicioParcial_2Display.c:38:5:main	8	static
EjercicioParcial_2Display.c:47:6:init	8	static
EjercicioParcial_2Display.c:53:6:configEXTI	16	static
EjercicioParcial_2Display.c:64:6:configPINSEL	24	static
EjercicioParcial_2Display.c:90:6:configSYSTICK	8	static
EjercicioParcial_2Display.c:96:6:configGPIO	16	static
EjercicioParcial_2Display.c:104:6:SysTick_Handler	16	static
EjercicioParcial_2Display.c:114:6:EINT0_IRQHandler	8	static
EjercicioParcial_2Display.c:130:6:disp1_ON	8	static
EjercicioParcial_2Display.c:135:6:disp2_ON	8	static
