Archive member included to satisfy reference by file (symbol)

C:\Users\Lucas\Documents\MCUXpressoIDE_11.0.0_2516\workspace\CMSISv2p00_LPC17xx\Debug\libCMSISv2p00_LPC17xx.a(system_LPC17xx.o)
                              ./src/cr_startup_lpc175x_6x.o (SystemInit)
d:/mcuxpressoide/ide/plugins/com.nxp.mcuxpresso.tools.win32_11.0.0.201905131304/tools/bin/../lib/gcc/arm-none-eabi/8.2.1/../../../../arm-none-eabi/lib/thumb/v7-m/nofp\libcr_c.a(memcpy.o)
                              ./src/FreeRTOS/queue.o (memcpy)
d:/mcuxpressoide/ide/plugins/com.nxp.mcuxpresso.tools.win32_11.0.0.201905131304/tools/bin/../lib/gcc/arm-none-eabi/8.2.1/../../../../arm-none-eabi/lib/thumb/v7-m/nofp\libcr_c.a(memset.o)
                              ./src/FreeRTOS/tasks.o (memset)
d:/mcuxpressoide/ide/plugins/com.nxp.mcuxpresso.tools.win32_11.0.0.201905131304/tools/bin/../lib/gcc/arm-none-eabi/8.2.1/../../../../arm-none-eabi/lib/thumb/v7-m/nofp\libcr_c.a(__weak__main.o)
                              ./src/cr_startup_lpc175x_6x.o (__main)
d:/mcuxpressoide/ide/plugins/com.nxp.mcuxpresso.tools.win32_11.0.0.201905131304/tools/bin/../lib/gcc/arm-none-eabi/8.2.1/../../../../arm-none-eabi/lib/thumb/v7-m/nofp\libcr_c.a(fpprintf.o)
                              ./src/FreeRTOS/tasks.o (sprintf)
d:/mcuxpressoide/ide/plugins/com.nxp.mcuxpresso.tools.win32_11.0.0.201905131304/tools/bin/../lib/gcc/arm-none-eabi/8.2.1/../../../../arm-none-eabi/lib/thumb/v7-m/nofp\libcr_c.a(printf.o)
                              d:/mcuxpressoide/ide/plugins/com.nxp.mcuxpresso.tools.win32_11.0.0.201905131304/tools/bin/../lib/gcc/arm-none-eabi/8.2.1/../../../../arm-none-eabi/lib/thumb/v7-m/nofp\libcr_c.a(fpprintf.o) (__vfprintf)
d:/mcuxpressoide/ide/plugins/com.nxp.mcuxpresso.tools.win32_11.0.0.201905131304/tools/bin/../lib/gcc/arm-none-eabi/8.2.1/../../../../arm-none-eabi/lib/thumb/v7-m/nofp\libcr_c.a(stdlib.o)
                              ./src/tp4.o (rand)
d:/mcuxpressoide/ide/plugins/com.nxp.mcuxpresso.tools.win32_11.0.0.201905131304/tools/bin/../lib/gcc/arm-none-eabi/8.2.1/../../../../arm-none-eabi/lib/thumb/v7-m/nofp\libcr_c.a(strcpy.o)
                              ./src/FreeRTOS/tasks.o (strcpy)
d:/mcuxpressoide/ide/plugins/com.nxp.mcuxpresso.tools.win32_11.0.0.201905131304/tools/bin/../lib/gcc/arm-none-eabi/8.2.1/../../../../arm-none-eabi/lib/thumb/v7-m/nofp\libcr_c.a(strlen.o)
                              ./src/FreeRTOS/tasks.o (strlen)
d:/mcuxpressoide/ide/plugins/com.nxp.mcuxpresso.tools.win32_11.0.0.201905131304/tools/bin/../lib/gcc/arm-none-eabi/8.2.1/../../../../arm-none-eabi/lib/thumb/v7-m/nofp\libcr_c.a(strncmp.o)
                              ./src/trcSnapshotRecorder.o (strncmp)
d:/mcuxpressoide/ide/plugins/com.nxp.mcuxpresso.tools.win32_11.0.0.201905131304/tools/bin/../lib/gcc/arm-none-eabi/8.2.1/../../../../arm-none-eabi/lib/thumb/v7-m/nofp\libcr_c.a(_deferredlazyseek.o)
                              d:/mcuxpressoide/ide/plugins/com.nxp.mcuxpresso.tools.win32_11.0.0.201905131304/tools/bin/../lib/gcc/arm-none-eabi/8.2.1/../../../../arm-none-eabi/lib/thumb/v7-m/nofp\libcr_c.a(fpprintf.o) (__flsbuf)
d:/mcuxpressoide/ide/plugins/com.nxp.mcuxpresso.tools.win32_11.0.0.201905131304/tools/bin/../lib/gcc/arm-none-eabi/8.2.1/../../../../arm-none-eabi/lib/thumb/v7-m/nofp\libcr_c.a(_fflush.o)
                              d:/mcuxpressoide/ide/plugins/com.nxp.mcuxpresso.tools.win32_11.0.0.201905131304/tools/bin/../lib/gcc/arm-none-eabi/8.2.1/../../../../arm-none-eabi/lib/thumb/v7-m/nofp\libcr_c.a(_deferredlazyseek.o) (_fflush)
d:/mcuxpressoide/ide/plugins/com.nxp.mcuxpresso.tools.win32_11.0.0.201905131304/tools/bin/../lib/gcc/arm-none-eabi/8.2.1/../../../../arm-none-eabi/lib/thumb/v7-m/nofp\libcr_c.a(_frexpl.o)
                              d:/mcuxpressoide/ide/plugins/com.nxp.mcuxpresso.tools.win32_11.0.0.201905131304/tools/bin/../lib/gcc/arm-none-eabi/8.2.1/../../../../arm-none-eabi/lib/thumb/v7-m/nofp\libcr_c.a(fpprintf.o) (_frexpl)
d:/mcuxpressoide/ide/plugins/com.nxp.mcuxpresso.tools.win32_11.0.0.201905131304/tools/bin/../lib/gcc/arm-none-eabi/8.2.1/../../../../arm-none-eabi/lib/thumb/v7-m/nofp\libcr_c.a(_ldexpl.o)
                              d:/mcuxpressoide/ide/plugins/com.nxp.mcuxpresso.tools.win32_11.0.0.201905131304/tools/bin/../lib/gcc/arm-none-eabi/8.2.1/../../../../arm-none-eabi/lib/thumb/v7-m/nofp\libcr_c.a(fpprintf.o) (_ldexpl)
d:/mcuxpressoide/ide/plugins/com.nxp.mcuxpresso.tools.win32_11.0.0.201905131304/tools/bin/../lib/gcc/arm-none-eabi/8.2.1/../../../../arm-none-eabi/lib/thumb/v7-m/nofp\libcr_c.a(_writebuf.o)
                              d:/mcuxpressoide/ide/plugins/com.nxp.mcuxpresso.tools.win32_11.0.0.201905131304/tools/bin/../lib/gcc/arm-none-eabi/8.2.1/../../../../arm-none-eabi/lib/thumb/v7-m/nofp\libcr_c.a(_deferredlazyseek.o) (_Cwritebuf)
d:/mcuxpressoide/ide/plugins/com.nxp.mcuxpresso.tools.win32_11.0.0.201905131304/tools/bin/../lib/gcc/arm-none-eabi/8.2.1/../../../../arm-none-eabi/lib/thumb/v7-m/nofp\libcr_c.a(alloc.o)
[...]
Memory Configuration

Name             Origin             Length             Attributes
MFlash512        0x00000000         0x00080000         xr
RamLoc32         0x10000000         0x00008000         xrw
RamAHB32         0x2007c000         0x00008000         xrw
*default*        0x00000000         0xffffffff

Linker script and memory map

LOAD ./src/FreeRTOS/portable/MemMang/heap_4.o
LOAD ./src/FreeRTOS/portable/GCC/ARM_CM3/port.o
LOAD ./src/FreeRTOS/list.o
LOAD ./src/FreeRTOS/queue.o
LOAD ./src/FreeRTOS/tasks.o
LOAD ./src/cr_startup_lpc175x_6x.o
LOAD ./src/crp.o
LOAD ./src/gpio.o
LOAD ./src/tp4.o
LOAD ./src/trcKernelPort.o
LOAD ./src/trcSnapshotRecorder.o
LOAD ./src/trcStreamingRecorder.o
LOAD ./src/uart.o
LOAD C:\Users\Lucas\Documents\MCUXpressoIDE_11.0.0_2516\workspace\CMSISv2p00_LPC17xx\Debug\libCMSISv2p00_LPC17xx.a
START GROUP
LOAD d:/mcuxpressoide/ide/plugins/com.nxp.mcuxpresso.tools.win32_11.0.0.201905131304/tools/bin/../lib/gcc/arm-none-eabi/8.2.1/../../../../arm-none-eabi/lib/thumb/v7-m/nofp\libcr_c.a
LOAD d:/mcuxpressoide/ide/plugins/com.nxp.mcuxpresso.tools.win32_11.0.0.201905131304/tools/bin/../lib/gcc/arm-none-eabi/8.2.1/thumb/v7-m/nofp\libcr_eabihelpers.a
LOAD d:/mcuxpressoide/ide/plugins/com.nxp.mcuxpresso.tools.win32_11.0.0.201905131304/tools/bin/../lib/gcc/arm-none-eabi/8.2.1/thumb/v7-m/nofp\libgcc.a
END GROUP
                0x00000000                __base_MFlash512 = 0x0
                0x00000000                __base_Flash = 0x0
                0x00080000                __top_MFlash512 = 0x80000
                0x00080000                __top_Flash = 0x80000
                0x10000000                __base_RamLoc32 = 0x10000000
                0x10000000                __base_RAM = 0x10000000
                0x10008000                __top_RamLoc32 = 0x10008000
                0x10008000                __top_RAM = 0x10008000
                0x2007c000                __base_RamAHB32 = 0x2007c000
                0x2007c000                __base_RAM2 = 0x2007c000
                0x20084000                __top_RamAHB32 = 0x20084000
                0x20084000                __top_RAM2 = 0x20084000

.text           0x00000000     0x6e64
 FILL mask 0xff
                0x00000000                __vectors_start__ = ABSOLUTE (.)
 *(.isr_vector)
 .isr_vector    0x00000000       0xcc ./src/cr_startup_lpc175x_6x.o
                0x00000000                g_pfnVectors
                0x000000cc                . = ALIGN (0x4)
                0x000000cc                __section_table_start = .
                0x000000cc                __data_section_table = .
                0x000000cc        0x4 LONG 0x6e64 LOADADDR (.data)
                0x000000d0        0x4 LONG 0x10000000 ADDR (.data)
                0x000000d4        0x4 LONG 0x100 SIZEOF (.data)
                0x000000d8        0x4 LONG 0x6e64 LOADADDR (.data_RAM2)
                0x000000dc        0x4 LONG 0x2007c000 ADDR (.data_RAM2)
                0x000000e0        0x4 LONG 0x0 SIZEOF (.data_RAM2)
                0x000000e4                __data_section_table_end = .
                0x000000e4                __bss_section_table = .
                0x000000e4        0x4 LONG 0x10000100 ADDR (.bss)
                0x000000e8        0x4 LONG 0x4df8 SIZEOF (.bss)
                0x000000ec        0x4 LONG 0x2007c000 ADDR (.bss_RAM2)
                0x000000f0        0x4 LONG 0x0 SIZEOF (.bss_RAM2)
                0x000000f4                __bss_section_table_end = .
                0x000000f4                __section_table_end = .
 *(.after_vectors*)
 .after_vectors
                0x000000f4      0x12c ./src/cr_startup_lpc175x_6x.o
                0x000000f4                data_init
                0x00000136                bss_init
                0x0000016c                ResetISR
                0x000001e4                NMI_Handler
                0x000001ea                HardFault_Handler
                0x000001f0                MemManage_Handler
                0x000001f6                BusFault_Handler
                0x000001fc                UsageFault_Handler
                0x00000208                DebugMon_Handler
                0x0000021a                UART1_IRQHandler
                0x0000021a                I2C1_IRQHandler
                0x0000021a                TIMER3_IRQHandler
                0x0000021a                UART0_IRQHandler
                0x0000021a                USBActivity_IRQHandler
                0x0000021a                CANActivity_IRQHandler
                0x0000021a                EINT2_IRQHandler
                0x0000021a                IntDefaultHandler
                0x0000021a                PLL0_IRQHandler
                0x0000021a                CAN_IRQHandler
                0x0000021a                I2C0_IRQHandler
                0x0000021a                SSP0_IRQHandler
                0x0000021a                I2S_IRQHandler
                0x0000021a                I2C2_IRQHandler
                0x0000021a                RTC_IRQHandler
                0x0000021a                TIMER0_IRQHandler
                0x0000021a                SPI_IRQHandler
                0x0000021a                RIT_IRQHandler
                0x0000021a                EINT1_IRQHandler
                0x0000021a                TIMER1_IRQHandler
                0x0000021a                UART2_IRQHandler
                0x0000021a                ADC_IRQHandler
                0x0000021a                SSP1_IRQHandler
                0x0000021a                USB_IRQHandler
                0x0000021a                BOD_IRQHandler
                0x0000021a                PWM1_IRQHandler
                0x0000021a                WDT_IRQHandler
                0x0000021a                QEI_IRQHandler
                0x0000021a                EINT0_IRQHandler
                0x0000021a                PLL1_IRQHandler
                0x0000021a                DMA_IRQHandler
                0x0000021a                TIMER2_IRQHandler
                0x0000021a                UART3_IRQHandler
                0x0000021a                MCPWM_IRQHandler
                0x0000021a                ENET_IRQHandler
                0x000002fc                . = 0x2fc
 *fill*         0x00000220       0xdc ff
                0x000002fc                PROVIDE (__CRP_WORD_START__ = .)
 *(.crp)
 .crp           0x000002fc        0x4 ./src/crp.o
                0x000002fc                CRP_WORD
                0x00000300                PROVIDE (__CRP_WORD_END__ = .)
                0x00000001                ASSERT (! ((__CRP_WORD_START__ == __CRP_WORD_END__)), Linker CRP Enabled, but no CRP_WORD provided within application)
 *(.text*)
 .text.pvPortMalloc
                0x00000300      0x194 ./src/FreeRTOS/portable/MemMang/heap_4.o
                0x00000300                pvPortMalloc
 .text.vPortFree
                0x00000494       0xc0 ./src/FreeRTOS/portable/MemMang/heap_4.o
                0x00000494                vPortFree
 .text.prvHeapInit
                0x00000554       0xc4 ./src/FreeRTOS/portable/MemMang/heap_4.o
 .text.prvInsertBlockIntoFreeList
                0x00000618       0xb0 ./src/FreeRTOS/portable/MemMang/heap_4.o
 .text.pxPortInitialiseStack
                0x000006c8       0x58 ./src/FreeRTOS/portable/GCC/ARM_CM3/port.o
                0x000006c8                pxPortInitialiseStack
 .text.prvTaskExitError
                0x00000720       0x3c ./src/FreeRTOS/portable/GCC/ARM_CM3/port.o
 *fill*         0x0000075c        0x4 ff
 .text.SVC_Handler
                0x00000760       0x28 ./src/FreeRTOS/portable/GCC/ARM_CM3/port.o
                0x00000760                SVC_Handler
 .text.prvPortStartFirstTask
                0x00000788       0x20 ./src/FreeRTOS/portable/GCC/ARM_CM3/port.o
 .text.xPortStartScheduler
                0x000007a8       0xbc ./src/FreeRTOS/portable/GCC/ARM_CM3/port.o
                0x000007a8                xPortStartScheduler
 .text.vPortEnterCritical
                0x00000864       0x5c ./src/FreeRTOS/portable/GCC/ARM_CM3/port.o
                0x00000864                vPortEnterCritical
 .text.vPortExitCritical
                0x000008c0       0x4c ./src/FreeRTOS/portable/GCC/ARM_CM3/port.o
                0x000008c0                vPortExitCritical
 *fill*         0x0000090c        0x4 ff
 .text.PendSV_Handler
                0x00000910       0x48 ./src/FreeRTOS/portable/GCC/ARM_CM3/port.o
                0x00000910                PendSV_Handler
 .text.SysTick_Handler
                0x00000958       0x40 ./src/FreeRTOS/portable/GCC/ARM_CM3/port.o
                0x00000958                SysTick_Handler
 .text.vPortSetupTimerInterrupt
                0x00000998       0x24 ./src/FreeRTOS/portable/GCC/ARM_CM3/port.o
                0x00000998                vPortSetupTimerInterrupt
 .text.vPortValidateInterruptPriority
                0x000009bc       0x78 ./src/FreeRTOS/portable/GCC/ARM_CM3/port.o
                0x000009bc                vPortValidateInterruptPriority
 .text.vListInitialise
                0x00000a34       0x3e ./src/FreeRTOS/list.o
                0x00000a34                vListInitialise
 .text.vListInitialiseItem
                0x00000a72       0x18 ./src/FreeRTOS/list.o
                0x00000a72                vListInitialiseItem
 .text.vListInsertEnd
                0x00000a8a       0x46 ./src/FreeRTOS/list.o
                0x00000a8a                vListInsertEnd
 .text.vListInsert
                0x00000ad0       0x70 ./src/FreeRTOS/list.o
                0x00000ad0                vListInsert
 .text.uxListRemove
                0x00000b40       0x52 ./src/FreeRTOS/list.o
                0x00000b40                uxListRemove
 *fill*         0x00000b92        0x2 ff
 .text.xQueueGenericReset
                0x00000b94       0xd0 ./src/FreeRTOS/queue.o
                0x00000b94                xQueueGenericReset
 .text.xQueueGenericCreate
                0x00000c64       0x72 ./src/FreeRTOS/queue.o
                0x00000c64                xQueueGenericCreate
 *fill*         0x00000cd6        0x2 ff
 .text.prvInitialiseNewQueue
                0x00000cd8       0xf4 ./src/FreeRTOS/queue.o
 .text.xQueueGenericSend
                0x00000dcc      0x410 ./src/FreeRTOS/queue.o
                0x00000dcc                xQueueGenericSend
 .text.xQueueGiveFromISR
                0x000011dc      0x23c ./src/FreeRTOS/queue.o
                0x000011dc                xQueueGiveFromISR
 .text.xQueueGenericReceive
                0x00001418      0x6a0 ./src/FreeRTOS/queue.o
                0x00001418                xQueueGenericReceive
 .text.uxQueueGetQueueNumber
                0x00001ab8       0x16 ./src/FreeRTOS/queue.o
                0x00001ab8                uxQueueGetQueueNumber
 .text.vQueueSetQueueNumber
                0x00001ace       0x1a ./src/FreeRTOS/queue.o
                0x00001ace                vQueueSetQueueNumber
 .text.ucQueueGetQueueType
                0x00001ae8       0x18 ./src/FreeRTOS/queue.o
                0x00001ae8                ucQueueGetQueueType
 .text.prvCopyDataToQueue
                0x00001b00       0xd4 ./src/FreeRTOS/queue.o
 .text.prvCopyDataFromQueue
                0x00001bd4       0x4c ./src/FreeRTOS/queue.o
 .text.prvUnlockQueue
                0x00001c20       0xc0 ./src/FreeRTOS/queue.o
 .text.prvIsQueueEmpty
                0x00001ce0       0x2c ./src/FreeRTOS/queue.o
 .text.prvIsQueueFull
                0x00001d0c       0x30 ./src/FreeRTOS/queue.o
 .text.prvNotifyQueueSetContainer
                0x00001d3c      0x164 ./src/FreeRTOS/queue.o
 .text.xTaskCreate
                0x00001ea0       0x82 ./src/FreeRTOS/tasks.o
                0x00001ea0                xTaskCreate
 .text.prvInitialiseNewTask
                0x00001f22      0x112 ./src/FreeRTOS/tasks.o
 .text.prvAddNewTaskToReadyList
                0x00002034      0x16c ./src/FreeRTOS/tasks.o
 .text.vTaskDelayUntil
                0x000021a0      0x164 ./src/FreeRTOS/tasks.o
                0x000021a0                vTaskDelayUntil
 .text.vTaskStartScheduler
                0x00002304       0x90 ./src/FreeRTOS/tasks.o
                0x00002304                vTaskStartScheduler
 .text.vTaskSuspendAll
                0x00002394       0x1c ./src/FreeRTOS/tasks.o
                0x00002394                vTaskSuspendAll
 .text.xTaskResumeAll
                0x000023b0      0x160 ./src/FreeRTOS/tasks.o
                0x000023b0                xTaskResumeAll
 .text.xTaskGetTickCount
                0x00002510       0x1c ./src/FreeRTOS/tasks.o
                0x00002510                xTaskGetTickCount
 .text.xTaskIncrementTick
                0x0000252c      0x1ec ./src/FreeRTOS/tasks.o
                0x0000252c                xTaskIncrementTick
 .text.vTaskSwitchContext
                0x00002718      0x170 ./src/FreeRTOS/tasks.o
                0x00002718                vTaskSwitchContext
 .text.vTaskPlaceOnEventList
                0x00002888       0x48 ./src/FreeRTOS/tasks.o
                0x00002888                vTaskPlaceOnEventList
 .text.xTaskRemoveFromEventList
                0x000028d0       0xec ./src/FreeRTOS/tasks.o
                0x000028d0                xTaskRemoveFromEventList
 .text.vTaskSetTimeOutState
                0x000029bc       0x44 ./src/FreeRTOS/tasks.o
                0x000029bc                vTaskSetTimeOutState
 .text.xTaskCheckForTimeOut
                0x00002a00       0xbc ./src/FreeRTOS/tasks.o
                0x00002a00                xTaskCheckForTimeOut
 .text.vTaskMissedYield
                0x00002abc       0x18 ./src/FreeRTOS/tasks.o
                0x00002abc                vTaskMissedYield
 .text.uxTaskGetTaskNumber
                0x00002ad4       0x2a ./src/FreeRTOS/tasks.o
                0x00002ad4                uxTaskGetTaskNumber
 .text.vTaskSetTaskNumber
                0x00002afe       0x24 ./src/FreeRTOS/tasks.o
                0x00002afe                vTaskSetTaskNumber
 .text.prvIdleTask
                0x00002b22        0xe ./src/FreeRTOS/tasks.o
 .text.prvInitialiseTaskLists
                0x00002b30       0x80 ./src/FreeRTOS/tasks.o
 .text.prvCheckTasksWaitingTermination
                0x00002bb0       0x78 ./src/FreeRTOS/tasks.o
 .text.prvDeleteTCB
                0x00002c28       0x20 ./src/FreeRTOS/tasks.o
 .text.prvResetNextTaskUnblockTime
                0x00002c48       0x48 ./src/FreeRTOS/tasks.o
 .text.xTaskGetCurrentTaskHandle
                0x00002c90       0x1c ./src/FreeRTOS/tasks.o
                0x00002c90                xTaskGetCurrentTaskHandle
 .text.xTaskGetSchedulerState
                0x00002cac       0x3c ./src/FreeRTOS/tasks.o
                0x00002cac                xTaskGetSchedulerState
 .text.vTaskPriorityInherit
                0x00002ce8      0x174 ./src/FreeRTOS/tasks.o
                0x00002ce8                vTaskPriorityInherit
 .text.xTaskPriorityDisinherit
                0x00002e5c      0x18c ./src/FreeRTOS/tasks.o
                0x00002e5c                xTaskPriorityDisinherit
 .text.pvTaskIncrementMutexHeldCount
                0x00002fe8       0x28 ./src/FreeRTOS/tasks.o
                0x00002fe8                pvTaskIncrementMutexHeldCount
 .text.prvAddCurrentTaskToDelayedList
                0x00003010       0xcc ./src/FreeRTOS/tasks.o
 .text.GPIO_PinFunction
                0x000030dc       0x86 ./src/gpio.o
                0x000030dc                GPIO_PinFunction
 *fill*         0x00003162        0x2 ff
 .text.NVIC_EnableIRQ
                0x00003164       0x30 ./src/tp4.o
 .text.NVIC_SetPriority
                0x00003194       0x54 ./src/tp4.o
 .text.task_sensor
                0x000031e8       0x60 ./src/tp4.o
                0x000031e8                task_sensor
 .text.task_data
                0x00003248       0x94 ./src/tp4.o
                0x00003248                task_data
 .text.task_send
                0x000032dc       0x54 ./src/tp4.o
                0x000032dc                task_send
 .text.Config   0x00003330       0x38 ./src/tp4.o
                0x00003330                Config
 .text.EINT3_IRQHandler
                0x00003368       0x64 ./src/tp4.o
                0x00003368                EINT3_IRQHandler
 .text.vApplicationTickHook
                0x000033cc        0xc ./src/tp4.o
                0x000033cc                vApplicationTickHook
 .text.vApplicationStackOverflowHook
                0x000033d8        0xc ./src/tp4.o
                0x000033d8                vApplicationStackOverflowHook
 .text.vConfigureTimerForRunTimeStats
                0x000033e4       0x68 ./src/tp4.o
                0x000033e4                vConfigureTimerForRunTimeStats
 .text.main     0x0000344c       0xb4 ./src/tp4.o
                0x0000344c                main
 .text.prvTraceGetQueueNumber
                0x00003500       0x18 ./src/trcKernelPort.o
                0x00003500                prvTraceGetQueueNumber
 .text.prvTraceGetObjectType
                0x00003518       0x18 ./src/trcKernelPort.o
                0x00003518                prvTraceGetObjectType
 .text.prvTraceGetTaskNumberLow16
                0x00003530       0x1a ./src/trcKernelPort.o
                0x00003530                prvTraceGetTaskNumberLow16
 .text.prvTraceGetTaskNumberHigh16
                0x0000354a       0x1c ./src/trcKernelPort.o
                0x0000354a                prvTraceGetTaskNumberHigh16
 .text.prvTraceSetTaskNumberHigh16
                0x00003566       0x2c ./src/trcKernelPort.o
                0x00003566                prvTraceSetTaskNumberHigh16
 .text.prvTraceGetObjectNumberLow16
                0x00003592       0x1a ./src/trcKernelPort.o
                0x00003592                prvTraceGetObjectNumberLow16
 .text.prvTraceGetObjectNumberHigh16
                0x000035ac       0x1c ./src/trcKernelPort.o
                0x000035ac                prvTraceGetObjectNumberHigh16
 .text.prvTraceSetObjectNumberHigh16
                0x000035c8       0x2c ./src/trcKernelPort.o
                0x000035c8                prvTraceSetObjectNumberHigh16
 .text.prvTraceGetCurrentTaskHandle
                0x000035f4        0xe ./src/trcKernelPort.o
                0x000035f4                prvTraceGetCurrentTaskHandle
 *fill*         0x00003602        0x2 ff
 .text.vTraceInitObjectPropertyTable
                0x00003604      0x144 ./src/trcKernelPort.o
                0x00003604                vTraceInitObjectPropertyTable
 .text.vTraceInitObjectHandleStack
                0x00003748       0x9c ./src/trcKernelPort.o
                0x00003748                vTraceInitObjectHandleStack
 .text.pszTraceGetErrorNotEnoughHandles
                0x000037e4       0x7c ./src/trcKernelPort.o
                0x000037e4                pszTraceGetErrorNotEnoughHandles
 .text.prvTraceIsSchedulerSuspended
                0x00003860       0x18 ./src/trcKernelPort.o
                0x00003860                prvTraceIsSchedulerSuspended
 .text.vTraceEnable
                0x00003878       0x44 ./src/trcSnapshotRecorder.o
                0x00003878                vTraceEnable
 .text.uiTraceStart
                0x000038bc       0xd0 ./src/trcSnapshotRecorder.o
                0x000038bc                uiTraceStart
 .text.vTraceStart
                0x0000398c        0xc ./src/trcSnapshotRecorder.o
                0x0000398c                vTraceStart
 .text.vTraceStop
                0x00003998       0x30 ./src/trcSnapshotRecorder.o
                0x00003998                vTraceStop
 .text.xTraceSetISRProperties
                0x000039c8       0x7c ./src/trcSnapshotRecorder.o
                0x000039c8                xTraceSetISRProperties
 .text.vTraceStoreISRBegin
                0x00003a44      0x108 ./src/trcSnapshotRecorder.o
                0x00003a44                vTraceStoreISRBegin
 .text.vTraceStoreISREnd
                0x00003b4c      0x140 ./src/trcSnapshotRecorder.o
                0x00003b4c                vTraceStoreISREnd
 .text.prvTraceStoreTaskReady
                0x00003c8c       0xc8 ./src/trcSnapshotRecorder.o
                0x00003c8c                prvTraceStoreTaskReady
 .text.vTraceStoreMemMangEvent
                0x00003d54      0x114 ./src/trcSnapshotRecorder.o
                0x00003d54                vTraceStoreMemMangEvent
 .text.prvTraceStoreKernelCall
                0x00003e68       0xf8 ./src/trcSnapshotRecorder.o
                0x00003e68                prvTraceStoreKernelCall
 .text.prvTraceStoreKernelCallWithParam
                0x00003f60      0x110 ./src/trcSnapshotRecorder.o
                0x00003f60                prvTraceStoreKernelCallWithParam
 .text.prvTraceGetParam
                0x00004070       0x78 ./src/trcSnapshotRecorder.o
 .text.prvTraceStoreKernelCallWithNumericParamOnly
                0x000040e8       0xc8 ./src/trcSnapshotRecorder.o
                0x000040e8                prvTraceStoreKernelCallWithNumericParamOnly
 .text.prvTraceStoreTaskswitch
                0x000041b0       0xe0 ./src/trcSnapshotRecorder.o
                0x000041b0                prvTraceStoreTaskswitch
 .text.prvTraceSetPriorityProperty
                0x00004290       0x78 ./src/trcSnapshotRecorder.o
                0x00004290                prvTraceSetPriorityProperty
 .text.prvTraceGetPriorityProperty
                0x00004308       0x7c ./src/trcSnapshotRecorder.o
                0x00004308                prvTraceGetPriorityProperty
 .text.prvTraceSetObjectState
                0x00004384       0x78 ./src/trcSnapshotRecorder.o
                0x00004384                prvTraceSetObjectState
 .text.prvTraceGetObjectState
                0x000043fc       0x78 ./src/trcSnapshotRecorder.o
 .text.prvTraceSetTaskInstanceFinished
                0x00004474       0x54 ./src/trcSnapshotRecorder.o
                0x00004474                prvTraceSetTaskInstanceFinished
 .text.prvTraceInitTraceData
                0x000044c8      0x214 ./src/trcSnapshotRecorder.o
 .text.prvTraceNextFreeEventBufferSlot
                0x000046dc       0x4c ./src/trcSnapshotRecorder.o
 .text.uiIndexOfObject
                0x00004728       0xb0 ./src/trcSnapshotRecorder.o
                0x00004728                uiIndexOfObject
 .text.prvTraceGetObjectHandle
                0x000047d8      0x108 ./src/trcSnapshotRecorder.o
                0x000047d8                prvTraceGetObjectHandle
 .text.prvMarkObjectAsUsed
                0x000048e0       0x3c ./src/trcSnapshotRecorder.o
                0x000048e0                prvMarkObjectAsUsed
 .text.prvStrncpy
                0x0000491c       0x4a ./src/trcSnapshotRecorder.o
 *fill*         0x00004966        0x2 ff
 .text.prvTraceSetObjectName
                0x00004968       0xbc ./src/trcSnapshotRecorder.o
                0x00004968                prvTraceSetObjectName
 .text.prvTraceError
                0x00004a24       0x58 ./src/trcSnapshotRecorder.o
                0x00004a24                prvTraceError
 .text.prvCheckDataToBeOverwrittenForMultiEntryEvents
                0x00004a7c      0x11c ./src/trcSnapshotRecorder.o
 .text.prvTraceUpdateCounters
                0x00004b98       0x50 ./src/trcSnapshotRecorder.o
 .text.prvTraceGetDTS
                0x00004be8      0x1ac ./src/trcSnapshotRecorder.o
 .text.prvTraceInitCortexM
                0x00004d94       0x6c ./src/trcSnapshotRecorder.o
                0x00004d94                prvTraceInitCortexM
 .text.prvTracePortGetTimeStamp
                0x00004e00       0x94 ./src/trcSnapshotRecorder.o
                0x00004e00                prvTracePortGetTimeStamp
 .text.UART_Init
                0x00004e94       0x98 ./src/uart.o
                0x00004e94                UART_Init
 .text.UART_SetBaudRate
                0x00004f2c       0xc8 ./src/uart.o
                0x00004f2c                UART_SetBaudRate
 .text.UART_TxChar
                0x00004ff4       0x4c ./src/uart.o
                0x00004ff4                UART_TxChar
 .text.UART_TxString
                0x00005040       0x30 ./src/uart.o
                0x00005040                UART_TxString
 .text.UART_TxNumber
                0x00005070      0x128 ./src/uart.o
                0x00005070                UART_TxNumber
 .text.UART_TxFloatNumber
                0x00005198       0x6c ./src/uart.o
                0x00005198                UART_TxFloatNumber
 .text.UART_Printf
                0x00005204      0x3ac ./src/uart.o
                0x00005204                UART_Printf
 .text.SystemInit
                0x000055b0       0xdc C:\Users\Lucas\Documents\MCUXpressoIDE_11.0.0_2516\workspace\CMSISv2p00_LPC17xx\Debug\libCMSISv2p00_LPC17xx.a(system_LPC17xx.o)
                0x000055b0                SystemInit
 .text.memcpy   0x0000568c        0x4 d:/mcuxpressoide/ide/plugins/com.nxp.mcuxpresso.tools.win32_11.0.0.201905131304/tools/bin/../lib/gcc/arm-none-eabi/8.2.1/../../../../arm-none-eabi/lib/thumb/v7-m/nofp\libcr_c.a(memcpy.o)
                0x0000568c                memcpy
 .text.memset   0x00005690        0x4 d:/mcuxpressoide/ide/plugins/com.nxp.mcuxpresso.tools.win32_11.0.0.201905131304/tools/bin/../lib/gcc/arm-none-eabi/8.2.1/../../../../arm-none-eabi/lib/thumb/v7-m/nofp\libcr_c.a(memset.o)
                0x00005690                memset
 .text.__weak_main
                0x00005694        0x4 d:/mcuxpressoide/ide/plugins/com.nxp.mcuxpresso.tools.win32_11.0.0.201905131304/tools/bin/../lib/gcc/arm-none-eabi/8.2.1/../../../../arm-none-eabi/lib/thumb/v7-m/nofp\libcr_c.a(__weak__main.o)
                0x00005694                __weak_main
                0x00005694                __main
 .text.rand     0x00005698       0x48 d:/mcuxpressoide/ide/plugins/com.nxp.mcuxpresso.tools.win32_11.0.0.201905131304/tools/bin/../lib/gcc/arm-none-eabi/8.2.1/../../../../arm-none-eabi/lib/thumb/v7-m/nofp\libcr_c.a(stdlib.o)
                0x00005698                rand
 .text.__aeabi_d2f
                0x000056e0       0x50 d:/mcuxpressoide/ide/plugins/com.nxp.mcuxpresso.tools.win32_11.0.0.201905131304/tools/bin/../lib/gcc/arm-none-eabi/8.2.1/thumb/v7-m/nofp\libcr_eabihelpers.a(double.o)
                0x000056e0                __aeabi_d2f
 .text.__aeabi_fmul
                0x00005730       0xb0 d:/mcuxpressoide/ide/plugins/com.nxp.mcuxpresso.tools.win32_11.0.0.201905131304/tools/bin/../lib/gcc/arm-none-eabi/8.2.1/thumb/v7-m/nofp\libcr_eabihelpers.a(float.o)
                0x00005730                __aeabi_fmul
 .text.__aeabi_fsub
                0x000057e0       0xe4 d:/mcuxpressoide/ide/plugins/com.nxp.mcuxpresso.tools.win32_11.0.0.201905131304/tools/bin/../lib/gcc/arm-none-eabi/8.2.1/thumb/v7-m/nofp\libcr_eabihelpers.a(float.o)
                0x000057e0                __aeabi_fsub
 .text.__aeabi_fadd
                0x000058c4       0xac d:/mcuxpressoide/ide/plugins/com.nxp.mcuxpresso.tools.win32_11.0.0.201905131304/tools/bin/../lib/gcc/arm-none-eabi/8.2.1/thumb/v7-m/nofp\libcr_eabihelpers.a(float.o)
                0x000058c4                __aeabi_fadd
 .text.__aeabi_f2uiz
                0x00005970       0x28 d:/mcuxpressoide/ide/plugins/com.nxp.mcuxpresso.tools.win32_11.0.0.201905131304/tools/bin/../lib/gcc/arm-none-eabi/8.2.1/thumb/v7-m/nofp\libcr_eabihelpers.a(float.o)
                0x00005970                __aeabi_f2uiz
 .text.__bhs_ui2f
                0x00005998       0x26 d:/mcuxpressoide/ide/plugins/com.nxp.mcuxpresso.tools.win32_11.0.0.201905131304/tools/bin/../lib/gcc/arm-none-eabi/8.2.1/thumb/v7-m/nofp\libcr_eabihelpers.a(float.o)
                0x00005998                __bhs_ui2f
 .text.__aeabi_ui2f
                0x000059be        0x8 d:/mcuxpressoide/ide/plugins/com.nxp.mcuxpresso.tools.win32_11.0.0.201905131304/tools/bin/../lib/gcc/arm-none-eabi/8.2.1/thumb/v7-m/nofp\libcr_eabihelpers.a(float.o)
                0x000059be                __aeabi_ui2f
 .text.__aeabi_memcpy
                0x000059c6       0x34 d:/mcuxpressoide/ide/plugins/com.nxp.mcuxpresso.tools.win32_11.0.0.201905131304/tools/bin/../lib/gcc/arm-none-eabi/8.2.1/thumb/v7-m/nofp\libcr_eabihelpers.a(memcpy.o)
                0x000059c6                __aeabi_memcpy
                0x000059d0                __aeabi_memcpy8
                0x000059d0                __aeabi_memcpy4
 .text.__aeabi_memset_lowlevel
                0x000059fa       0x32 d:/mcuxpressoide/ide/plugins/com.nxp.mcuxpresso.tools.win32_11.0.0.201905131304/tools/bin/../lib/gcc/arm-none-eabi/8.2.1/thumb/v7-m/nofp\libcr_eabihelpers.a(memcpy.o)
                0x000059fa                __aeabi_lowlevel_memset
 *(.rodata .rodata.* .constdata .constdata.*)
 .rodata        0x00005a2c       0x30 ./src/FreeRTOS/tasks.o
 .rodata        0x00005a5c       0xa6 ./src/tp4.o
 *fill*         0x00005b02        0x2 ff
 .rodata        0x00005b04      0x24a ./src/trcKernelPort.o
 *fill*         0x00005d4e        0x2 ff
 .rodata        0x00005d50     0x10f4 ./src/trcSnapshotRecorder.o
 .rodata.UartConfig
                0x00006e44       0x20 ./src/uart.o
                0x00006e44                UartConfig
                0x00006e64                . = ALIGN (0x4)

.glue_7         0x00006e64        0x0
 .glue_7        0x00006e64        0x0 linker stubs

.glue_7t        0x00006e64        0x0
 .glue_7t       0x00006e64        0x0 linker stubs

.vfp11_veneer   0x00006e64        0x0
 .vfp11_veneer  0x00006e64        0x0 linker stubs

.v4_bx          0x00006e64        0x0
 .v4_bx         0x00006e64        0x0 linker stubs

.iplt           0x00006e64        0x0
 .iplt          0x00006e64        0x0 ./src/FreeRTOS/portable/MemMang/heap_4.o

.rel.dyn        0x00006e64        0x0
 .rel.iplt      0x00006e64        0x0 ./src/FreeRTOS/portable/MemMang/heap_4.o

.ARM.extab
 *(.ARM.extab* .gnu.linkonce.armextab.*)
                0x00006e64                __exidx_start = .

.ARM.exidx
 *(.ARM.exidx* .gnu.linkonce.armexidx.*)
                0x00006e64                __exidx_end = .
                0x00006e64                _etext = .

.data_RAM2      0x2007c000        0x0 load address 0x00006e64
 FILL mask 0xff
                [!provide]                PROVIDE (__start_data_RAM2 = .)
 *(.ramfunc.$RAM2)
 *(.ramfunc.$RamAHB32)
 *(.data.$RAM2)
 *(.data.$RamAHB32)
 *(.data.$RAM2.*)
 *(.data.$RamAHB32.*)
                0x2007c000                . = ALIGN (0x4)
                [!provide]                PROVIDE (__end_data_RAM2 = .)

.uninit_RESERVED
                0x10000000        0x0
                0x10000000                . = ALIGN (0x4)
 *(.bss.$RESERVED*)
                0x10000000                . = ALIGN (0x4)
                0x10000000                _end_uninit_RESERVED = .

.data           0x10000000      0x100 load address 0x00006e64
 FILL mask 0xff
                0x10000000                _data = .
 *(vtable)
 *(.ramfunc*)
 *(.data*)
 .data.uxCriticalNesting
                0x10000000        0x4 ./src/FreeRTOS/portable/GCC/ARM_CM3/port.o
 .data.name     0x10000004        0x4 ./src/tp4.o
                0x10000004                name
 .data.TraceObjectClassTable
                0x10000008        0x5 ./src/trcKernelPort.o
                0x10000008                TraceObjectClassTable
 *fill*         0x1000000d        0x3 ff
 .data.readyEventsEnabled
                0x10000010        0x4 ./src/trcSnapshotRecorder.o
 .data.CurrentFilterMask
                0x10000014        0x2 ./src/trcSnapshotRecorder.o
                0x10000014                CurrentFilterMask
 .data.CurrentFilterGroup
                0x10000016        0x2 ./src/trcSnapshotRecorder.o
                0x10000016                CurrentFilterGroup
 .data.SystemCoreClock
                0x10000018        0x4 C:\Users\Lucas\Documents\MCUXpressoIDE_11.0.0_2516\workspace\CMSISv2p00_LPC17xx\Debug\libCMSISv2p00_LPC17xx.a(system_LPC17xx.o)
                0x10000018                SystemCoreClock
 .data._random_j
                0x1000001c        0x4 d:/mcuxpressoide/ide/plugins/com.nxp.mcuxpresso.tools.win32_11.0.0.201905131304/tools/bin/../lib/gcc/arm-none-eabi/8.2.1/../../../../arm-none-eabi/lib/thumb/v7-m/nofp\libcr_c.a(stdlib.o)
 .data._random_k
                0x10000020        0x4 d:/mcuxpressoide/ide/plugins/com.nxp.mcuxpresso.tools.win32_11.0.0.201905131304/tools/bin/../lib/gcc/arm-none-eabi/8.2.1/../../../../arm-none-eabi/lib/thumb/v7-m/nofp\libcr_c.a(stdlib.o)
 .data._random_number_seed
                0x10000024       0xdc d:/mcuxpressoide/ide/plugins/com.nxp.mcuxpresso.tools.win32_11.0.0.201905131304/tools/bin/../lib/gcc/arm-none-eabi/8.2.1/../../../../arm-none-eabi/lib/thumb/v7-m/nofp\libcr_c.a(stdlib.o)
                0x10000100                . = ALIGN (0x4)
                0x10000100                _edata = .

.igot.plt       0x10000100        0x0 load address 0x00006f64
 .igot.plt      0x10000100        0x0 ./src/FreeRTOS/portable/MemMang/heap_4.o

.bss_RAM2       0x2007c000        0x0
                0x2007c000                . = ALIGN (0x4)
                [!provide]                PROVIDE (__start_bss_RAM2 = .)
 *(.bss.$RAM2)
 *(.bss.$RamAHB32)
 *(.bss.$RAM2.*)
 *(.bss.$RamAHB32.*)
                0x2007c000                . = ALIGN ((. != 0x0)?0x4:0x1)
                [!provide]                PROVIDE (__end_bss_RAM2 = .)

.bss            0x10000100     0x4df8
                0x10000100                . = ALIGN (0x4)
                0x10000100                _bss = .
 *(.bss*)
 .bss.ucHeap    0x10000100     0x4c00 ./src/FreeRTOS/portable/MemMang/heap_4.o
 .bss.xStart    0x10004d00        0x8 ./src/FreeRTOS/portable/MemMang/heap_4.o
 .bss.pxEnd     0x10004d08        0x4 ./src/FreeRTOS/portable/MemMang/heap_4.o
 .bss.xFreeBytesRemaining
                0x10004d0c        0x4 ./src/FreeRTOS/portable/MemMang/heap_4.o
 .bss.xMinimumEverFreeBytesRemaining
                0x10004d10        0x4 ./src/FreeRTOS/portable/MemMang/heap_4.o
 .bss.xBlockAllocatedBit
                0x10004d14        0x4 ./src/FreeRTOS/portable/MemMang/heap_4.o
 .bss.ucMaxSysCallPriority
                0x10004d18        0x1 ./src/FreeRTOS/portable/GCC/ARM_CM3/port.o
 *fill*         0x10004d19        0x3 
 .bss.ulMaxPRIGROUPValue
                0x10004d1c        0x4 ./src/FreeRTOS/portable/GCC/ARM_CM3/port.o
 .bss.pxCurrentTCB
                0x10004d20        0x4 ./src/FreeRTOS/tasks.o
                0x10004d20                pxCurrentTCB
 .bss.pxReadyTasksLists
                0x10004d24       0x64 ./src/FreeRTOS/tasks.o
 .bss.xDelayedTaskList1
                0x10004d88       0x14 ./src/FreeRTOS/tasks.o
 .bss.xDelayedTaskList2
                0x10004d9c       0x14 ./src/FreeRTOS/tasks.o
 .bss.pxDelayedTaskList
                0x10004db0        0x4 ./src/FreeRTOS/tasks.o
 .bss.pxOverflowDelayedTaskList
                0x10004db4        0x4 ./src/FreeRTOS/tasks.o
 .bss.xPendingReadyList
                0x10004db8       0x14 ./src/FreeRTOS/tasks.o
 .bss.xTasksWaitingTermination
                0x10004dcc       0x14 ./src/FreeRTOS/tasks.o
 .bss.uxDeletedTasksWaitingCleanUp
                0x10004de0        0x4 ./src/FreeRTOS/tasks.o
 .bss.xSuspendedTaskList
                0x10004de4       0x14 ./src/FreeRTOS/tasks.o
 .bss.uxCurrentNumberOfTasks
                0x10004df8        0x4 ./src/FreeRTOS/tasks.o
 .bss.xTickCount
                0x10004dfc        0x4 ./src/FreeRTOS/tasks.o
 .bss.uxTopReadyPriority
                0x10004e00        0x4 ./src/FreeRTOS/tasks.o
 .bss.xSchedulerRunning
                0x10004e04        0x4 ./src/FreeRTOS/tasks.o
 .bss.uxPendedTicks
                0x10004e08        0x4 ./src/FreeRTOS/tasks.o
 .bss.xYieldPending
                0x10004e0c        0x4 ./src/FreeRTOS/tasks.o
 .bss.xNumOfOverflows
                0x10004e10        0x4 ./src/FreeRTOS/tasks.o
 .bss.uxTaskNumber
                0x10004e14        0x4 ./src/FreeRTOS/tasks.o
 .bss.xNextTaskUnblockTime
                0x10004e18        0x4 ./src/FreeRTOS/tasks.o
 .bss.xIdleTaskHandle
                0x10004e1c        0x4 ./src/FreeRTOS/tasks.o
 .bss.uxSchedulerSuspended
                0x10004e20        0x4 ./src/FreeRTOS/tasks.o
 .bss.ulTaskSwitchedInTime
                0x10004e24        0x4 ./src/FreeRTOS/tasks.o
 .bss.ulTotalRunTime
                0x10004e28        0x4 ./src/FreeRTOS/tasks.o
 .bss.xQueue    0x10004e2c        0x4 ./src/tp4.o
                0x10004e2c                xQueue
 .bss.xSemaphore
                0x10004e30        0x4 ./src/tp4.o
                0x10004e30                xSemaphore
 .bss.eint3Handle
                0x10004e34        0x1 ./src/tp4.o
                0x10004e34                eint3Handle
 *fill*         0x10004e35        0x3 
 .bss.isrstack  0x10004e38        0x8 ./src/trcSnapshotRecorder.o
 .bss.isPendingContextSwitch
                0x10004e40        0x4 ./src/trcSnapshotRecorder.o
                0x10004e40                isPendingContextSwitch
 .bss.uiTraceTickCount
                0x10004e44        0x4 ./src/trcSnapshotRecorder.o
                0x10004e44                uiTraceTickCount
 .bss.trace_disable_timestamp
                0x10004e48        0x4 ./src/trcSnapshotRecorder.o
                0x10004e48                trace_disable_timestamp
 .bss.last_timestamp
                0x10004e4c        0x4 ./src/trcSnapshotRecorder.o
 .bss.recorder_busy
                0x10004e50        0x4 ./src/trcSnapshotRecorder.o
                0x10004e50                recorder_busy
 .bss.timestampFrequency
                0x10004e54        0x4 ./src/trcSnapshotRecorder.o
                0x10004e54                timestampFrequency
 .bss.traceErrorMessage
                0x10004e58        0x4 ./src/trcSnapshotRecorder.o
                0x10004e58                traceErrorMessage
 .bss.nISRactive
                0x10004e5c        0x1 ./src/trcSnapshotRecorder.o
                0x10004e5c                nISRactive
 .bss.handle_of_last_logged_task
                0x10004e5d        0x1 ./src/trcSnapshotRecorder.o
                0x10004e5d                handle_of_last_logged_task
 *fill*         0x10004e5e        0x2 
 .bss.vTraceStopHookPtr
                0x10004e60        0x4 ./src/trcSnapshotRecorder.o
                0x10004e60                vTraceStopHookPtr
 .bss.heapMemUsage
                0x10004e64        0x4 ./src/trcSnapshotRecorder.o
 .bss.objectHandleStacks
                0x10004e68       0x70 ./src/trcSnapshotRecorder.o
                0x10004e68                objectHandleStacks
 .bss.init_hwtc_count
                0x10004ed8        0x4 ./src/trcSnapshotRecorder.o
                0x10004ed8                init_hwtc_count
 .bss.RecorderDataPtr
                0x10004edc        0x4 ./src/trcSnapshotRecorder.o
                0x10004edc                RecorderDataPtr
 .bss.handle.5592
                0x10004ee0        0x1 ./src/trcSnapshotRecorder.o
 *fill*         0x10004ee1        0x3 
 .bss.indexOfHandle.5807
                0x10004ee4        0x4 ./src/trcSnapshotRecorder.o
 .bss.idx.5833  0x10004ee8        0x2 ./src/trcSnapshotRecorder.o
 *fill*         0x10004eea        0x2 
 .bss.old_timestamp.5869
                0x10004eec        0x4 ./src/trcSnapshotRecorder.o
 .bss.last_hwtc_count.5907
                0x10004ef0        0x4 ./src/trcSnapshotRecorder.o
 .bss.last_hwtc_rest.5909
                0x10004ef4        0x4 ./src/trcSnapshotRecorder.o
 *(COMMON)
                0x10004ef8                . = ALIGN (0x4)
                0x10004ef8                _ebss = .
                [!provide]                PROVIDE (end = .)

.noinit_RAM2    0x2007c000        0x0
                0x2007c000                . = ALIGN (0x4)
 *(.noinit.$RAM2)
 *(.noinit.$RamAHB32)
 *(.noinit.$RAM2.*)
 *(.noinit.$RamAHB32.*)
                0x2007c000                . = ALIGN (0x4)

.noinit         0x10004ef8        0x0
                0x10004ef8                . = ALIGN (0x4)
                0x10004ef8                _noinit = .
 *(.noinit*)
                0x10004ef8                . = ALIGN (0x4)
                0x10004ef8                _end_noinit = .
                0x10004ef8                PROVIDE (_pvHeapStart = DEFINED (__user_heap_base)?__user_heap_base:.)
                0x10008000                PROVIDE (_vStackTop = DEFINED (__user_stack_top)?__user_stack_top:(__top_RamLoc32 - 0x0))
                0xefff74de                PROVIDE (__valid_user_code_checksum = (0x0 - ((((((_vStackTop + (ResetISR + 0x1)) + (NMI_Handler + 0x1)) + (HardFault_Handler + 0x1)) + (DEFINED (MemManage_Handler)?MemManage_Handler:0x0 + 0x1)) + (DEFINED (BusFault_Handler)?BusFault_Handler:0x0 + 0x1)) + (DEFINED (UsageFault_Handler)?UsageFault_Handler:0x0 + 0x1))))
                0x00000000                _image_start = LOADADDR (.text)
                0x00006f64                _image_end = (LOADADDR (.data) + SIZEOF (.data))
                0x00006f64                _image_size = (_image_end - _image_start)
OUTPUT(tp4.axf elf32-littlearm)

.debug_info     0x00000000     0xc246
 .debug_info    0x00000000      0x9bd ./src/FreeRTOS/portable/MemMang/heap_4.o
 .debug_info    0x000009bd      0xa84 ./src/FreeRTOS/portable/GCC/ARM_CM3/port.o
 .debug_info    0x00001441      0x8a3 ./src/FreeRTOS/list.o
 .debug_info    0x00001ce4     0x1cee ./src/FreeRTOS/queue.o
 .debug_info    0x000039d2     0x295f ./src/FreeRTOS/tasks.o
 .debug_info    0x00006331      0x276 ./src/cr_startup_lpc175x_6x.o
 .debug_info    0x000065a7       0x40 ./src/crp.o
 .debug_info    0x000065e7      0xaed ./src/gpio.o
 .debug_info    0x000070d4     0x136f ./src/tp4.o
 .debug_info    0x00008443      0x9c8 ./src/trcKernelPort.o
 .debug_info    0x00008e0b     0x23b1 ./src/trcSnapshotRecorder.o
 .debug_info    0x0000b1bc      0xd0d ./src/uart.o
 .debug_info    0x0000bec9      0x37d C:\Users\Lucas\Documents\MCUXpressoIDE_11.0.0_2516\workspace\CMSISv2p00_LPC17xx\Debug\libCMSISv2p00_LPC17xx.a(system_LPC17xx.o)

.debug_abbrev   0x00000000     0x1c52
 .debug_abbrev  0x00000000      0x271 ./src/FreeRTOS/portable/MemMang/heap_4.o
 .debug_abbrev  0x00000271      0x2b8 ./src/FreeRTOS/portable/GCC/ARM_CM3/port.o
 .debug_abbrev  0x00000529      0x18e ./src/FreeRTOS/list.o
 .debug_abbrev  0x000006b7      0x301 ./src/FreeRTOS/queue.o
 .debug_abbrev  0x000009b8      0x396 ./src/FreeRTOS/tasks.o
 .debug_abbrev  0x00000d4e      0x12a ./src/cr_startup_lpc175x_6x.o
 .debug_abbrev  0x00000e78       0x38 ./src/crp.o
 .debug_abbrev  0x00000eb0      0x156 ./src/gpio.o
 .debug_abbrev  0x00001006      0x2da ./src/tp4.o
 .debug_abbrev  0x000012e0      0x1ed ./src/trcKernelPort.o
 .debug_abbrev  0x000014cd      0x3a4 ./src/trcSnapshotRecorder.o
 .debug_abbrev  0x00001871      0x2c5 ./src/uart.o
 .debug_abbrev  0x00001b36      0x11c C:\Users\Lucas\Documents\MCUXpressoIDE_11.0.0_2516\workspace\CMSISv2p00_LPC17xx\Debug\libCMSISv2p00_LPC17xx.a(system_LPC17xx.o)

.debug_aranges  0x00000000      0x8c0
 .debug_aranges
                0x00000000       0x50 ./src/FreeRTOS/portable/MemMang/heap_4.o
 .debug_aranges
                0x00000050       0x78 ./src/FreeRTOS/portable/GCC/ARM_CM3/port.o
 .debug_aranges
                0x000000c8       0x40 ./src/FreeRTOS/list.o
 .debug_aranges
                0x00000108      0x138 ./src/FreeRTOS/queue.o
 .debug_aranges
                0x00000240      0x1f0 ./src/FreeRTOS/tasks.o
 .debug_aranges
                0x00000430       0x80 ./src/cr_startup_lpc175x_6x.o
 .debug_aranges
                0x000004b0       0x18 ./src/crp.o
 .debug_aranges
                0x000004c8       0x40 ./src/gpio.o
 .debug_aranges
                0x00000508       0x78 ./src/tp4.o
 .debug_aranges
                0x00000580       0xb0 ./src/trcKernelPort.o
 .debug_aranges
                0x00000630      0x208 ./src/trcSnapshotRecorder.o
 .debug_aranges
                0x00000838       0x60 ./src/uart.o
 .debug_aranges
                0x00000898       0x28 C:\Users\Lucas\Documents\MCUXpressoIDE_11.0.0_2516\workspace\CMSISv2p00_LPC17xx\Debug\libCMSISv2p00_LPC17xx.a(system_LPC17xx.o)

.debug_ranges   0x00000000      0x7e8
 .debug_ranges  0x00000000       0x40 ./src/FreeRTOS/portable/MemMang/heap_4.o
 .debug_ranges  0x00000040       0x68 ./src/FreeRTOS/portable/GCC/ARM_CM3/port.o
 .debug_ranges  0x000000a8       0x30 ./src/FreeRTOS/list.o
 .debug_ranges  0x000000d8      0x128 ./src/FreeRTOS/queue.o
 .debug_ranges  0x00000200      0x1e0 ./src/FreeRTOS/tasks.o
 .debug_ranges  0x000003e0       0x70 ./src/cr_startup_lpc175x_6x.o
 .debug_ranges  0x00000450       0x30 ./src/gpio.o
 .debug_ranges  0x00000480       0x68 ./src/tp4.o
 .debug_ranges  0x000004e8       0xa0 ./src/trcKernelPort.o
 .debug_ranges  0x00000588      0x1f8 ./src/trcSnapshotRecorder.o
 .debug_ranges  0x00000780       0x50 ./src/uart.o
 .debug_ranges  0x000007d0       0x18 C:\Users\Lucas\Documents\MCUXpressoIDE_11.0.0_2516\workspace\CMSISv2p00_LPC17xx\Debug\libCMSISv2p00_LPC17xx.a(system_LPC17xx.o)

.debug_macro    0x00000000     0x58ec
 .debug_macro   0x00000000      0x17e ./src/FreeRTOS/portable/MemMang/heap_4.o
 .debug_macro   0x0000017e      0xaa2 ./src/FreeRTOS/portable/MemMang/heap_4.o
 .debug_macro   0x00000c20       0x10 ./src/FreeRTOS/portable/MemMang/heap_4.o
 .debug_macro   0x00000c30      0x12e ./src/FreeRTOS/portable/MemMang/heap_4.o
 .debug_macro   0x00000d5e       0x28 ./src/FreeRTOS/portable/MemMang/heap_4.o
 .debug_macro   0x00000d86      0x5b3 ./src/FreeRTOS/portable/MemMang/heap_4.o
 .debug_macro   0x00001339       0x1c ./src/FreeRTOS/portable/MemMang/heap_4.o
 .debug_macro   0x00001355       0x2e ./src/FreeRTOS/portable/MemMang/heap_4.o
 .debug_macro   0x00001383       0x18 ./src/FreeRTOS/portable/MemMang/heap_4.o
 .debug_macro   0x0000139b      0x7af ./src/FreeRTOS/portable/MemMang/heap_4.o
 .debug_macro   0x00001b4a      0x2c7 ./src/FreeRTOS/portable/MemMang/heap_4.o
 .debug_macro   0x00001e11      0x16f ./src/FreeRTOS/portable/MemMang/heap_4.o
 .debug_macro   0x00001f80       0x1c ./src/FreeRTOS/portable/MemMang/heap_4.o
 .debug_macro   0x00001f9c      0x13f ./src/FreeRTOS/portable/MemMang/heap_4.o
 .debug_macro   0x000020db       0x6a ./src/FreeRTOS/portable/MemMang/heap_4.o
 .debug_macro   0x00002145       0xca ./src/FreeRTOS/portable/MemMang/heap_4.o
 .debug_macro   0x0000220f       0x88 ./src/FreeRTOS/portable/MemMang/heap_4.o
 .debug_macro   0x00002297      0x71b ./src/FreeRTOS/portable/MemMang/heap_4.o
 .debug_macro   0x000029b2      0x185 ./src/FreeRTOS/portable/MemMang/heap_4.o
 .debug_macro   0x00002b37      0x168 ./src/FreeRTOS/portable/MemMang/heap_4.o
 .debug_macro   0x00002c9f       0xeb ./src/FreeRTOS/portable/MemMang/heap_4.o
 .debug_macro   0x00002d8a       0x10 ./src/FreeRTOS/portable/MemMang/heap_4.o
 .debug_macro   0x00002d9a       0x1f ./src/FreeRTOS/portable/MemMang/heap_4.o
 .debug_macro   0x00002db9      0x2b1 ./src/FreeRTOS/portable/MemMang/heap_4.o
 .debug_macro   0x0000306a       0xc0 ./src/FreeRTOS/portable/MemMang/heap_4.o
 .debug_macro   0x0000312a       0x8c ./src/FreeRTOS/portable/MemMang/heap_4.o
 .debug_macro   0x000031b6      0x1f7 ./src/FreeRTOS/portable/GCC/ARM_CM3/port.o
 .debug_macro   0x000033ad       0x16 ./src/FreeRTOS/portable/GCC/ARM_CM3/port.o
 .debug_macro   0x000033c3      0x157 ./src/FreeRTOS/list.o
 .debug_macro   0x0000351a      0x1c0 ./src/FreeRTOS/queue.o
 .debug_macro   0x000036da       0x94 ./src/FreeRTOS/queue.o
 .debug_macro   0x0000376e      0x236 ./src/FreeRTOS/tasks.o
 .debug_macro   0x000039a4       0x91 ./src/FreeRTOS/tasks.o
 .debug_macro   0x00003a35       0x10 ./src/FreeRTOS/tasks.o
 .debug_macro   0x00003a45       0x9a ./src/FreeRTOS/tasks.o
 .debug_macro   0x00003adf       0x1d ./src/cr_startup_lpc175x_6x.o
 .debug_macro   0x00003afc       0x1a ./src/crp.o
 .debug_macro   0x00003b16       0x34 ./src/crp.o
 .debug_macro   0x00003b4a       0x87 ./src/gpio.o
 .debug_macro   0x00003bd1      0x224 ./src/gpio.o
 .debug_macro   0x00003df5       0x22 ./src/gpio.o
 .debug_macro   0x00003e17      0x1b2 ./src/tp4.o
 .debug_macro   0x00003fc9       0x82 ./src/tp4.o
 .debug_macro   0x0000404b      0x21d ./src/tp4.o
 .debug_macro   0x00004268      0x170 ./src/tp4.o
 .debug_macro   0x000043d8      0x175 ./src/tp4.o
 .debug_macro   0x0000454d       0x78 ./src/tp4.o
 .debug_macro   0x000045c5      0x15b ./src/trcKernelPort.o
 .debug_macro   0x00004720      0x15e ./src/trcSnapshotRecorder.o
 .debug_macro   0x0000487e       0x16 ./src/trcSnapshotRecorder.o
 .debug_macro   0x00004894       0x10 ./src/trcSnapshotRecorder.o
 .debug_macro   0x000048a4      0x3d7 ./src/trcSnapshotRecorder.o
 .debug_macro   0x00004c7b       0xaa ./src/uart.o
 .debug_macro   0x00004d25      0x12b C:\Users\Lucas\Documents\MCUXpressoIDE_11.0.0_2516\workspace\CMSISv2p00_LPC17xx\Debug\libCMSISv2p00_LPC17xx.a(system_LPC17xx.o)
 .debug_macro   0x00004e50      0xa9c C:\Users\Lucas\Documents\MCUXpressoIDE_11.0.0_2516\workspace\CMSISv2p00_LPC17xx\Debug\libCMSISv2p00_LPC17xx.a(system_LPC17xx.o)

.debug_line     0x00000000     0x7ca3
 .debug_line    0x00000000      0x747 ./src/FreeRTOS/portable/MemMang/heap_4.o
 .debug_line    0x00000747      0x6f8 ./src/FreeRTOS/portable/GCC/ARM_CM3/port.o
 .debug_line    0x00000e3f      0x57b ./src/FreeRTOS/list.o
 .debug_line    0x000013ba     0x13fb ./src/FreeRTOS/queue.o
 .debug_line    0x000027b5     0x1ce9 ./src/FreeRTOS/tasks.o
 .debug_line    0x0000449e      0x160 ./src/cr_startup_lpc175x_6x.o
 .debug_line    0x000045fe       0xa1 ./src/crp.o
 .debug_line    0x0000469f      0x30c ./src/gpio.o
 .debug_line    0x000049ab      0x765 ./src/tp4.o
 .debug_line    0x00005110      0x794 ./src/trcKernelPort.o
 .debug_line    0x000058a4     0x1a78 ./src/trcSnapshotRecorder.o
 .debug_line    0x0000731c      0x57b ./src/uart.o
 .debug_line    0x00007897      0x40c C:\Users\Lucas\Documents\MCUXpressoIDE_11.0.0_2516\workspace\CMSISv2p00_LPC17xx\Debug\libCMSISv2p00_LPC17xx.a(system_LPC17xx.o)

.debug_str      0x00000000    0x1afd6
 .debug_str     0x00000000    0x13053 ./src/FreeRTOS/portable/MemMang/heap_4.o
                              0x13110 (size before relaxing)
 .debug_str     0x00013053      0x71c ./src/FreeRTOS/portable/GCC/ARM_CM3/port.o
                              0x13585 (size before relaxing)
 .debug_str     0x0001376f      0x122 ./src/FreeRTOS/list.o
                              0x12a01 (size before relaxing)
 .debug_str     0x00013891     0x1021 ./src/FreeRTOS/queue.o
                              0x1407d (size before relaxing)
 .debug_str     0x000148b2     0x1f9a ./src/FreeRTOS/tasks.o
                              0x15145 (size before relaxing)
 .debug_str     0x0001684c      0x1ab ./src/cr_startup_lpc175x_6x.o
                               0x2fae (size before relaxing)
 .debug_str     0x000169f7       0xe9 ./src/crp.o
                               0x2ebb (size before relaxing)
 .debug_str     0x00016ae0     0x1134 ./src/gpio.o
                               0x970c (size before relaxing)
 .debug_str     0x00017c14     0x1ba8 ./src/tp4.o
                              0x15d72 (size before relaxing)
 .debug_str     0x000197bc      0x22b ./src/trcKernelPort.o
                              0x13830 (size before relaxing)
 .debug_str     0x000199e7      0xfa3 ./src/trcSnapshotRecorder.o
                              0x1312b (size before relaxing)
 .debug_str     0x0001a98a      0x21d ./src/uart.o
                               0xa249 (size before relaxing)
 .debug_str     0x0001aba7      0x42f C:\Users\Lucas\Documents\MCUXpressoIDE_11.0.0_2516\workspace\CMSISv2p00_LPC17xx\Debug\libCMSISv2p00_LPC17xx.a(system_LPC17xx.o)
                               0x89ca (size before relaxing)

.comment        0x00000000       0x75
 .comment       0x00000000       0x75 ./src/FreeRTOS/portable/MemMang/heap_4.o
                                 0x76 (size before relaxing)
 .comment       0x00000075       0x76 ./src/FreeRTOS/portable/GCC/ARM_CM3/port.o
 .comment       0x00000075       0x76 ./src/FreeRTOS/list.o
 .comment       0x00000075       0x76 ./src/FreeRTOS/queue.o
 .comment       0x00000075       0x76 ./src/FreeRTOS/tasks.o
 .comment       0x00000075       0x76 ./src/cr_startup_lpc175x_6x.o
 .comment       0x00000075       0x76 ./src/crp.o
 .comment       0x00000075       0x76 ./src/gpio.o
 .comment       0x00000075       0x76 ./src/tp4.o
 .comment       0x00000075       0x76 ./src/trcKernelPort.o
 .comment       0x00000075       0x76 ./src/trcSnapshotRecorder.o
 .comment       0x00000075       0x76 ./src/uart.o
 .comment       0x00000075       0x76 C:\Users\Lucas\Documents\MCUXpressoIDE_11.0.0_2516\workspace\CMSISv2p00_LPC17xx\Debug\libCMSISv2p00_LPC17xx.a(system_LPC17xx.o)
 .comment       0x00000075       0x76 d:/mcuxpressoide/ide/plugins/com.nxp.mcuxpresso.tools.win32_11.0.0.201905131304/tools/bin/../lib/gcc/arm-none-eabi/8.2.1/../../../../arm-none-eabi/lib/thumb/v7-m/nofp\libcr_c.a(memcpy.o)
 .comment       0x00000075       0x76 d:/mcuxpressoide/ide/plugins/com.nxp.mcuxpresso.tools.win32_11.0.0.201905131304/tools/bin/../lib/gcc/arm-none-eabi/8.2.1/../../../../arm-none-eabi/lib/thumb/v7-m/nofp\libcr_c.a(memset.o)
 .comment       0x00000075       0x76 d:/mcuxpressoide/ide/plugins/com.nxp.mcuxpresso.tools.win32_11.0.0.201905131304/tools/bin/../lib/gcc/arm-none-eabi/8.2.1/../../../../arm-none-eabi/lib/thumb/v7-m/nofp\libcr_c.a(__weak__main.o)
 .comment       0x00000075       0x76 d:/mcuxpressoide/ide/plugins/com.nxp.mcuxpresso.tools.win32_11.0.0.201905131304/tools/bin/../lib/gcc/arm-none-eabi/8.2.1/../../../../arm-none-eabi/lib/thumb/v7-m/nofp\libcr_c.a(stdlib.o)
 .comment       0x00000075       0x76 d:/mcuxpressoide/ide/plugins/com.nxp.mcuxpresso.tools.win32_11.0.0.201905131304/tools/bin/../lib/gcc/arm-none-eabi/8.2.1/thumb/v7-m/nofp\libcr_eabihelpers.a(double.o)
 .comment       0x00000075       0x76 d:/mcuxpressoide/ide/plugins/com.nxp.mcuxpresso.tools.win32_11.0.0.201905131304/tools/bin/../lib/gcc/arm-none-eabi/8.2.1/thumb/v7-m/nofp\libcr_eabihelpers.a(float.o)

.ARM.attributes
                0x00000000       0x2b
 .ARM.attributes
                0x00000000       0x2d ./src/FreeRTOS/portable/MemMang/heap_4.o
 .ARM.attributes
                0x0000002d       0x2d ./src/FreeRTOS/portable/GCC/ARM_CM3/port.o
 .ARM.attributes
                0x0000005a       0x2d ./src/FreeRTOS/list.o
 .ARM.attributes
                0x00000087       0x2d ./src/FreeRTOS/queue.o
 .ARM.attributes
                0x000000b4       0x2d ./src/FreeRTOS/tasks.o
 .ARM.attributes
                0x000000e1       0x2d ./src/cr_startup_lpc175x_6x.o
 .ARM.attributes
                0x0000010e       0x33 ./src/crp.o
 .ARM.attributes
                0x00000141       0x2d ./src/gpio.o
 .ARM.attributes
                0x0000016e       0x2d ./src/tp4.o
 .ARM.attributes
                0x0000019b       0x2d ./src/trcKernelPort.o
 .ARM.attributes
                0x000001c8       0x2d ./src/trcSnapshotRecorder.o
 .ARM.attributes
                0x000001f5       0x2d ./src/uart.o
 .ARM.attributes
                0x00000222       0x2d C:\Users\Lucas\Documents\MCUXpressoIDE_11.0.0_2516\workspace\CMSISv2p00_LPC17xx\Debug\libCMSISv2p00_LPC17xx.a(system_LPC17xx.o)
 .ARM.attributes
                0x0000024f       0x2d d:/mcuxpressoide/ide/plugins/com.nxp.mcuxpresso.tools.win32_11.0.0.201905131304/tools/bin/../lib/gcc/arm-none-eabi/8.2.1/../../../../arm-none-eabi/lib/thumb/v7-m/nofp\libcr_c.a(memcpy.o)
 .ARM.attributes
                0x0000027c       0x2d d:/mcuxpressoide/ide/plugins/com.nxp.mcuxpresso.tools.win32_11.0.0.201905131304/tools/bin/../lib/gcc/arm-none-eabi/8.2.1/../../../../arm-none-eabi/lib/thumb/v7-m/nofp\libcr_c.a(memset.o)
 .ARM.attributes
                0x000002a9       0x2d d:/mcuxpressoide/ide/plugins/com.nxp.mcuxpresso.tools.win32_11.0.0.201905131304/tools/bin/../lib/gcc/arm-none-eabi/8.2.1/../../../../arm-none-eabi/lib/thumb/v7-m/nofp\libcr_c.a(__weak__main.o)
 .ARM.attributes
                0x000002d6       0x2d d:/mcuxpressoide/ide/plugins/com.nxp.mcuxpresso.tools.win32_11.0.0.201905131304/tools/bin/../lib/gcc/arm-none-eabi/8.2.1/../../../../arm-none-eabi/lib/thumb/v7-m/nofp\libcr_c.a(stdlib.o)
 .ARM.attributes
                0x00000303       0x2d d:/mcuxpressoide/ide/plugins/com.nxp.mcuxpresso.tools.win32_11.0.0.201905131304/tools/bin/../lib/gcc/arm-none-eabi/8.2.1/thumb/v7-m/nofp\libcr_eabihelpers.a(double.o)
 .ARM.attributes
                0x00000330       0x2d d:/mcuxpressoide/ide/plugins/com.nxp.mcuxpresso.tools.win32_11.0.0.201905131304/tools/bin/../lib/gcc/arm-none-eabi/8.2.1/thumb/v7-m/nofp\libcr_eabihelpers.a(float.o)
 .ARM.attributes
                0x0000035d       0x1b d:/mcuxpressoide/ide/plugins/com.nxp.mcuxpresso.tools.win32_11.0.0.201905131304/tools/bin/../lib/gcc/arm-none-eabi/8.2.1/thumb/v7-m/nofp\libcr_eabihelpers.a(memcpy.o)

.debug_frame    0x00000000     0x2284
 .debug_frame   0x00000000      0x108 ./src/FreeRTOS/portable/MemMang/heap_4.o
 .debug_frame   0x00000108      0x18c ./src/FreeRTOS/portable/GCC/ARM_CM3/port.o
 .debug_frame   0x00000294       0xd8 ./src/FreeRTOS/list.o
 .debug_frame   0x0000036c      0x57c ./src/FreeRTOS/queue.o
 .debug_frame   0x000008e8      0x884 ./src/FreeRTOS/tasks.o
 .debug_frame   0x0000116c      0x170 ./src/cr_startup_lpc175x_6x.o
 .debug_frame   0x000012dc       0xd8 ./src/gpio.o
 .debug_frame   0x000013b4      0x1a4 ./src/tp4.o
 .debug_frame   0x00001558      0x2b4 ./src/trcKernelPort.o
 .debug_frame   0x0000180c      0x8c4 ./src/trcSnapshotRecorder.o
 .debug_frame   0x000020d0      0x178 ./src/uart.o
 .debug_frame   0x00002248       0x3c C:\Users\Lucas\Documents\MCUXpressoIDE_11.0.0_2516\workspace\CMSISv2p00_LPC17xx\Debug\libCMSISv2p00_LPC17xx.a(system_LPC17xx.o)
