core_cm3.h:928:22:NVIC_EnableIRQ	16	static
EjercicioParcial_PWM.c:40:5:main	8	static
EjercicioParcial_PWM.c:47:6:configPins	16	static
EjercicioParcial_PWM.c:69:6:configGPIO	8	static
EjercicioParcial_PWM.c:74:6:configSystick	8	static
EjercicioParcial_PWM.c:79:6:configAdc	8	static
EjercicioParcial_PWM.c:87:6:configTimer	32	static
EjercicioParcial_PWM.c:105:6:init	8	static
EjercicioParcial_PWM.c:111:6:ADC_IRQHandler	16	static
EjercicioParcial_PWM.c:123:6:TIMER0_IRQHandler	8	static
EjercicioParcial_PWM.c:133:6:Systick_Handler	8	static
